[syrax-49:711814] SET LD_LIBRARY_PATH=/home/suweigao/mynccl/ext-net/mpib:/home/suweigao/mynccl/build/lib:
[syrax-49:711814] SET NCCL_DEBUG=INFO
[syrax-49:711814] SET NCCL_DEBUG_SUBSYS=INIT,NET,GRAPH
[syrax-49:711814] SET MPIB_HCA_SOUT=mlx5_0
[syrax-49:711814] SET MPIB_HCA_SUP=mlx5_1
[syrax-49:711814] SET MPIB_OOB_IF=ens28f0np0
[syrax-49:711814] SET MPIB_IB_GID_INDEX=3
[syrax-49:711814] SET MPIB_MODE=0
[syrax-49:711814] SET NCCL_IB_HCA=mlx5_0
[syrax-49:711814] SET UCX_NET_DEVICES=ens28f0np0
[syrax-49:711814] SET NCCL_NET_GDR_LEVEL=0
# nccl-tests version 2.17.9 nccl-headers=22902 nccl-library=22902
# Collective test starting: all_reduce_perf
# nThread 1 nGpus 1 minBytes 8 maxBytes 1073741824 step: 2(factor) warmup iters: 1 iters: 20 agg iters: 1 validation: 1 graph: 0
#
# Using devices
#  Rank  0 Group  0 Pid 711925 on   syrax-49 device  0 [0000:b0:00] NVIDIA RTX PRO 6000 Blackwell Server Edition
#  Rank  1 Group  0 Pid 1609117 on  eat-tacos device  0 [0000:b2:00] NVIDIA RTX PRO 6000 Blackwell Server Edition
syrax-49:711925:711925 [0] NCCL INFO ENV/Plugin: Could not find: libnccl-env.so
syrax-49:711925:711925 [0] NCCL INFO cudaDriverVersion 13000
syrax-49:711925:711925 [0] NCCL INFO NCCL version 2.29.2+cuda13.1
syrax-49:711925:711925 [0] NCCL INFO NCCL git version master 3266b26
eat-tacos:1609117:1609117 [0] NCCL INFO ENV/Plugin: Could not find: libnccl-env.so
eat-tacos:1609117:1609117 [0] NCCL INFO cudaDriverVersion 13000
eat-tacos:1609117:1609117 [0] NCCL INFO NCCL version 2.29.2+cuda13.1
eat-tacos:1609117:1609117 [0] NCCL INFO NCCL git version master 3266b26
syrax-49:711925:711925 [0] NCCL INFO NET/Plugin: Could not find: libnccl-net.so
syrax-49:711925:711925 [0] NCCL INFO NCCL_IB_HCA set to mlx5_0
syrax-49:711925:711925 [0] NCCL INFO NET/IB: [0] mlx5_0:uverbs0:1/RoCE provider=Mlx5 speed=200000 context=0x5d5870751240 pciPath=/sys/devices/pci0000:ab/0000:ab:02.0/0000:ac:00.0/0000:ad:00.0/0000:ae:00.0 ar=0
syrax-49:711925:711925 [0] NCCL INFO NET/IB : Made virtual device [0] name=mlx5_0 speed=200000 ndevs=1
syrax-49:711925:711925 [0] NCCL INFO NET/IB : Using [0]mlx5_0:1/RoCE [RO]; OOB ens28f0np0:10.93.226.199<0>
syrax-49:711925:711925 [0] NCCL INFO Initialized NET plugin IB
syrax-49:711925:711925 [0] NCCL INFO Assigned NET plugin IB to comm
syrax-49:711925:711925 [0] NCCL INFO Assigned GIN plugin GIN_IB_GDAKI to comm
syrax-49:711925:711925 [0] NCCL INFO Assigned RMA plugin GIN_IB_PROXY to comm
syrax-49:711925:711925 [0] NCCL INFO Using network IB
syrax-49:711925:711925 [0] NCCL INFO DMA-BUF is available on GPU device 0
syrax-49:711925:711925 [0] NCCL INFO [Rank 0] ncclCommInitRankConfig comm 0x5d586a131880 rank 0 nranks 2 cudaDev 0 nvmlDev 0 busId b0000 commId 0xbd2de2909704611f - Init START
eat-tacos:1609117:1609117 [0] NCCL INFO NET/Plugin: Could not find: libnccl-net.so
eat-tacos:1609117:1609117 [0] NCCL INFO NCCL_IB_HCA set to mlx5_0
eat-tacos:1609117:1609117 [0] NCCL INFO NET/IB: [0] mlx5_0:uverbs0:1/RoCE provider=Mlx5 speed=200000 context=0x5d3a2fdce4c0 pciPath=/sys/devices/pci0000:ad/0000:ad:02.0/0000:ae:00.0/0000:af:00.0/0000:b0:00.0 ar=0
eat-tacos:1609117:1609117 [0] NCCL INFO NET/IB : Made virtual device [0] name=mlx5_0 speed=200000 ndevs=1
eat-tacos:1609117:1609117 [0] NCCL INFO NET/IB : Using [0]mlx5_0:1/RoCE [RO]; OOB ens28f0np0:10.93.226.200<0>
eat-tacos:1609117:1609117 [0] NCCL INFO Initialized NET plugin IB
eat-tacos:1609117:1609117 [0] NCCL INFO Assigned NET plugin IB to comm
eat-tacos:1609117:1609117 [0] NCCL INFO Assigned GIN plugin GIN_IB_GDAKI to comm
eat-tacos:1609117:1609117 [0] NCCL INFO Assigned RMA plugin GIN_IB_PROXY to comm
eat-tacos:1609117:1609117 [0] NCCL INFO Using network IB
eat-tacos:1609117:1609117 [0] NCCL INFO DMA-BUF is available on GPU device 0
eat-tacos:1609117:1609117 [0] NCCL INFO [Rank 1] ncclCommInitRankConfig comm 0x5d3a297a98d0 rank 1 nranks 2 cudaDev 0 nvmlDev 0 busId b2000 commId 0xbd2de2909704611f - Init START
syrax-49:711925:711925 [0] NCCL INFO RAS client listening socket at 127.0.0.1<28028>
eat-tacos:1609117:1609117 [0] NCCL INFO RAS client listening socket at 127.0.0.1<28028>
syrax-49:711925:711925 [0] NCCL INFO TOPO/NET : Importing network plugins to topology
syrax-49:711925:711925 [0] NCCL INFO NET/IB : GPU Direct RDMA Enabled for HCA 0 'mlx5_0'
syrax-49:711925:711925 [0] NCCL INFO ncclTopoPopulateNics : Filled mlx5_0 in topo with pciPath=/sys/devices/pci0000:ab/0000:ab:02.0/0000:ac:00.0/0000:ad:00.0/0000:ae:00.0 keep=1 coll=(null)
eat-tacos:1609117:1609117 [0] NCCL INFO TOPO/NET : Importing network plugins to topology
eat-tacos:1609117:1609117 [0] NCCL INFO NET/IB : GPU Direct RDMA Enabled for HCA 0 'mlx5_0'
eat-tacos:1609117:1609117 [0] NCCL INFO ncclTopoPopulateNics : Filled mlx5_0 in topo with pciPath=/sys/devices/pci0000:ad/0000:ad:02.0/0000:ae:00.0/0000:af:00.0/0000:b0:00.0 keep=1 coll=(null)
syrax-49:711925:711925 [0] NCCL INFO NCCL_NET_GDR_LEVEL set by environment to LOC
syrax-49:711925:711925 [0] NCCL INFO GPU Direct RDMA Disabled for GPU/0-720896 (rank 0) - NET/0-0 (distance 4 > 0)
syrax-49:711925:711925 [0] NCCL INFO GPU Direct RDMA Disabled for GPU/0-720896 (rank 0) - NET/0-0 (distance 4 > 0)
syrax-49:711925:711925 [0] NCCL INFO === System : maxBw 25.0 totalBw 48.0 ===
syrax-49:711925:711925 [0] NCCL INFO CPU/0-0 (1/1/3)
syrax-49:711925:711925 [0] NCCL INFO + PCI[48.0] - PCI/0-ac000 (1000c0301000100b)
syrax-49:711925:711925 [0] NCCL INFO               + PCI[48.0] - NIC/0-ae000
syrax-49:711925:711925 [0] NCCL INFO                             + NET[25.0] - NET/0-0 (0/ae837e0003499ee8/1/25.000000)
syrax-49:711925:711925 [0] NCCL INFO               + PCI[48.0] - GPU/0-b0000 (0)
syrax-49:711925:711925 [0] NCCL INFO ==========================================
syrax-49:711925:711925 [0] NCCL INFO GPU/0-b0000 :GPU/0-b0000 (0/5000.0/LOC) CPU/0-0 (2/48.0/PHB) NET/0-0 (5/25.0/PHB) 
syrax-49:711925:711925 [0] NCCL INFO NET/0-0 :GPU/0-b0000 (5/25.0/PHB) CPU/0-0 (3/25.0/PHB) NET/0-0 (0/5000.0/LOC) 
syrax-49:711925:711925 [0] NCCL INFO ncclTopoGetCpuAffinity: Affinity for GPU 0 is 0-31,64-95. (GPU affinity = 0-31,64-95 ; CPU affinity = 0-31,64-95).
syrax-49:711925:711925 [0] NCCL INFO Pattern 4, crossNic 0, nChannels 1, bw 20.000000/20.000000, type LOC/PHB, sameChannels 1
syrax-49:711925:711925 [0] NCCL INFO  0 : NET/0-0 GPU/0-b0000 NET/0-0
syrax-49:711925:711925 [0] NCCL INFO Pattern 3, crossNic 0, nChannels 1, bw 40.000000/20.000000, type LOC/PHB, sameChannels 1
syrax-49:711925:711925 [0] NCCL INFO  0 : NET/0-0 GPU/0-b0000 NET/0-0
eat-tacos:1609117:1609117 [0] NCCL INFO NCCL_NET_GDR_LEVEL set by environment to LOC
eat-tacos:1609117:1609117 [0] NCCL INFO GPU Direct RDMA Disabled for GPU/0-729088 (rank 1) - NET/0-0 (distance 4 > 0)
eat-tacos:1609117:1609117 [0] NCCL INFO GPU Direct RDMA Disabled for GPU/0-729088 (rank 1) - NET/0-0 (distance 4 > 0)
eat-tacos:1609117:1609117 [0] NCCL INFO === System : maxBw 25.0 totalBw 48.0 ===
eat-tacos:1609117:1609117 [0] NCCL INFO CPU/0-0 (1/1/3)
eat-tacos:1609117:1609117 [0] NCCL INFO + PCI[48.0] - PCI/0-ae000 (1000c0301000100b)
eat-tacos:1609117:1609117 [0] NCCL INFO               + PCI[48.0] - NIC/0-b0000
eat-tacos:1609117:1609117 [0] NCCL INFO                             + NET[25.0] - NET/0-0 (0/6e837e0003499ee8/1/25.000000)
eat-tacos:1609117:1609117 [0] NCCL INFO               + PCI[48.0] - GPU/0-b2000 (1)
eat-tacos:1609117:1609117 [0] NCCL INFO ==========================================
eat-tacos:1609117:1609117 [0] NCCL INFO GPU/0-b2000 :GPU/0-b2000 (0/5000.0/LOC) CPU/0-0 (2/48.0/PHB) NET/0-0 (5/25.0/PHB) 
eat-tacos:1609117:1609117 [0] NCCL INFO NET/0-0 :GPU/0-b2000 (5/25.0/PHB) CPU/0-0 (3/25.0/PHB) NET/0-0 (0/5000.0/LOC) 
eat-tacos:1609117:1609117 [0] NCCL INFO ncclTopoGetCpuAffinity: Affinity for GPU 0 is 0-63,128-191. (GPU affinity = 0-63,128-191 ; CPU affinity = 0-63,128-191).
eat-tacos:1609117:1609117 [0] NCCL INFO Pattern 4, crossNic 0, nChannels 1, bw 20.000000/20.000000, type LOC/PHB, sameChannels 1
eat-tacos:1609117:1609117 [0] NCCL INFO  0 : NET/0-0 GPU/0-b2000 NET/0-0
eat-tacos:1609117:1609117 [0] NCCL INFO Pattern 3, crossNic 0, nChannels 1, bw 40.000000/20.000000, type LOC/PHB, sameChannels 1
eat-tacos:1609117:1609117 [0] NCCL INFO  0 : NET/0-0 GPU/0-b2000 NET/0-0
eat-tacos:1609117:1609117 [0] NCCL INFO comm 0x5d3a297a98d0 rank 1 nRanks 2 nNodes 2 localRanks 1 localRank 0 MNNVL 0
eat-tacos:1609117:1609117 [0] NCCL INFO Tree 0 : 0 -> 1 -> -1/-1/-1
eat-tacos:1609117:1609117 [0] NCCL INFO Tree 1 : -1 -> 1 -> 0/-1/-1
eat-tacos:1609117:1609117 [0] NCCL INFO Ring 00 : 0 -> 1 -> 0
eat-tacos:1609117:1609117 [0] NCCL INFO Ring 01 : 0 -> 1 -> 0
eat-tacos:1609117:1609117 [0] NCCL INFO Trees [0] -1/-1/-1->1->0 [1] 0/-1/-1->1->-1
eat-tacos:1609117:1609117 [0] NCCL INFO P2P Chunksize set to 131072
eat-tacos:1609117:1609117 [0] NCCL INFO PROFILER/Plugin: Could not find: libnccl-profiler.so
eat-tacos:1609117:1609117 [0] NCCL INFO Check P2P Type isAllDirectP2p 1 directMode 0 isAllCudaP2p 1
eat-tacos:1609117:1609117 [0] NCCL INFO ncclP2pSchedule: group size used is 1
syrax-49:711925:711925 [0] NCCL INFO comm 0x5d586a131880 rank 0 nRanks 2 nNodes 2 localRanks 1 localRank 0 MNNVL 0
syrax-49:711925:711925 [0] NCCL INFO Tree 0 : -1 -> 0 -> 1/-1/-1
syrax-49:711925:711925 [0] NCCL INFO Tree 1 : 1 -> 0 -> -1/-1/-1
syrax-49:711925:711925 [0] NCCL INFO Channel 00/02 : 0 1
syrax-49:711925:711925 [0] NCCL INFO Channel 01/02 : 0 1
syrax-49:711925:711925 [0] NCCL INFO Ring 00 : 1 -> 0 -> 1
syrax-49:711925:711925 [0] NCCL INFO Ring 01 : 1 -> 0 -> 1
syrax-49:711925:711925 [0] NCCL INFO Trees [0] 1/-1/-1->0->-1 [1] -1/-1/-1->0->1
syrax-49:711925:711925 [0] NCCL INFO P2P Chunksize set to 131072
syrax-49:711925:711925 [0] NCCL INFO PROFILER/Plugin: Could not find: libnccl-profiler.so
syrax-49:711925:711925 [0] NCCL INFO Check P2P Type isAllDirectP2p 1 directMode 0 isAllCudaP2p 1
eat-tacos:1609117:1609170 [0] NCCL INFO [Proxy Service] Device 0 CPU core 174
syrax-49:711925:711925 [0] NCCL INFO ncclP2pSchedule: group size used is 1
syrax-49:711925:711942 [0] NCCL INFO [Proxy Service] Device 0 CPU core 72
syrax-49:711925:711943 [0] NCCL INFO [Proxy Service UDS] Device 0 CPU core 9
syrax-49:711925:711925 [0] NCCL INFO TUNER/Plugin: Could not find: libnccl-tuner.so
syrax-49:711925:711925 [0] NCCL INFO threadThresholds 8/8/64 | 16/8/64 | 512 | 512
syrax-49:711925:711925 [0] NCCL INFO 2 coll channels, 2 collnet channels, 0 nvls channels, 2 p2p channels, 2 p2p channels per peer
syrax-49:711925:711925 [0] NCCL INFO CC Off, workFifoBytes 1048576
syrax-49:711925:711925 [0] NCCL INFO ncclCommInitRankConfig comm 0x5d586a131880 rank 0 nranks 2 cudaDev 0 nvmlDev 0 busId b0000 commId 0xbd2de2909704611f - Init COMPLETE
syrax-49:711925:711925 [0] NCCL INFO Init timings - ncclCommInitRankConfig: rank 0 nranks 2 total 0.54 (kernels 0.29, alloc 0.09, bootstrap 0.15, allgathers 0.00, topo 0.00, graphs 0.00, connections 0.00, rest 0.00)
eat-tacos:1609117:1609171 [0] NCCL INFO [Proxy Service UDS] Device 0 CPU core 179
eat-tacos:1609117:1609117 [0] NCCL INFO TUNER/Plugin: Could not find: libnccl-tuner.so
eat-tacos:1609117:1609117 [0] NCCL INFO threadThresholds 8/8/64 | 16/8/64 | 512 | 512
eat-tacos:1609117:1609117 [0] NCCL INFO 2 coll channels, 2 collnet channels, 0 nvls channels, 2 p2p channels, 2 p2p channels per peer
eat-tacos:1609117:1609117 [0] NCCL INFO ncclCommInitRankConfig comm 0x5d3a297a98d0 rank 1 nranks 2 cudaDev 0 nvmlDev 0 busId b2000 commId 0xbd2de2909704611f - Init COMPLETE
eat-tacos:1609117:1609117 [0] NCCL INFO Init timings - ncclCommInitRankConfig: rank 1 nranks 2 total 0.54 (kernels 0.40, alloc 0.13, bootstrap 0.00, allgathers 0.00, topo 0.01, graphs 0.00, connections 0.00, rest 0.00)
#
#                                                              out-of-place                       in-place          
#       size         count      type   redop    root     time   algbw   busbw  #wrong     time   algbw   busbw  #wrong 
#        (B)    (elements)                               (us)  (GB/s)  (GB/s)             (us)  (GB/s)  (GB/s)         
syrax-49:711925:711925 [0] NCCL INFO Symmetric VA size=96GB
syrax-49:711925:711925 [0] NCCL INFO GPU Direct RDMA Disabled for GPU/0-720896 (rank 0) - NET/0-0 (distance 8 > 0)
eat-tacos:1609117:1609117 [0] NCCL INFO Symmetric VA size=96GB
eat-tacos:1609117:1609117 [0] NCCL INFO GPU Direct RDMA Disabled for GPU/0-729088 (rank 1) - NET/0-0 (distance 8 > 0)
eat-tacos:1609117:1609170 [0] NCCL INFO New proxy recv connection 0 from local rank 0, transport 2
eat-tacos:1609117:1609172 [0] NCCL INFO [Proxy Progress] Device 0 CPU core 173
eat-tacos:1609117:1609117 [0] NCCL INFO Connected to proxy localRank 0 -> connection 0x7fd244000d20
eat-tacos:1609117:1609117 [0] NCCL INFO Channel 00/0 : 0[0] -> 1[0] [receive] via NET/IB/0
eat-tacos:1609117:1609117 [0] NCCL INFO GPU Direct RDMA Disabled for GPU/0-729088 (rank 1) - NET/0-0 (distance 8 > 0)
eat-tacos:1609117:1609170 [0] NCCL INFO New proxy recv connection 1 from local rank 0, transport 2
eat-tacos:1609117:1609117 [0] NCCL INFO Connected to proxy localRank 0 -> connection 0x7fd244000d98
eat-tacos:1609117:1609117 [0] NCCL INFO Channel 01/0 : 0[0] -> 1[0] [receive] via NET/IB/0
eat-tacos:1609117:1609117 [0] NCCL INFO GPU Direct RDMA Disabled for GPU/0-729088 (rank 1) - NET/0-0 (distance 8 > 0)
eat-tacos:1609117:1609170 [0] NCCL INFO New proxy send connection 2 from local rank 0, transport 2
eat-tacos:1609117:1609117 [0] NCCL INFO Connected to proxy localRank 0 -> connection 0x7fd244000e10
eat-tacos:1609117:1609117 [0] NCCL INFO Channel 00/0 : 1[0] -> 0[0] [send] via NET/IB/0
eat-tacos:1609117:1609117 [0] NCCL INFO GPU Direct RDMA Disabled for GPU/0-729088 (rank 1) - NET/0-0 (distance 8 > 0)
eat-tacos:1609117:1609170 [0] NCCL INFO New proxy send connection 3 from local rank 0, transport 2
eat-tacos:1609117:1609117 [0] NCCL INFO Connected to proxy localRank 0 -> connection 0x7fd244000e88
eat-tacos:1609117:1609117 [0] NCCL INFO Channel 01/0 : 1[0] -> 0[0] [send] via NET/IB/0
syrax-49:711925:711942 [0] NCCL INFO New proxy recv connection 0 from local rank 0, transport 2
syrax-49:711925:711944 [0] NCCL INFO [Proxy Progress] Device 0 CPU core 10
syrax-49:711925:711925 [0] NCCL INFO Connected to proxy localRank 0 -> connection 0x7833b0000d20
syrax-49:711925:711925 [0] NCCL INFO Channel 00/0 : 1[0] -> 0[0] [receive] via NET/IB/0
syrax-49:711925:711925 [0] NCCL INFO GPU Direct RDMA Disabled for GPU/0-720896 (rank 0) - NET/0-0 (distance 8 > 0)
syrax-49:711925:711942 [0] NCCL INFO New proxy recv connection 1 from local rank 0, transport 2
syrax-49:711925:711925 [0] NCCL INFO Connected to proxy localRank 0 -> connection 0x7833b0000d98
syrax-49:711925:711925 [0] NCCL INFO Channel 01/0 : 1[0] -> 0[0] [receive] via NET/IB/0
syrax-49:711925:711925 [0] NCCL INFO GPU Direct RDMA Disabled for GPU/0-720896 (rank 0) - NET/0-0 (distance 8 > 0)
syrax-49:711925:711942 [0] NCCL INFO New proxy send connection 2 from local rank 0, transport 2
syrax-49:711925:711925 [0] NCCL INFO Connected to proxy localRank 0 -> connection 0x7833b0000e10
syrax-49:711925:711925 [0] NCCL INFO Channel 00/0 : 0[0] -> 1[0] [send] via NET/IB/0
syrax-49:711925:711925 [0] NCCL INFO GPU Direct RDMA Disabled for GPU/0-720896 (rank 0) - NET/0-0 (distance 8 > 0)
syrax-49:711925:711942 [0] NCCL INFO New proxy send connection 3 from local rank 0, transport 2
syrax-49:711925:711925 [0] NCCL INFO Connected to proxy localRank 0 -> connection 0x7833b0000e88
syrax-49:711925:711925 [0] NCCL INFO Channel 01/0 : 0[0] -> 1[0] [send] via NET/IB/0
eat-tacos:1609117:1609170 [0] NCCL INFO NET/IB: NCCL Dev 0 IbDev 0 Port 1 qpn 18265 mtu 5 GID 3 (0/502000AFFFF0000) ctsFifoRkey=0x17a764 ctsFifoLkey=0x17a764
eat-tacos:1609117:1609170 [0] NCCL INFO NET/IB: IbDev 0 Port 1 qpn 18265 query_ece={supported=1, vendor_id=0x15b3, options=0x30000002, comp_mask=0x0}
syrax-49:711925:711942 [0] NCCL INFO NET/IB: NCCL Dev 0 IbDev 0 Port 1 qpn 18696 mtu 5 GID 3 (0/201000AFFFF0000) ctsFifoRkey=0x17e19c ctsFifoLkey=0x17e19c
syrax-49:711925:711942 [0] NCCL INFO NET/IB: IbDev 0 Port 1 qpn 18696 query_ece={supported=1, vendor_id=0x15b3, options=0x30000002, comp_mask=0x0}
eat-tacos:1609117:1609170 [0] NCCL INFO NET/IB: IbDev 0 Port 1 qpn 18265 set_ece={supported=1, vendor_id=0x15b3, options=0x30000002, comp_mask=0x0}
syrax-49:711925:711942 [0] NCCL INFO NET/IB: IbDev 0 Port 1 qpn 18696 set_ece={supported=1, vendor_id=0x15b3, options=0x30000002, comp_mask=0x0}
syrax-49:711925:711942 [0] NCCL INFO NET/IB: NCCL Dev 0 IbDev 0 Port 1 qpn 18699 mtu 5 GID 3 (0/201000AFFFF0000) ctsFifoRkey=0x1809c7 ctsFifoLkey=0x1809c7
syrax-49:711925:711942 [0] NCCL INFO NET/IB: IbDev 0 Port 1 qpn 18699 query_ece={supported=1, vendor_id=0x15b3, options=0x30000002, comp_mask=0x0}
syrax-49:711925:711942 [0] NCCL INFO NET/IB: IbDev 0 Port 1 qpn 18699 set_ece={supported=1, vendor_id=0x15b3, options=0x30000002, comp_mask=0x0}
eat-tacos:1609117:1609170 [0] NCCL INFO NET/IB: NCCL Dev 0 IbDev 0 Port 1 qpn 18270 mtu 5 GID 3 (0/502000AFFFF0000) ctsFifoRkey=0x17bf7c ctsFifoLkey=0x17bf7c
eat-tacos:1609117:1609170 [0] NCCL INFO NET/IB: IbDev 0 Port 1 qpn 18270 query_ece={supported=1, vendor_id=0x15b3, options=0x30000002, comp_mask=0x0}
eat-tacos:1609117:1609170 [0] NCCL INFO NET/IB: IbDev 0 Port 1 qpn 18270 set_ece={supported=1, vendor_id=0x15b3, options=0x30000002, comp_mask=0x0}
syrax-49:711925:711925 [0] NCCL INFO Connected all rings, use ring PXN 0 GDR 0
eat-tacos:1609117:1609117 [0] NCCL INFO Connected all rings, use ring PXN 0 GDR 0
           8             2     float     sum      -1    23.43    0.00    0.00       0    21.86    0.00    0.00       0
          16             4     float     sum      -1    23.06    0.00    0.00       0    22.15    0.00    0.00       0
          32             8     float     sum      -1    22.94    0.00    0.00       0    22.81    0.00    0.00       0
          64            16     float     sum      -1    23.29    0.00    0.00       0    23.19    0.00    0.00       0
         128            32     float     sum      -1    23.80    0.01    0.01       0    23.45    0.01    0.01       0
         256            64     float     sum      -1    24.92    0.01    0.01       0    24.19    0.01    0.01       0
         512           128     float     sum      -1    24.25    0.02    0.02       0    24.23    0.02    0.02       0
        1024           256     float     sum      -1    25.12    0.04    0.04       0    24.63    0.04    0.04       0
        2048           512     float     sum      -1    25.96    0.08    0.08       0    25.67    0.08    0.08       0
        4096          1024     float     sum      -1    27.30    0.15    0.15       0    26.66    0.15    0.15       0
        8192          2048     float     sum      -1    36.36    0.23    0.23       0    35.61    0.23    0.23       0
       16384          4096     float     sum      -1    38.97    0.42    0.42       0    37.71    0.43    0.43       0
       32768          8192     float     sum      -1    39.86    0.82    0.82       0    38.81    0.84    0.84       0
       65536         16384     float     sum      -1    50.82    1.29    1.29       0    55.25    1.19    1.19       0
      131072         32768     float     sum      -1    85.09    1.54    1.54       0    89.41    1.47    1.47       0
      262144         65536     float     sum      -1   182.85    1.43    1.43       0   205.65    1.27    1.27       0
      524288        131072     float     sum      -1   401.84    1.30    1.30       0   398.26    1.32    1.32       0
     1048576        262144     float     sum      -1   125.42    8.36    8.36       0   133.77    7.84    7.84       0
     2097152        524288     float     sum      -1   206.38   10.16   10.16       0   198.44   10.57   10.57       0
     4194304       1048576     float     sum      -1   308.10   13.61   13.61       0   303.85   13.80   13.80       0
     8388608       2097152     float     sum      -1   553.16   15.16   15.16       0   555.43   15.10   15.10       0
    16777216       4194304     float     sum      -1  1069.94   15.68   15.68       0  1067.74   15.71   15.71       0
    33554432       8388608     float     sum      -1  2124.97   15.79   15.79       0  2114.61   15.87   15.87       0
    67108864      16777216     float     sum      -1  4188.26   16.02   16.02       0  4179.87   16.06   16.06       0
   134217728      33554432     float     sum      -1  8338.90   16.10   16.10       0  8318.17   16.14   16.14       0
   268435456      67108864     float     sum      -1  16590.4   16.18   16.18       0  16635.5   16.14   16.14       0
   536870912     134217728     float     sum      -1  33297.1   16.12   16.12       0  33358.6   16.09   16.09       0
  1073741824     268435456     float     sum      -1  65963.1   16.28   16.28       0  65432.2   16.41   16.41       0
syrax-49:711925:711925 [0] NCCL INFO comm 0x5d586a131880 rank 0 nranks 2 cudaDev 0 busId b0000 - Destroy COMPLETE
eat-tacos:1609117:1609117 [0] NCCL INFO comm 0x5d3a297a98d0 rank 1 nranks 2 cudaDev 0 busId b2000 - Destroy COMPLETE
# Out of bounds values : 0 OK
# Avg bus bandwidth    : 5.9574 
#
# Collective test concluded: all_reduce_perf
#

syrax-49:711925:711925 [0] NCCL INFO ENV/Plugin: Closing env plugin ncclEnvDefault
eat-tacos:1609117:1609117 [0] NCCL INFO ENV/Plugin: Closing env plugin ncclEnvDefault
