[syrax-49:710985] SET LD_LIBRARY_PATH=/home/suweigao/mynccl/ext-net/mpib:/home/suweigao/mynccl/build/lib:
[syrax-49:710985] SET NCCL_DEBUG=INFO
[syrax-49:710985] SET NCCL_DEBUG_SUBSYS=INIT,NET,GRAPH
[syrax-49:710985] SET MPIB_HCA_SOUT=mlx5_0
[syrax-49:710985] SET MPIB_HCA_SUP=mlx5_1
[syrax-49:710985] SET MPIB_OOB_IF=ens28f0np0
[syrax-49:710985] SET MPIB_IB_GID_INDEX=3
[syrax-49:710985] SET MPIB_MODE=0
[syrax-49:710985] SET NCCL_IB_HCA=mlx5_0
[syrax-49:710985] SET UCX_NET_DEVICES=ens28f0np0
[syrax-49:710985] SET NCCL_NET_GDR_LEVEL=0
# nccl-tests version 2.17.9 nccl-headers=22902 nccl-library=22902
# Collective test starting: all_reduce_perf
# nThread 1 nGpus 1 minBytes 8 maxBytes 1073741824 step: 2(factor) warmup iters: 1 iters: 20 agg iters: 1 validation: 1 graph: 0
#
# Using devices
#  Rank  0 Group  0 Pid 711105 on   syrax-49 device  0 [0000:b0:00] NVIDIA RTX PRO 6000 Blackwell Server Edition
#  Rank  1 Group  0 Pid 1606721 on  eat-tacos device  0 [0000:b2:00] NVIDIA RTX PRO 6000 Blackwell Server Edition
syrax-49:711105:711105 [0] NCCL INFO ENV/Plugin: Could not find: libnccl-env.so
syrax-49:711105:711105 [0] NCCL INFO cudaDriverVersion 13000
syrax-49:711105:711105 [0] NCCL INFO NCCL version 2.29.2+cuda13.1
syrax-49:711105:711105 [0] NCCL INFO NCCL git version master 3266b26
eat-tacos:1606721:1606721 [0] NCCL INFO ENV/Plugin: Could not find: libnccl-env.so
eat-tacos:1606721:1606721 [0] NCCL INFO cudaDriverVersion 13000
eat-tacos:1606721:1606721 [0] NCCL INFO NCCL version 2.29.2+cuda13.1
eat-tacos:1606721:1606721 [0] NCCL INFO NCCL git version master 3266b26
syrax-49:711105:711105 [0] NCCL INFO NET/Plugin: Could not find: libnccl-net.so
syrax-49:711105:711105 [0] NCCL INFO NCCL_IB_HCA set to mlx5_0
syrax-49:711105:711105 [0] NCCL INFO NET/IB: [0] mlx5_0:uverbs0:1/RoCE provider=Mlx5 speed=200000 context=0x5b357c4b6cd0 pciPath=/sys/devices/pci0000:ab/0000:ab:02.0/0000:ac:00.0/0000:ad:00.0/0000:ae:00.0 ar=0
syrax-49:711105:711105 [0] NCCL INFO NET/IB : Made virtual device [0] name=mlx5_0 speed=200000 ndevs=1
syrax-49:711105:711105 [0] NCCL INFO NET/IB : Using [0]mlx5_0:1/RoCE [RO]; OOB ens28f0np0:10.93.226.199<0>
syrax-49:711105:711105 [0] NCCL INFO Initialized NET plugin IB
syrax-49:711105:711105 [0] NCCL INFO Assigned NET plugin IB to comm
syrax-49:711105:711105 [0] NCCL INFO Assigned GIN plugin GIN_IB_GDAKI to comm
syrax-49:711105:711105 [0] NCCL INFO Assigned RMA plugin GIN_IB_PROXY to comm
syrax-49:711105:711105 [0] NCCL INFO Using network IB
syrax-49:711105:711105 [0] NCCL INFO DMA-BUF is available on GPU device 0
syrax-49:711105:711105 [0] NCCL INFO [Rank 0] ncclCommInitRankConfig comm 0x5b3575e970e0 rank 0 nranks 2 cudaDev 0 nvmlDev 0 busId b0000 commId 0x1b80df2e8a3bb3c0 - Init START
eat-tacos:1606721:1606721 [0] NCCL INFO NET/Plugin: Could not find: libnccl-net.so
eat-tacos:1606721:1606721 [0] NCCL INFO NCCL_IB_HCA set to mlx5_0
eat-tacos:1606721:1606721 [0] NCCL INFO NET/IB: [0] mlx5_0:uverbs0:1/RoCE provider=Mlx5 speed=200000 context=0x6443de7e6c70 pciPath=/sys/devices/pci0000:ad/0000:ad:02.0/0000:ae:00.0/0000:af:00.0/0000:b0:00.0 ar=0
eat-tacos:1606721:1606721 [0] NCCL INFO NET/IB : Made virtual device [0] name=mlx5_0 speed=200000 ndevs=1
eat-tacos:1606721:1606721 [0] NCCL INFO NET/IB : Using [0]mlx5_0:1/RoCE [RO]; OOB ens28f0np0:10.93.226.200<0>
eat-tacos:1606721:1606721 [0] NCCL INFO Initialized NET plugin IB
eat-tacos:1606721:1606721 [0] NCCL INFO Assigned NET plugin IB to comm
eat-tacos:1606721:1606721 [0] NCCL INFO Assigned GIN plugin GIN_IB_GDAKI to comm
eat-tacos:1606721:1606721 [0] NCCL INFO Assigned RMA plugin GIN_IB_PROXY to comm
eat-tacos:1606721:1606721 [0] NCCL INFO Using network IB
eat-tacos:1606721:1606721 [0] NCCL INFO DMA-BUF is available on GPU device 0
eat-tacos:1606721:1606721 [0] NCCL INFO [Rank 1] ncclCommInitRankConfig comm 0x6443d81c1ff0 rank 1 nranks 2 cudaDev 0 nvmlDev 0 busId b2000 commId 0x1b80df2e8a3bb3c0 - Init START
eat-tacos:1606721:1606721 [0] NCCL INFO RAS client listening socket at 127.0.0.1<28028>
syrax-49:711105:711105 [0] NCCL INFO RAS client listening socket at 127.0.0.1<28028>
syrax-49:711105:711105 [0] NCCL INFO TOPO/NET : Importing network plugins to topology
syrax-49:711105:711105 [0] NCCL INFO NET/IB : GPU Direct RDMA Enabled for HCA 0 'mlx5_0'
syrax-49:711105:711105 [0] NCCL INFO ncclTopoPopulateNics : Filled mlx5_0 in topo with pciPath=/sys/devices/pci0000:ab/0000:ab:02.0/0000:ac:00.0/0000:ad:00.0/0000:ae:00.0 keep=1 coll=(null)
eat-tacos:1606721:1606721 [0] NCCL INFO TOPO/NET : Importing network plugins to topology
eat-tacos:1606721:1606721 [0] NCCL INFO NET/IB : GPU Direct RDMA Enabled for HCA 0 'mlx5_0'
eat-tacos:1606721:1606721 [0] NCCL INFO ncclTopoPopulateNics : Filled mlx5_0 in topo with pciPath=/sys/devices/pci0000:ad/0000:ad:02.0/0000:ae:00.0/0000:af:00.0/0000:b0:00.0 keep=1 coll=(null)
syrax-49:711105:711105 [0] NCCL INFO NCCL_NET_GDR_LEVEL set by environment to LOC
syrax-49:711105:711105 [0] NCCL INFO GPU Direct RDMA Disabled for GPU/0-720896 (rank 0) - NET/0-0 (distance 4 > 0)
syrax-49:711105:711105 [0] NCCL INFO GPU Direct RDMA Disabled for GPU/0-720896 (rank 0) - NET/0-0 (distance 4 > 0)
syrax-49:711105:711105 [0] NCCL INFO === System : maxBw 25.0 totalBw 48.0 ===
syrax-49:711105:711105 [0] NCCL INFO CPU/0-0 (1/1/3)
syrax-49:711105:711105 [0] NCCL INFO + PCI[48.0] - PCI/0-ac000 (1000c0301000100b)
syrax-49:711105:711105 [0] NCCL INFO               + PCI[48.0] - NIC/0-ae000
syrax-49:711105:711105 [0] NCCL INFO                             + NET[25.0] - NET/0-0 (0/ae837e0003499ee8/1/25.000000)
syrax-49:711105:711105 [0] NCCL INFO               + PCI[48.0] - GPU/0-b0000 (0)
syrax-49:711105:711105 [0] NCCL INFO ==========================================
syrax-49:711105:711105 [0] NCCL INFO GPU/0-b0000 :GPU/0-b0000 (0/5000.0/LOC) CPU/0-0 (2/48.0/PHB) NET/0-0 (5/25.0/PHB) 
syrax-49:711105:711105 [0] NCCL INFO NET/0-0 :GPU/0-b0000 (5/25.0/PHB) CPU/0-0 (3/25.0/PHB) NET/0-0 (0/5000.0/LOC) 
syrax-49:711105:711105 [0] NCCL INFO ncclTopoGetCpuAffinity: Affinity for GPU 0 is 0-31,64-95. (GPU affinity = 0-31,64-95 ; CPU affinity = 0-127).
eat-tacos:1606721:1606721 [0] NCCL INFO NCCL_NET_GDR_LEVEL set by environment to LOC
eat-tacos:1606721:1606721 [0] NCCL INFO GPU Direct RDMA Disabled for GPU/0-729088 (rank 1) - NET/0-0 (distance 4 > 0)
eat-tacos:1606721:1606721 [0] NCCL INFO GPU Direct RDMA Disabled for GPU/0-729088 (rank 1) - NET/0-0 (distance 4 > 0)
eat-tacos:1606721:1606721 [0] NCCL INFO === System : maxBw 25.0 totalBw 48.0 ===
eat-tacos:1606721:1606721 [0] NCCL INFO CPU/0-0 (1/1/3)
eat-tacos:1606721:1606721 [0] NCCL INFO + PCI[48.0] - PCI/0-ae000 (1000c0301000100b)
eat-tacos:1606721:1606721 [0] NCCL INFO               + PCI[48.0] - NIC/0-b0000
eat-tacos:1606721:1606721 [0] NCCL INFO                             + NET[25.0] - NET/0-0 (0/6e837e0003499ee8/1/25.000000)
eat-tacos:1606721:1606721 [0] NCCL INFO               + PCI[48.0] - GPU/0-b2000 (1)
eat-tacos:1606721:1606721 [0] NCCL INFO ==========================================
eat-tacos:1606721:1606721 [0] NCCL INFO GPU/0-b2000 :GPU/0-b2000 (0/5000.0/LOC) CPU/0-0 (2/48.0/PHB) NET/0-0 (5/25.0/PHB) 
eat-tacos:1606721:1606721 [0] NCCL INFO NET/0-0 :GPU/0-b2000 (5/25.0/PHB) CPU/0-0 (3/25.0/PHB) NET/0-0 (0/5000.0/LOC) 
eat-tacos:1606721:1606721 [0] NCCL INFO ncclTopoGetCpuAffinity: Affinity for GPU 0 is 0-63,128-191. (GPU affinity = 0-63,128-191 ; CPU affinity = 0-255).
syrax-49:711105:711105 [0] NCCL INFO Pattern 4, crossNic 0, nChannels 1, bw 20.000000/20.000000, type LOC/PHB, sameChannels 1
syrax-49:711105:711105 [0] NCCL INFO  0 : NET/0-0 GPU/0-b0000 NET/0-0
syrax-49:711105:711105 [0] NCCL INFO Pattern 3, crossNic 0, nChannels 1, bw 40.000000/20.000000, type LOC/PHB, sameChannels 1
syrax-49:711105:711105 [0] NCCL INFO  0 : NET/0-0 GPU/0-b0000 NET/0-0
eat-tacos:1606721:1606721 [0] NCCL INFO Pattern 4, crossNic 0, nChannels 1, bw 20.000000/20.000000, type LOC/PHB, sameChannels 1
eat-tacos:1606721:1606721 [0] NCCL INFO  0 : NET/0-0 GPU/0-b2000 NET/0-0
eat-tacos:1606721:1606721 [0] NCCL INFO Pattern 3, crossNic 0, nChannels 1, bw 40.000000/20.000000, type LOC/PHB, sameChannels 1
eat-tacos:1606721:1606721 [0] NCCL INFO  0 : NET/0-0 GPU/0-b2000 NET/0-0
eat-tacos:1606721:1606721 [0] NCCL INFO comm 0x6443d81c1ff0 rank 1 nRanks 2 nNodes 2 localRanks 1 localRank 0 MNNVL 0
eat-tacos:1606721:1606721 [0] NCCL INFO Tree 0 : 0 -> 1 -> -1/-1/-1
eat-tacos:1606721:1606721 [0] NCCL INFO Tree 1 : -1 -> 1 -> 0/-1/-1
eat-tacos:1606721:1606721 [0] NCCL INFO Ring 00 : 0 -> 1 -> 0
eat-tacos:1606721:1606721 [0] NCCL INFO Ring 01 : 0 -> 1 -> 0
eat-tacos:1606721:1606721 [0] NCCL INFO Trees [0] -1/-1/-1->1->0 [1] 0/-1/-1->1->-1
eat-tacos:1606721:1606721 [0] NCCL INFO P2P Chunksize set to 131072
eat-tacos:1606721:1606721 [0] NCCL INFO PROFILER/Plugin: Could not find: libnccl-profiler.so
eat-tacos:1606721:1606721 [0] NCCL INFO Check P2P Type isAllDirectP2p 1 directMode 0 isAllCudaP2p 1
syrax-49:711105:711105 [0] NCCL INFO comm 0x5b3575e970e0 rank 0 nRanks 2 nNodes 2 localRanks 1 localRank 0 MNNVL 0
syrax-49:711105:711105 [0] NCCL INFO Tree 0 : -1 -> 0 -> 1/-1/-1
syrax-49:711105:711105 [0] NCCL INFO Tree 1 : 1 -> 0 -> -1/-1/-1
syrax-49:711105:711105 [0] NCCL INFO Channel 00/02 : 0 1
syrax-49:711105:711105 [0] NCCL INFO Channel 01/02 : 0 1
syrax-49:711105:711105 [0] NCCL INFO Ring 00 : 1 -> 0 -> 1
syrax-49:711105:711105 [0] NCCL INFO Ring 01 : 1 -> 0 -> 1
syrax-49:711105:711105 [0] NCCL INFO Trees [0] 1/-1/-1->0->-1 [1] -1/-1/-1->0->1
syrax-49:711105:711105 [0] NCCL INFO P2P Chunksize set to 131072
syrax-49:711105:711105 [0] NCCL INFO PROFILER/Plugin: Could not find: libnccl-profiler.so
syrax-49:711105:711105 [0] NCCL INFO Check P2P Type isAllDirectP2p 1 directMode 0 isAllCudaP2p 1
eat-tacos:1606721:1606721 [0] NCCL INFO ncclP2pSchedule: group size used is 1
eat-tacos:1606721:1606746 [0] NCCL INFO [Proxy Service] Device 0 CPU core 130
syrax-49:711105:711105 [0] NCCL INFO ncclP2pSchedule: group size used is 1
syrax-49:711105:711121 [0] NCCL INFO [Proxy Service] Device 0 CPU core 1
eat-tacos:1606721:1606747 [0] NCCL INFO [Proxy Service UDS] Device 0 CPU core 9
syrax-49:711105:711122 [0] NCCL INFO [Proxy Service UDS] Device 0 CPU core 3
syrax-49:711105:711105 [0] NCCL INFO TUNER/Plugin: Could not find: libnccl-tuner.so
syrax-49:711105:711105 [0] NCCL INFO threadThresholds 8/8/64 | 16/8/64 | 512 | 512
syrax-49:711105:711105 [0] NCCL INFO 2 coll channels, 2 collnet channels, 0 nvls channels, 2 p2p channels, 2 p2p channels per peer
syrax-49:711105:711105 [0] NCCL INFO CC Off, workFifoBytes 1048576
eat-tacos:1606721:1606721 [0] NCCL INFO TUNER/Plugin: Could not find: libnccl-tuner.so
eat-tacos:1606721:1606721 [0] NCCL INFO threadThresholds 8/8/64 | 16/8/64 | 512 | 512
eat-tacos:1606721:1606721 [0] NCCL INFO 2 coll channels, 2 collnet channels, 0 nvls channels, 2 p2p channels, 2 p2p channels per peer
syrax-49:711105:711105 [0] NCCL INFO ncclCommInitRankConfig comm 0x5b3575e970e0 rank 0 nranks 2 cudaDev 0 nvmlDev 0 busId b0000 commId 0x1b80df2e8a3bb3c0 - Init COMPLETE
syrax-49:711105:711105 [0] NCCL INFO Init timings - ncclCommInitRankConfig: rank 0 nranks 2 total 0.58 (kernels 0.30, alloc 0.10, bootstrap 0.17, allgathers 0.00, topo 0.00, graphs 0.00, connections 0.00, rest 0.00)
eat-tacos:1606721:1606721 [0] NCCL INFO ncclCommInitRankConfig comm 0x6443d81c1ff0 rank 1 nranks 2 cudaDev 0 nvmlDev 0 busId b2000 commId 0x1b80df2e8a3bb3c0 - Init COMPLETE
eat-tacos:1606721:1606721 [0] NCCL INFO Init timings - ncclCommInitRankConfig: rank 1 nranks 2 total 0.58 (kernels 0.43, alloc 0.12, bootstrap 0.00, allgathers 0.00, topo 0.01, graphs 0.00, connections 0.00, rest 0.00)
#
#                                                              out-of-place                       in-place          
#       size         count      type   redop    root     time   algbw   busbw  #wrong     time   algbw   busbw  #wrong 
#        (B)    (elements)                               (us)  (GB/s)  (GB/s)             (us)  (GB/s)  (GB/s)         
syrax-49:711105:711105 [0] NCCL INFO Symmetric VA size=96GB
syrax-49:711105:711105 [0] NCCL INFO GPU Direct RDMA Disabled for GPU/0-720896 (rank 0) - NET/0-0 (distance 8 > 0)
eat-tacos:1606721:1606721 [0] NCCL INFO Symmetric VA size=96GB
eat-tacos:1606721:1606721 [0] NCCL INFO GPU Direct RDMA Disabled for GPU/0-729088 (rank 1) - NET/0-0 (distance 8 > 0)
eat-tacos:1606721:1606746 [0] NCCL INFO New proxy recv connection 0 from local rank 0, transport 2
eat-tacos:1606721:1606762 [0] NCCL INFO [Proxy Progress] Device 0 CPU core 130
eat-tacos:1606721:1606721 [0] NCCL INFO Connected to proxy localRank 0 -> connection 0x72f63c000d20
eat-tacos:1606721:1606721 [0] NCCL INFO Channel 00/0 : 0[0] -> 1[0] [receive] via NET/IB/0
eat-tacos:1606721:1606721 [0] NCCL INFO GPU Direct RDMA Disabled for GPU/0-729088 (rank 1) - NET/0-0 (distance 8 > 0)
eat-tacos:1606721:1606746 [0] NCCL INFO New proxy recv connection 1 from local rank 0, transport 2
eat-tacos:1606721:1606721 [0] NCCL INFO Connected to proxy localRank 0 -> connection 0x72f63c000d98
eat-tacos:1606721:1606721 [0] NCCL INFO Channel 01/0 : 0[0] -> 1[0] [receive] via NET/IB/0
eat-tacos:1606721:1606721 [0] NCCL INFO GPU Direct RDMA Disabled for GPU/0-729088 (rank 1) - NET/0-0 (distance 8 > 0)
eat-tacos:1606721:1606746 [0] NCCL INFO New proxy send connection 2 from local rank 0, transport 2
eat-tacos:1606721:1606721 [0] NCCL INFO Connected to proxy localRank 0 -> connection 0x72f63c000e10
eat-tacos:1606721:1606721 [0] NCCL INFO Channel 00/0 : 1[0] -> 0[0] [send] via NET/IB/0
eat-tacos:1606721:1606721 [0] NCCL INFO GPU Direct RDMA Disabled for GPU/0-729088 (rank 1) - NET/0-0 (distance 8 > 0)
eat-tacos:1606721:1606746 [0] NCCL INFO New proxy send connection 3 from local rank 0, transport 2
eat-tacos:1606721:1606721 [0] NCCL INFO Connected to proxy localRank 0 -> connection 0x72f63c000e88
eat-tacos:1606721:1606721 [0] NCCL INFO Channel 01/0 : 1[0] -> 0[0] [send] via NET/IB/0
syrax-49:711105:711121 [0] NCCL INFO New proxy recv connection 0 from local rank 0, transport 2
syrax-49:711105:711123 [0] NCCL INFO [Proxy Progress] Device 0 CPU core 2
syrax-49:711105:711105 [0] NCCL INFO Connected to proxy localRank 0 -> connection 0x730220000d20
syrax-49:711105:711105 [0] NCCL INFO Channel 00/0 : 1[0] -> 0[0] [receive] via NET/IB/0
syrax-49:711105:711105 [0] NCCL INFO GPU Direct RDMA Disabled for GPU/0-720896 (rank 0) - NET/0-0 (distance 8 > 0)
syrax-49:711105:711121 [0] NCCL INFO New proxy recv connection 1 from local rank 0, transport 2
syrax-49:711105:711105 [0] NCCL INFO Connected to proxy localRank 0 -> connection 0x730220000d98
syrax-49:711105:711105 [0] NCCL INFO Channel 01/0 : 1[0] -> 0[0] [receive] via NET/IB/0
syrax-49:711105:711105 [0] NCCL INFO GPU Direct RDMA Disabled for GPU/0-720896 (rank 0) - NET/0-0 (distance 8 > 0)
syrax-49:711105:711121 [0] NCCL INFO New proxy send connection 2 from local rank 0, transport 2
syrax-49:711105:711105 [0] NCCL INFO Connected to proxy localRank 0 -> connection 0x730220000e10
syrax-49:711105:711105 [0] NCCL INFO Channel 00/0 : 0[0] -> 1[0] [send] via NET/IB/0
syrax-49:711105:711105 [0] NCCL INFO GPU Direct RDMA Disabled for GPU/0-720896 (rank 0) - NET/0-0 (distance 8 > 0)
syrax-49:711105:711121 [0] NCCL INFO New proxy send connection 3 from local rank 0, transport 2
syrax-49:711105:711105 [0] NCCL INFO Connected to proxy localRank 0 -> connection 0x730220000e88
syrax-49:711105:711105 [0] NCCL INFO Channel 01/0 : 0[0] -> 1[0] [send] via NET/IB/0
syrax-49:711105:711121 [0] NCCL INFO NET/IB: NCCL Dev 0 IbDev 0 Port 1 qpn 18624 mtu 5 GID 3 (0/201000AFFFF0000) ctsFifoRkey=0x1809c7 ctsFifoLkey=0x1809c7
syrax-49:711105:711121 [0] NCCL INFO NET/IB: IbDev 0 Port 1 qpn 18624 query_ece={supported=1, vendor_id=0x15b3, options=0x30000002, comp_mask=0x0}
syrax-49:711105:711121 [0] NCCL INFO NET/IB: NCCL Dev 0 IbDev 0 Port 1 qpn 18625 mtu 5 GID 3 (0/201000AFFFF0000) ctsFifoRkey=0x1801bf ctsFifoLkey=0x1801bf
syrax-49:711105:711121 [0] NCCL INFO NET/IB: IbDev 0 Port 1 qpn 18625 query_ece={supported=1, vendor_id=0x15b3, options=0x30000002, comp_mask=0x0}
syrax-49:711105:711121 [0] NCCL INFO NET/IB: IbDev 0 Port 1 qpn 18624 set_ece={supported=1, vendor_id=0x15b3, options=0x30000002, comp_mask=0x0}
eat-tacos:1606721:1606746 [0] NCCL INFO NET/IB: NCCL Dev 0 IbDev 0 Port 1 qpn 18195 mtu 5 GID 3 (0/502000AFFFF0000) ctsFifoRkey=0x17efad ctsFifoLkey=0x17efad
eat-tacos:1606721:1606746 [0] NCCL INFO NET/IB: IbDev 0 Port 1 qpn 18195 query_ece={supported=1, vendor_id=0x15b3, options=0x30000002, comp_mask=0x0}
eat-tacos:1606721:1606746 [0] NCCL INFO NET/IB: NCCL Dev 0 IbDev 0 Port 1 qpn 18198 mtu 5 GID 3 (0/502000AFFFF0000) ctsFifoRkey=0x17fcb9 ctsFifoLkey=0x17fcb9
eat-tacos:1606721:1606746 [0] NCCL INFO NET/IB: IbDev 0 Port 1 qpn 18198 query_ece={supported=1, vendor_id=0x15b3, options=0x30000002, comp_mask=0x0}
syrax-49:711105:711121 [0] NCCL INFO NET/IB: IbDev 0 Port 1 qpn 18625 set_ece={supported=1, vendor_id=0x15b3, options=0x30000002, comp_mask=0x0}
eat-tacos:1606721:1606746 [0] NCCL INFO NET/IB: IbDev 0 Port 1 qpn 18198 set_ece={supported=1, vendor_id=0x15b3, options=0x30000002, comp_mask=0x0}
eat-tacos:1606721:1606746 [0] NCCL INFO NET/IB: IbDev 0 Port 1 qpn 18195 set_ece={supported=1, vendor_id=0x15b3, options=0x30000002, comp_mask=0x0}
syrax-49:711105:711105 [0] NCCL INFO Connected all rings, use ring PXN 0 GDR 0
eat-tacos:1606721:1606721 [0] NCCL INFO Connected all rings, use ring PXN 0 GDR 0
           8             2     float     sum      -1    30.12    0.00    0.00       0    30.66    0.00    0.00       0
          16             4     float     sum      -1    22.48    0.00    0.00       0    22.46    0.00    0.00       0
          32             8     float     sum      -1    32.54    0.00    0.00       0    24.27    0.00    0.00       0
          64            16     float     sum      -1    23.89    0.00    0.00       0    24.13    0.00    0.00       0
         128            32     float     sum      -1    23.99    0.01    0.01       0    23.90    0.01    0.01       0
         256            64     float     sum      -1    33.87    0.01    0.01       0    25.41    0.01    0.01       0
         512           128     float     sum      -1    33.30    0.02    0.02       0    25.36    0.02    0.02       0
        1024           256     float     sum      -1    27.21    0.04    0.04       0    26.42    0.04    0.04       0
        2048           512     float     sum      -1    27.55    0.07    0.07       0    26.33    0.08    0.08       0
        4096          1024     float     sum      -1    27.86    0.15    0.15       0    26.19    0.16    0.16       0
        8192          2048     float     sum      -1    36.36    0.23    0.23       0    35.85    0.23    0.23       0
       16384          4096     float     sum      -1    40.32    0.41    0.41       0    39.13    0.42    0.42       0
       32768          8192     float     sum      -1    41.14    0.80    0.80       0    44.54    0.74    0.74       0
       65536         16384     float     sum      -1    58.50    1.12    1.12       0    63.06    1.04    1.04       0
      131072         32768     float     sum      -1   101.33    1.29    1.29       0   110.36    1.19    1.19       0
      262144         65536     float     sum      -1   207.41    1.26    1.26       0   207.30    1.26    1.26       0
      524288        131072     float     sum      -1   397.87    1.32    1.32       0   398.02    1.32    1.32       0
     1048576        262144     float     sum      -1   131.25    7.99    7.99       0   135.88    7.72    7.72       0
     2097152        524288     float     sum      -1   204.00   10.28   10.28       0   198.17   10.58   10.58       0
     4194304       1048576     float     sum      -1   318.12   13.18   13.18       0   330.35   12.70   12.70       0
     8388608       2097152     float     sum      -1   550.52   15.24   15.24       0   562.47   14.91   14.91       0
    16777216       4194304     float     sum      -1  1093.54   15.34   15.34       0  1093.79   15.34   15.34       0
    33554432       8388608     float     sum      -1  2170.14   15.46   15.46       0  2164.53   15.50   15.50       0
    67108864      16777216     float     sum      -1  4305.40   15.59   15.59       0  4278.84   15.68   15.68       0
   134217728      33554432     float     sum      -1  8546.03   15.71   15.71       0  8810.00   15.23   15.23       0
   268435456      67108864     float     sum      -1  17083.4   15.71   15.71       0  17073.1   15.72   15.72       0
   536870912     134217728     float     sum      -1  33991.7   15.79   15.79       0  34028.1   15.78   15.78       0
  1073741824     268435456     float     sum      -1  68003.2   15.79   15.79       0  67992.1   15.79   15.79       0
syrax-49:711105:711105 [0] NCCL INFO comm 0x5b3575e970e0 rank 0 nranks 2 cudaDev 0 busId b0000 - Destroy COMPLETE
eat-tacos:1606721:1606721 [0] NCCL INFO comm 0x6443d81c1ff0 rank 1 nranks 2 cudaDev 0 busId b2000 - Destroy COMPLETE
# Out of bounds values : 0 OK
# Avg bus bandwidth    : 5.79049 
#
# Collective test concluded: all_reduce_perf
#

syrax-49:711105:711105 [0] NCCL INFO ENV/Plugin: Closing env plugin ncclEnvDefault
eat-tacos:1606721:1606721 [0] NCCL INFO ENV/Plugin: Closing env plugin ncclEnvDefault
