[syrax-49:711264] SET LD_LIBRARY_PATH=/home/suweigao/mynccl/ext-net/mpib:/home/suweigao/mynccl/build/lib:
[syrax-49:711264] SET NCCL_DEBUG=INFO
[syrax-49:711264] SET NCCL_DEBUG_SUBSYS=INIT,NET,GRAPH
[syrax-49:711264] SET MPIB_HCA_SOUT=mlx5_0
[syrax-49:711264] SET MPIB_HCA_SUP=mlx5_1
[syrax-49:711264] SET MPIB_OOB_IF=ens28f0np0
[syrax-49:711264] SET MPIB_IB_GID_INDEX=3
[syrax-49:711264] SET MPIB_MODE=0
[syrax-49:711264] SET NCCL_IB_HCA=mlx5_0
[syrax-49:711264] SET UCX_NET_DEVICES=ens28f0np0
[syrax-49:711264] SET NCCL_NET_GDR_LEVEL=0
# nccl-tests version 2.17.9 nccl-headers=22902 nccl-library=22902
# Collective test starting: all_reduce_perf
# nThread 1 nGpus 1 minBytes 8 maxBytes 1073741824 step: 2(factor) warmup iters: 1 iters: 20 agg iters: 1 validation: 1 graph: 0
#
# Using devices
#  Rank  0 Group  0 Pid 711383 on   syrax-49 device  0 [0000:b0:00] NVIDIA RTX PRO 6000 Blackwell Server Edition
#  Rank  1 Group  0 Pid 1607880 on  eat-tacos device  0 [0000:b2:00] NVIDIA RTX PRO 6000 Blackwell Server Edition
syrax-49:711383:711383 [0] NCCL INFO ENV/Plugin: Could not find: libnccl-env.so
syrax-49:711383:711383 [0] NCCL INFO cudaDriverVersion 13000
syrax-49:711383:711383 [0] NCCL INFO NCCL version 2.29.2+cuda13.1
syrax-49:711383:711383 [0] NCCL INFO NCCL git version master 3266b26
eat-tacos:1607880:1607880 [0] NCCL INFO ENV/Plugin: Could not find: libnccl-env.so
eat-tacos:1607880:1607880 [0] NCCL INFO cudaDriverVersion 13000
eat-tacos:1607880:1607880 [0] NCCL INFO NCCL version 2.29.2+cuda13.1
eat-tacos:1607880:1607880 [0] NCCL INFO NCCL git version master 3266b26
syrax-49:711383:711383 [0] NCCL INFO NET/Plugin: Could not find: libnccl-net.so
syrax-49:711383:711383 [0] NCCL INFO NCCL_IB_HCA set to mlx5_0
syrax-49:711383:711383 [0] NCCL INFO NET/IB: [0] mlx5_0:uverbs0:1/RoCE provider=Mlx5 speed=200000 context=0x625442beb460 pciPath=/sys/devices/pci0000:ab/0000:ab:02.0/0000:ac:00.0/0000:ad:00.0/0000:ae:00.0 ar=0
syrax-49:711383:711383 [0] NCCL INFO NET/IB : Made virtual device [0] name=mlx5_0 speed=200000 ndevs=1
syrax-49:711383:711383 [0] NCCL INFO NET/IB : Using [0]mlx5_0:1/RoCE [RO]; OOB ens28f0np0:10.93.226.199<0>
syrax-49:711383:711383 [0] NCCL INFO Initialized NET plugin IB
syrax-49:711383:711383 [0] NCCL INFO Assigned NET plugin IB to comm
syrax-49:711383:711383 [0] NCCL INFO Assigned GIN plugin GIN_IB_GDAKI to comm
syrax-49:711383:711383 [0] NCCL INFO Assigned RMA plugin GIN_IB_PROXY to comm
syrax-49:711383:711383 [0] NCCL INFO Using network IB
syrax-49:711383:711383 [0] NCCL INFO DMA-BUF is available on GPU device 0
syrax-49:711383:711383 [0] NCCL INFO [Rank 0] ncclCommInitRankConfig comm 0x62543c5caca0 rank 0 nranks 2 cudaDev 0 nvmlDev 0 busId b0000 commId 0x57f3e6b5b208a85b - Init START
eat-tacos:1607880:1607880 [0] NCCL INFO NET/Plugin: Could not find: libnccl-net.so
eat-tacos:1607880:1607880 [0] NCCL INFO NCCL_IB_HCA set to mlx5_0
eat-tacos:1607880:1607880 [0] NCCL INFO NET/IB: [0] mlx5_0:uverbs0:1/RoCE provider=Mlx5 speed=200000 context=0x5e6c6bd40490 pciPath=/sys/devices/pci0000:ad/0000:ad:02.0/0000:ae:00.0/0000:af:00.0/0000:b0:00.0 ar=0
eat-tacos:1607880:1607880 [0] NCCL INFO NET/IB : Made virtual device [0] name=mlx5_0 speed=200000 ndevs=1
eat-tacos:1607880:1607880 [0] NCCL INFO NET/IB : Using [0]mlx5_0:1/RoCE [RO]; OOB ens28f0np0:10.93.226.200<0>
eat-tacos:1607880:1607880 [0] NCCL INFO Initialized NET plugin IB
eat-tacos:1607880:1607880 [0] NCCL INFO Assigned NET plugin IB to comm
eat-tacos:1607880:1607880 [0] NCCL INFO Assigned GIN plugin GIN_IB_GDAKI to comm
eat-tacos:1607880:1607880 [0] NCCL INFO Assigned RMA plugin GIN_IB_PROXY to comm
eat-tacos:1607880:1607880 [0] NCCL INFO Using network IB
eat-tacos:1607880:1607880 [0] NCCL INFO DMA-BUF is available on GPU device 0
eat-tacos:1607880:1607880 [0] NCCL INFO [Rank 1] ncclCommInitRankConfig comm 0x5e6c6571ba00 rank 1 nranks 2 cudaDev 0 nvmlDev 0 busId b2000 commId 0x57f3e6b5b208a85b - Init START
syrax-49:711383:711383 [0] NCCL INFO RAS client listening socket at 127.0.0.1<28028>
eat-tacos:1607880:1607880 [0] NCCL INFO RAS client listening socket at 127.0.0.1<28028>
syrax-49:711383:711383 [0] NCCL INFO TOPO/NET : Importing network plugins to topology
syrax-49:711383:711383 [0] NCCL INFO NET/IB : GPU Direct RDMA Enabled for HCA 0 'mlx5_0'
syrax-49:711383:711383 [0] NCCL INFO ncclTopoPopulateNics : Filled mlx5_0 in topo with pciPath=/sys/devices/pci0000:ab/0000:ab:02.0/0000:ac:00.0/0000:ad:00.0/0000:ae:00.0 keep=1 coll=(null)
eat-tacos:1607880:1607880 [0] NCCL INFO TOPO/NET : Importing network plugins to topology
eat-tacos:1607880:1607880 [0] NCCL INFO NET/IB : GPU Direct RDMA Enabled for HCA 0 'mlx5_0'
eat-tacos:1607880:1607880 [0] NCCL INFO ncclTopoPopulateNics : Filled mlx5_0 in topo with pciPath=/sys/devices/pci0000:ad/0000:ad:02.0/0000:ae:00.0/0000:af:00.0/0000:b0:00.0 keep=1 coll=(null)
syrax-49:711383:711383 [0] NCCL INFO NCCL_NET_GDR_LEVEL set by environment to LOC
syrax-49:711383:711383 [0] NCCL INFO GPU Direct RDMA Disabled for GPU/0-720896 (rank 0) - NET/0-0 (distance 4 > 0)
syrax-49:711383:711383 [0] NCCL INFO GPU Direct RDMA Disabled for GPU/0-720896 (rank 0) - NET/0-0 (distance 4 > 0)
syrax-49:711383:711383 [0] NCCL INFO === System : maxBw 25.0 totalBw 48.0 ===
syrax-49:711383:711383 [0] NCCL INFO CPU/0-0 (1/1/3)
syrax-49:711383:711383 [0] NCCL INFO + PCI[48.0] - PCI/0-ac000 (1000c0301000100b)
syrax-49:711383:711383 [0] NCCL INFO               + PCI[48.0] - NIC/0-ae000
syrax-49:711383:711383 [0] NCCL INFO                             + NET[25.0] - NET/0-0 (0/ae837e0003499ee8/1/25.000000)
syrax-49:711383:711383 [0] NCCL INFO               + PCI[48.0] - GPU/0-b0000 (0)
syrax-49:711383:711383 [0] NCCL INFO ==========================================
syrax-49:711383:711383 [0] NCCL INFO GPU/0-b0000 :GPU/0-b0000 (0/5000.0/LOC) CPU/0-0 (2/48.0/PHB) NET/0-0 (5/25.0/PHB) 
syrax-49:711383:711383 [0] NCCL INFO NET/0-0 :GPU/0-b0000 (5/25.0/PHB) CPU/0-0 (3/25.0/PHB) NET/0-0 (0/5000.0/LOC) 
syrax-49:711383:711383 [0] NCCL INFO ncclTopoGetCpuAffinity: Affinity for GPU 0 is 0,64. (GPU affinity = 0-31,64-95 ; CPU affinity = 0,64).
syrax-49:711383:711383 [0] NCCL INFO Pattern 4, crossNic 0, nChannels 1, bw 20.000000/20.000000, type LOC/PHB, sameChannels 1
syrax-49:711383:711383 [0] NCCL INFO  0 : NET/0-0 GPU/0-b0000 NET/0-0
syrax-49:711383:711383 [0] NCCL INFO Pattern 3, crossNic 0, nChannels 1, bw 40.000000/20.000000, type LOC/PHB, sameChannels 1
syrax-49:711383:711383 [0] NCCL INFO  0 : NET/0-0 GPU/0-b0000 NET/0-0
eat-tacos:1607880:1607880 [0] NCCL INFO NCCL_NET_GDR_LEVEL set by environment to LOC
eat-tacos:1607880:1607880 [0] NCCL INFO GPU Direct RDMA Disabled for GPU/0-729088 (rank 1) - NET/0-0 (distance 4 > 0)
eat-tacos:1607880:1607880 [0] NCCL INFO GPU Direct RDMA Disabled for GPU/0-729088 (rank 1) - NET/0-0 (distance 4 > 0)
eat-tacos:1607880:1607880 [0] NCCL INFO === System : maxBw 25.0 totalBw 48.0 ===
eat-tacos:1607880:1607880 [0] NCCL INFO CPU/0-0 (1/1/3)
eat-tacos:1607880:1607880 [0] NCCL INFO + PCI[48.0] - PCI/0-ae000 (1000c0301000100b)
eat-tacos:1607880:1607880 [0] NCCL INFO               + PCI[48.0] - NIC/0-b0000
eat-tacos:1607880:1607880 [0] NCCL INFO                             + NET[25.0] - NET/0-0 (0/6e837e0003499ee8/1/25.000000)
eat-tacos:1607880:1607880 [0] NCCL INFO               + PCI[48.0] - GPU/0-b2000 (1)
eat-tacos:1607880:1607880 [0] NCCL INFO ==========================================
eat-tacos:1607880:1607880 [0] NCCL INFO GPU/0-b2000 :GPU/0-b2000 (0/5000.0/LOC) CPU/0-0 (2/48.0/PHB) NET/0-0 (5/25.0/PHB) 
eat-tacos:1607880:1607880 [0] NCCL INFO NET/0-0 :GPU/0-b2000 (5/25.0/PHB) CPU/0-0 (3/25.0/PHB) NET/0-0 (0/5000.0/LOC) 
eat-tacos:1607880:1607880 [0] NCCL INFO ncclTopoGetCpuAffinity: Affinity for GPU 0 is 0. (GPU affinity = 0-63,128-191 ; CPU affinity = 0).
eat-tacos:1607880:1607880 [0] NCCL INFO Pattern 4, crossNic 0, nChannels 1, bw 20.000000/20.000000, type LOC/PHB, sameChannels 1
eat-tacos:1607880:1607880 [0] NCCL INFO  0 : NET/0-0 GPU/0-b2000 NET/0-0
eat-tacos:1607880:1607880 [0] NCCL INFO Pattern 3, crossNic 0, nChannels 1, bw 40.000000/20.000000, type LOC/PHB, sameChannels 1
eat-tacos:1607880:1607880 [0] NCCL INFO  0 : NET/0-0 GPU/0-b2000 NET/0-0
syrax-49:711383:711383 [0] NCCL INFO comm 0x62543c5caca0 rank 0 nRanks 2 nNodes 2 localRanks 1 localRank 0 MNNVL 0
syrax-49:711383:711383 [0] NCCL INFO Tree 0 : -1 -> 0 -> 1/-1/-1
syrax-49:711383:711383 [0] NCCL INFO Tree 1 : 1 -> 0 -> -1/-1/-1
syrax-49:711383:711383 [0] NCCL INFO Channel 00/02 : 0 1
syrax-49:711383:711383 [0] NCCL INFO Channel 01/02 : 0 1
syrax-49:711383:711383 [0] NCCL INFO Ring 00 : 1 -> 0 -> 1
syrax-49:711383:711383 [0] NCCL INFO Ring 01 : 1 -> 0 -> 1
syrax-49:711383:711383 [0] NCCL INFO Trees [0] 1/-1/-1->0->-1 [1] -1/-1/-1->0->1
syrax-49:711383:711383 [0] NCCL INFO P2P Chunksize set to 131072
syrax-49:711383:711383 [0] NCCL INFO PROFILER/Plugin: Could not find: libnccl-profiler.so
syrax-49:711383:711383 [0] NCCL INFO Check P2P Type isAllDirectP2p 1 directMode 0 isAllCudaP2p 1
eat-tacos:1607880:1607880 [0] NCCL INFO comm 0x5e6c6571ba00 rank 1 nRanks 2 nNodes 2 localRanks 1 localRank 0 MNNVL 0
eat-tacos:1607880:1607880 [0] NCCL INFO Tree 0 : 0 -> 1 -> -1/-1/-1
eat-tacos:1607880:1607880 [0] NCCL INFO Tree 1 : -1 -> 1 -> 0/-1/-1
eat-tacos:1607880:1607880 [0] NCCL INFO Ring 00 : 0 -> 1 -> 0
eat-tacos:1607880:1607880 [0] NCCL INFO Ring 01 : 0 -> 1 -> 0
eat-tacos:1607880:1607880 [0] NCCL INFO Trees [0] -1/-1/-1->1->0 [1] 0/-1/-1->1->-1
eat-tacos:1607880:1607880 [0] NCCL INFO P2P Chunksize set to 131072
syrax-49:711383:711399 [0] NCCL INFO [Proxy Service] Device 0 CPU core 0
syrax-49:711383:711383 [0] NCCL INFO ncclP2pSchedule: group size used is 1
syrax-49:711383:711400 [0] NCCL INFO [Proxy Service UDS] Device 0 CPU core 64
eat-tacos:1607880:1607880 [0] NCCL INFO PROFILER/Plugin: Could not find: libnccl-profiler.so
eat-tacos:1607880:1607880 [0] NCCL INFO Check P2P Type isAllDirectP2p 1 directMode 0 isAllCudaP2p 1
eat-tacos:1607880:1607880 [0] NCCL INFO ncclP2pSchedule: group size used is 1
syrax-49:711383:711383 [0] NCCL INFO TUNER/Plugin: Could not find: libnccl-tuner.so
syrax-49:711383:711383 [0] NCCL INFO threadThresholds 8/8/64 | 16/8/64 | 512 | 512
syrax-49:711383:711383 [0] NCCL INFO 2 coll channels, 2 collnet channels, 0 nvls channels, 2 p2p channels, 2 p2p channels per peer
syrax-49:711383:711383 [0] NCCL INFO CC Off, workFifoBytes 1048576
syrax-49:711383:711383 [0] NCCL INFO ncclCommInitRankConfig comm 0x62543c5caca0 rank 0 nranks 2 cudaDev 0 nvmlDev 0 busId b0000 commId 0x57f3e6b5b208a85b - Init COMPLETE
syrax-49:711383:711383 [0] NCCL INFO Init timings - ncclCommInitRankConfig: rank 0 nranks 2 total 0.55 (kernels 0.30, alloc 0.10, bootstrap 0.14, allgathers 0.00, topo 0.00, graphs 0.00, connections 0.00, rest 0.00)
eat-tacos:1607880:1607917 [0] NCCL INFO [Proxy Service] Device 0 CPU core 0
eat-tacos:1607880:1607918 [0] NCCL INFO [Proxy Service UDS] Device 0 CPU core 0
eat-tacos:1607880:1607880 [0] NCCL INFO TUNER/Plugin: Could not find: libnccl-tuner.so
eat-tacos:1607880:1607880 [0] NCCL INFO threadThresholds 8/8/64 | 16/8/64 | 512 | 512
eat-tacos:1607880:1607880 [0] NCCL INFO 2 coll channels, 2 collnet channels, 0 nvls channels, 2 p2p channels, 2 p2p channels per peer
eat-tacos:1607880:1607880 [0] NCCL INFO ncclCommInitRankConfig comm 0x5e6c6571ba00 rank 1 nranks 2 cudaDev 0 nvmlDev 0 busId b2000 commId 0x57f3e6b5b208a85b - Init COMPLETE
eat-tacos:1607880:1607880 [0] NCCL INFO Init timings - ncclCommInitRankConfig: rank 1 nranks 2 total 0.55 (kernels 0.41, alloc 0.12, bootstrap 0.00, allgathers 0.00, topo 0.01, graphs 0.00, connections 0.00, rest 0.00)
#
#                                                              out-of-place                       in-place          
#       size         count      type   redop    root     time   algbw   busbw  #wrong     time   algbw   busbw  #wrong 
#        (B)    (elements)                               (us)  (GB/s)  (GB/s)             (us)  (GB/s)  (GB/s)         
syrax-49:711383:711383 [0] NCCL INFO Symmetric VA size=96GB
syrax-49:711383:711383 [0] NCCL INFO GPU Direct RDMA Disabled for GPU/0-720896 (rank 0) - NET/0-0 (distance 8 > 0)
eat-tacos:1607880:1607880 [0] NCCL INFO Symmetric VA size=96GB
eat-tacos:1607880:1607880 [0] NCCL INFO GPU Direct RDMA Disabled for GPU/0-729088 (rank 1) - NET/0-0 (distance 8 > 0)
syrax-49:711383:711399 [0] NCCL INFO New proxy recv connection 0 from local rank 0, transport 2
syrax-49:711383:711401 [0] NCCL INFO [Proxy Progress] Device 0 CPU core 0
syrax-49:711383:711383 [0] NCCL INFO Connected to proxy localRank 0 -> connection 0x7fac14000d20
syrax-49:711383:711383 [0] NCCL INFO Channel 00/0 : 1[0] -> 0[0] [receive] via NET/IB/0
syrax-49:711383:711383 [0] NCCL INFO GPU Direct RDMA Disabled for GPU/0-720896 (rank 0) - NET/0-0 (distance 8 > 0)
syrax-49:711383:711399 [0] NCCL INFO New proxy recv connection 1 from local rank 0, transport 2
syrax-49:711383:711383 [0] NCCL INFO Connected to proxy localRank 0 -> connection 0x7fac14000d98
syrax-49:711383:711383 [0] NCCL INFO Channel 01/0 : 1[0] -> 0[0] [receive] via NET/IB/0
syrax-49:711383:711383 [0] NCCL INFO GPU Direct RDMA Disabled for GPU/0-720896 (rank 0) - NET/0-0 (distance 8 > 0)
syrax-49:711383:711399 [0] NCCL INFO New proxy send connection 2 from local rank 0, transport 2
syrax-49:711383:711383 [0] NCCL INFO Connected to proxy localRank 0 -> connection 0x7fac14000e10
syrax-49:711383:711383 [0] NCCL INFO Channel 00/0 : 0[0] -> 1[0] [send] via NET/IB/0
syrax-49:711383:711383 [0] NCCL INFO GPU Direct RDMA Disabled for GPU/0-720896 (rank 0) - NET/0-0 (distance 8 > 0)
syrax-49:711383:711399 [0] NCCL INFO New proxy send connection 3 from local rank 0, transport 2
syrax-49:711383:711383 [0] NCCL INFO Connected to proxy localRank 0 -> connection 0x7fac14000e88
syrax-49:711383:711383 [0] NCCL INFO Channel 01/0 : 0[0] -> 1[0] [send] via NET/IB/0
eat-tacos:1607880:1607917 [0] NCCL INFO New proxy recv connection 0 from local rank 0, transport 2
eat-tacos:1607880:1607880 [0] NCCL INFO Connected to proxy localRank 0 -> connection 0x756d88000d20
eat-tacos:1607880:1607919 [0] NCCL INFO [Proxy Progress] Device 0 CPU core 0
eat-tacos:1607880:1607880 [0] NCCL INFO Channel 00/0 : 0[0] -> 1[0] [receive] via NET/IB/0
eat-tacos:1607880:1607880 [0] NCCL INFO GPU Direct RDMA Disabled for GPU/0-729088 (rank 1) - NET/0-0 (distance 8 > 0)
eat-tacos:1607880:1607917 [0] NCCL INFO New proxy recv connection 1 from local rank 0, transport 2
eat-tacos:1607880:1607880 [0] NCCL INFO Connected to proxy localRank 0 -> connection 0x756d88000d98
eat-tacos:1607880:1607880 [0] NCCL INFO Channel 01/0 : 0[0] -> 1[0] [receive] via NET/IB/0
eat-tacos:1607880:1607880 [0] NCCL INFO GPU Direct RDMA Disabled for GPU/0-729088 (rank 1) - NET/0-0 (distance 8 > 0)
eat-tacos:1607880:1607917 [0] NCCL INFO New proxy send connection 2 from local rank 0, transport 2
eat-tacos:1607880:1607880 [0] NCCL INFO Connected to proxy localRank 0 -> connection 0x756d88000e10
eat-tacos:1607880:1607880 [0] NCCL INFO Channel 00/0 : 1[0] -> 0[0] [send] via NET/IB/0
eat-tacos:1607880:1607880 [0] NCCL INFO GPU Direct RDMA Disabled for GPU/0-729088 (rank 1) - NET/0-0 (distance 8 > 0)
eat-tacos:1607880:1607917 [0] NCCL INFO New proxy send connection 3 from local rank 0, transport 2
eat-tacos:1607880:1607880 [0] NCCL INFO Connected to proxy localRank 0 -> connection 0x756d88000e88
eat-tacos:1607880:1607880 [0] NCCL INFO Channel 01/0 : 1[0] -> 0[0] [send] via NET/IB/0
syrax-49:711383:711399 [0] NCCL INFO NET/IB: NCCL Dev 0 IbDev 0 Port 1 qpn 18648 mtu 5 GID 3 (0/201000AFFFF0000) ctsFifoRkey=0x1809c7 ctsFifoLkey=0x1809c7
syrax-49:711383:711399 [0] NCCL INFO NET/IB: IbDev 0 Port 1 qpn 18648 query_ece={supported=1, vendor_id=0x15b3, options=0x30000002, comp_mask=0x0}
eat-tacos:1607880:1607917 [0] NCCL INFO NET/IB: NCCL Dev 0 IbDev 0 Port 1 qpn 18217 mtu 5 GID 3 (0/502000AFFFF0000) ctsFifoRkey=0x17fcb9 ctsFifoLkey=0x17fcb9
eat-tacos:1607880:1607917 [0] NCCL INFO NET/IB: IbDev 0 Port 1 qpn 18217 query_ece={supported=1, vendor_id=0x15b3, options=0x30000002, comp_mask=0x0}
syrax-49:711383:711399 [0] NCCL INFO NET/IB: IbDev 0 Port 1 qpn 18648 set_ece={supported=1, vendor_id=0x15b3, options=0x30000002, comp_mask=0x0}
eat-tacos:1607880:1607917 [0] NCCL INFO NET/IB: NCCL Dev 0 IbDev 0 Port 1 qpn 18220 mtu 5 GID 3 (0/502000AFFFF0000) ctsFifoRkey=0x17bf7c ctsFifoLkey=0x17bf7c
eat-tacos:1607880:1607917 [0] NCCL INFO NET/IB: IbDev 0 Port 1 qpn 18220 query_ece={supported=1, vendor_id=0x15b3, options=0x30000002, comp_mask=0x0}
eat-tacos:1607880:1607917 [0] NCCL INFO NET/IB: IbDev 0 Port 1 qpn 18217 set_ece={supported=1, vendor_id=0x15b3, options=0x30000002, comp_mask=0x0}
syrax-49:711383:711399 [0] NCCL INFO NET/IB: NCCL Dev 0 IbDev 0 Port 1 qpn 18651 mtu 5 GID 3 (0/201000AFFFF0000) ctsFifoRkey=0x1824e0 ctsFifoLkey=0x1824e0
syrax-49:711383:711399 [0] NCCL INFO NET/IB: IbDev 0 Port 1 qpn 18651 query_ece={supported=1, vendor_id=0x15b3, options=0x30000002, comp_mask=0x0}
eat-tacos:1607880:1607917 [0] NCCL INFO NET/IB: IbDev 0 Port 1 qpn 18220 set_ece={supported=1, vendor_id=0x15b3, options=0x30000002, comp_mask=0x0}
syrax-49:711383:711399 [0] NCCL INFO NET/IB: IbDev 0 Port 1 qpn 18651 set_ece={supported=1, vendor_id=0x15b3, options=0x30000002, comp_mask=0x0}
eat-tacos:1607880:1607880 [0] NCCL INFO Connected all rings, use ring PXN 0 GDR 0
syrax-49:711383:711383 [0] NCCL INFO Connected all rings, use ring PXN 0 GDR 0
           8             2     float     sum      -1    35.28    0.00    0.00       0    33.99    0.00    0.00       0
          16             4     float     sum      -1    33.50    0.00    0.00       0    33.03    0.00    0.00       0
          32             8     float     sum      -1    35.59    0.00    0.00       0    35.03    0.00    0.00       0
          64            16     float     sum      -1    46.61    0.00    0.00       0    36.85    0.00    0.00       0
         128            32     float     sum      -1    37.07    0.00    0.00       0    46.73    0.00    0.00       0
         256            64     float     sum      -1    38.58    0.01    0.01       0    36.65    0.01    0.01       0
         512           128     float     sum      -1    37.81    0.01    0.01       0    47.68    0.01    0.01       0
        1024           256     float     sum      -1    39.03    0.03    0.03       0    36.79    0.03    0.03       0
        2048           512     float     sum      -1    39.12    0.05    0.05       0    37.84    0.05    0.05       0
        4096          1024     float     sum      -1    37.54    0.11    0.11       0    36.61    0.11    0.11       0
        8192          2048     float     sum      -1    53.67    0.15    0.15       0    46.14    0.18    0.18       0
       16384          4096     float     sum      -1    48.89    0.34    0.34       0    48.94    0.33    0.33       0
       32768          8192     float     sum      -1    45.79    0.72    0.72       0    56.72    0.58    0.58       0
       65536         16384     float     sum      -1    61.33    1.07    1.07       0    58.51    1.12    1.12       0
      131072         32768     float     sum      -1    77.25    1.70    1.70       0    81.17    1.61    1.61       0
      262144         65536     float     sum      -1   132.00    1.99    1.99       0   133.64    1.96    1.96       0
      524288        131072     float     sum      -1   248.12    2.11    2.11       0   238.46    2.20    2.20       0
     1048576        262144     float     sum      -1   134.17    7.82    7.82       0   144.31    7.27    7.27       0
     2097152        524288     float     sum      -1   211.84    9.90    9.90       0   200.73   10.45   10.45       0
     4194304       1048576     float     sum      -1   315.41   13.30   13.30       0   312.57   13.42   13.42       0
     8388608       2097152     float     sum      -1   565.43   14.84   14.84       0   557.52   15.05   15.05       0
    16777216       4194304     float     sum      -1  1095.08   15.32   15.32       0  1119.54   14.99   14.99       0
    33554432       8388608     float     sum      -1  2171.32   15.45   15.45       0  2171.07   15.46   15.46       0
    67108864      16777216     float     sum      -1  4291.65   15.64   15.64       0  4292.58   15.63   15.63       0
   134217728      33554432     float     sum      -1  8449.18   15.89   15.89       0  8481.00   15.83   15.83       0
   268435456      67108864     float     sum      -1  16858.9   15.92   15.92       0  16874.1   15.91   15.91       0
   536870912     134217728     float     sum      -1  33326.1   16.11   16.11       0  33410.2   16.07   16.07       0
  1073741824     268435456     float     sum      -1  66565.9   16.13   16.13       0  65988.4   16.27   16.27       0
syrax-49:711383:711383 [0] NCCL INFO comm 0x62543c5caca0 rank 0 nranks 2 cudaDev 0 busId b0000 - Destroy COMPLETE
eat-tacos:1607880:1607880 [0] NCCL INFO comm 0x5e6c6571ba00 rank 1 nranks 2 cudaDev 0 busId b2000 - Destroy COMPLETE
# Out of bounds values : 0 OK
# Avg bus bandwidth    : 5.87717 
#
# Collective test concluded: all_reduce_perf
#

eat-tacos:1607880:1607880 [0] NCCL INFO ENV/Plugin: Closing env plugin ncclEnvDefault
syrax-49:711383:711383 [0] NCCL INFO ENV/Plugin: Closing env plugin ncclEnvDefault
