# nccl-tests version 2.17.9 nccl-headers=22902 nccl-library=22902
# Collective test starting: all_reduce_perf
# nThread 1 nGpus 1 minBytes 8192 maxBytes 1073741824 step: 2(factor) warmup iters: 1 iters: 20 agg iters: 1 validation: 1 graph: 0
#
# Using devices
#  Rank  0 Group  0 Pid  68215 on         c1 device  0 [0000:d8:00] NVIDIA RTX PRO 6000 Blackwell Server Edition
#  Rank  1 Group  0 Pid  54888 on         c2 device  0 [0000:b0:00] NVIDIA RTX PRO 6000 Blackwell Server Edition
#  Rank  2 Group  0 Pid  54783 on         c3 device  0 [0001:d8:00] NVIDIA RTX PRO 6000 Blackwell Server Edition
#  Rank  3 Group  0 Pid  54495 on         c4 device  0 [0001:b0:00] NVIDIA RTX PRO 6000 Blackwell Server Edition
#  Rank  4 Group  0 Pid  57813 on         c5 device  0 [0000:b2:00] NVIDIA RTX PRO 6000 Blackwell Server Edition
#  Rank  5 Group  0 Pid  56689 on         c6 device  0 [0000:d9:00] NVIDIA RTX PRO 6000 Blackwell Server Edition
#  Rank  6 Group  0 Pid  56514 on         c7 device  0 [0001:b2:00] NVIDIA RTX PRO 6000 Blackwell Server Edition
#  Rank  7 Group  0 Pid  56283 on         c8 device  0 [0001:d9:00] NVIDIA RTX PRO 6000 Blackwell Server Edition
c1:68215:68215 [0] NCCL INFO ENV/Plugin: Could not find: libnccl-env.so
c1:68215:68215 [0] NCCL INFO NCCL_SOCKET_IFNAME set to ns1pf0
c1:68215:68215 [0] NCCL INFO cudaDriverVersion 13000
c2:54888:54888 [0] NCCL INFO ENV/Plugin: Could not find: libnccl-env.so
c2:54888:54888 [0] NCCL INFO cudaDriverVersion 13000
c4:54495:54495 [0] NCCL INFO ENV/Plugin: Could not find: libnccl-env.so
c4:54495:54495 [0] NCCL INFO cudaDriverVersion 13000
c3:54783:54783 [0] NCCL INFO ENV/Plugin: Could not find: libnccl-env.so
c3:54783:54783 [0] NCCL INFO cudaDriverVersion 13000
c1:68215:68215 [0] NCCL INFO NCCL version 2.29.2+cuda13.1
c1:68215:68215 [0] NCCL INFO NCCL git version master 3266b26
c8:56283:56283 [0] NCCL INFO ENV/Plugin: Could not find: libnccl-env.so
c8:56283:56283 [0] NCCL INFO cudaDriverVersion 13000
c7:56514:56514 [0] NCCL INFO ENV/Plugin: Could not find: libnccl-env.so
c7:56514:56514 [0] NCCL INFO cudaDriverVersion 13000
c5:57813:57813 [0] NCCL INFO ENV/Plugin: Could not find: libnccl-env.so
c5:57813:57813 [0] NCCL INFO cudaDriverVersion 13000
c6:56689:56689 [0] NCCL INFO ENV/Plugin: Could not find: libnccl-env.so
c6:56689:56689 [0] NCCL INFO cudaDriverVersion 13000
c2:54888:54888 [0] NCCL INFO NCCL_SOCKET_IFNAME set to ns2pf0
c4:54495:54495 [0] NCCL INFO NCCL_SOCKET_IFNAME set to ns4pf0
c3:54783:54783 [0] NCCL INFO NCCL_SOCKET_IFNAME set to ns3pf0
c4:54495:54495 [0] NCCL INFO NCCL version 2.29.2+cuda13.1
c4:54495:54495 [0] NCCL INFO NCCL git version master 3266b26
c2:54888:54888 [0] NCCL INFO NCCL version 2.29.2+cuda13.1
c2:54888:54888 [0] NCCL INFO NCCL git version master 3266b26
c3:54783:54783 [0] NCCL INFO NCCL version 2.29.2+cuda13.1
c3:54783:54783 [0] NCCL INFO NCCL git version master 3266b26
c5:57813:57813 [0] NCCL INFO NCCL_SOCKET_IFNAME set to ns5pf0
c7:56514:56514 [0] NCCL INFO NCCL_SOCKET_IFNAME set to ns7pf0
c8:56283:56283 [0] NCCL INFO NCCL_SOCKET_IFNAME set to ns8pf0
c6:56689:56689 [0] NCCL INFO NCCL_SOCKET_IFNAME set to ns6pf0
c7:56514:56514 [0] NCCL INFO NCCL version 2.29.2+cuda13.1
c7:56514:56514 [0] NCCL INFO NCCL git version master 3266b26
c5:57813:57813 [0] NCCL INFO NCCL version 2.29.2+cuda13.1
c5:57813:57813 [0] NCCL INFO NCCL git version master 3266b26
c6:56689:56689 [0] NCCL INFO NCCL version 2.29.2+cuda13.1
c6:56689:56689 [0] NCCL INFO NCCL git version master 3266b26
c8:56283:56283 [0] NCCL INFO NCCL version 2.29.2+cuda13.1
c8:56283:56283 [0] NCCL INFO NCCL git version master 3266b26
c1:68215:68215 [0] NCCL INFO NET/Plugin: Could not find: libnccl-net.so
c2:54888:54888 [0] NCCL INFO NET/Plugin: Could not find: libnccl-net.so
c1:68215:68215 [0] NCCL INFO NCCL_IB_HCA set to mlx5_2
c2:54888:54888 [0] NCCL INFO NCCL_IB_HCA set to mlx5_0
c1:68215:68215 [0] NCCL INFO NET/IB: [0] mlx5_2:uverbs2:1/RoCE provider=Mlx5 speed=200000 context=0x6060a00ec4c0 pciPath=/sys/devices/pci0000:d3/0000:d3:02.0/0000:d4:00.0/0000:d5:00.0/0000:d6:00.0 ar=0
c1:68215:68215 [0] NCCL INFO NET/IB : Made virtual device [0] name=mlx5_2 speed=200000 ndevs=1
c2:54888:54888 [0] NCCL INFO NET/IB: [0] mlx5_0:uverbs0:1/RoCE provider=Mlx5 speed=200000 context=0x5b6dd81c7690 pciPath=/sys/devices/pci0000:ab/0000:ab:02.0/0000:ac:00.0/0000:ad:00.0/0000:ae:00.0 ar=0
c2:54888:54888 [0] NCCL INFO NET/IB : Made virtual device [0] name=mlx5_0 speed=200000 ndevs=1
c1:68215:68215 [0] NCCL INFO NET/IB : Using [0]mlx5_2:1/RoCE [RO]; OOB ns1pf0:10.0.1.1<0>
c1:68215:68215 [0] NCCL INFO Initialized NET plugin IB
c1:68215:68215 [0] NCCL INFO Assigned NET plugin IB to comm
c1:68215:68215 [0] NCCL INFO Assigned RMA plugin GIN_IB_PROXY to comm
c1:68215:68215 [0] NCCL INFO Using network IB
c2:54888:54888 [0] NCCL INFO NET/IB : Using [0]mlx5_0:1/RoCE [RO]; OOB ns2pf0:10.0.1.2<0>
c2:54888:54888 [0] NCCL INFO Initialized NET plugin IB
c2:54888:54888 [0] NCCL INFO Assigned NET plugin IB to comm
c2:54888:54888 [0] NCCL INFO Assigned RMA plugin GIN_IB_PROXY to comm
c2:54888:54888 [0] NCCL INFO Using network IB
c4:54495:54495 [0] NCCL INFO NET/Plugin: Could not find: libnccl-net.so
c4:54495:54495 [0] NCCL INFO NCCL_IB_HCA set to mlx5_4
c3:54783:54783 [0] NCCL INFO NET/Plugin: Could not find: libnccl-net.so
c3:54783:54783 [0] NCCL INFO NCCL_IB_HCA set to mlx5_6
c4:54495:54495 [0] NCCL INFO NET/IB: [0] mlx5_4:uverbs4:1/RoCE provider=Mlx5 speed=200000 context=0x6469c791ecd0 pciPath=/sys/devices/pci0001:ab/0001:ab:02.0/0001:ac:00.0/0001:ad:00.0/0001:ae:00.0 ar=0
c4:54495:54495 [0] NCCL INFO NET/IB : Made virtual device [0] name=mlx5_4 speed=200000 ndevs=1
c4:54495:54495 [0] NCCL INFO NET/IB : Using [0]mlx5_4:1/RoCE [RO]; OOB ns4pf0:10.0.1.4<0>
c4:54495:54495 [0] NCCL INFO Initialized NET plugin IB
c4:54495:54495 [0] NCCL INFO Assigned NET plugin IB to comm
c4:54495:54495 [0] NCCL INFO Assigned RMA plugin GIN_IB_PROXY to comm
c4:54495:54495 [0] NCCL INFO Using network IB
c3:54783:54783 [0] NCCL INFO NET/IB: [0] mlx5_6:uverbs6:1/RoCE provider=Mlx5 speed=200000 context=0x6301035b3090 pciPath=/sys/devices/pci0001:d3/0001:d3:02.0/0001:d4:00.0/0001:d5:00.0/0001:d6:00.0 ar=0
c3:54783:54783 [0] NCCL INFO NET/IB : Made virtual device [0] name=mlx5_6 speed=200000 ndevs=1
c1:68215:68215 [0] NCCL INFO DMA-BUF is available on GPU device 0
c1:68215:68215 [0] NCCL INFO [Rank 0] ncclCommInitRankConfig comm 0x606099ac5df0 rank 0 nranks 8 cudaDev 0 nvmlDev 0 busId d8000 commId 0x2ec6cc4f7424dda3 - Init START
c3:54783:54783 [0] NCCL INFO NET/IB : Using [0]mlx5_6:1/RoCE [RO]; OOB ns3pf0:10.0.1.3<0>
c3:54783:54783 [0] NCCL INFO Initialized NET plugin IB
c3:54783:54783 [0] NCCL INFO Assigned NET plugin IB to comm
c3:54783:54783 [0] NCCL INFO Assigned RMA plugin GIN_IB_PROXY to comm
c3:54783:54783 [0] NCCL INFO Using network IB
c2:54888:54888 [0] NCCL INFO DMA-BUF is available on GPU device 0
c2:54888:54888 [0] NCCL INFO [Rank 1] ncclCommInitRankConfig comm 0x5b6dd1b94730 rank 1 nranks 8 cudaDev 0 nvmlDev 0 busId b0000 commId 0x2ec6cc4f7424dda3 - Init START
c4:54495:54495 [0] NCCL INFO DMA-BUF is available on GPU device 0
c4:54495:54495 [0] NCCL INFO [Rank 3] ncclCommInitRankConfig comm 0x6469c12eb0c0 rank 3 nranks 8 cudaDev 0 nvmlDev 0 busId 1b0000 commId 0x2ec6cc4f7424dda3 - Init START
c3:54783:54783 [0] NCCL INFO DMA-BUF is available on GPU device 0
c3:54783:54783 [0] NCCL INFO [Rank 2] ncclCommInitRankConfig comm 0x6300fcf7fec0 rank 2 nranks 8 cudaDev 0 nvmlDev 0 busId 1d8000 commId 0x2ec6cc4f7424dda3 - Init START
c2:54888:54888 [0] NCCL INFO RAS client listening socket at ::1<28028>
c3:54783:54783 [0] NCCL INFO RAS client listening socket at ::1<28028>
c5:57813:57813 [0] NCCL INFO NET/Plugin: Could not find: libnccl-net.so
c6:56689:56689 [0] NCCL INFO NET/Plugin: Could not find: libnccl-net.so
c5:57813:57813 [0] NCCL INFO NCCL_IB_HCA set to mlx5_0
c6:56689:56689 [0] NCCL INFO NCCL_IB_HCA set to mlx5_2
c8:56283:56283 [0] NCCL INFO NET/Plugin: Could not find: libnccl-net.so
c7:56514:56514 [0] NCCL INFO NET/Plugin: Could not find: libnccl-net.so
c7:56514:56514 [0] NCCL INFO NCCL_IB_HCA set to mlx5_4
c8:56283:56283 [0] NCCL INFO NCCL_IB_HCA set to mlx5_6
c6:56689:56689 [0] NCCL INFO NET/IB: [0] mlx5_2:uverbs2:1/RoCE provider=Mlx5 speed=200000 context=0x57b454a726f0 pciPath=/sys/devices/pci0000:d4/0000:d4:02.0/0000:d5:00.0/0000:d6:00.0/0000:d7:00.0 ar=0
c6:56689:56689 [0] NCCL INFO NET/IB : Made virtual device [0] name=mlx5_2 speed=200000 ndevs=1
c5:57813:57813 [0] NCCL INFO NET/IB: [0] mlx5_0:uverbs0:1/RoCE provider=Mlx5 speed=200000 context=0x578136ad9210 pciPath=/sys/devices/pci0000:ad/0000:ad:02.0/0000:ae:00.0/0000:af:00.0/0000:b0:00.0 ar=0
c5:57813:57813 [0] NCCL INFO NET/IB : Made virtual device [0] name=mlx5_0 speed=200000 ndevs=1
c5:57813:57813 [0] NCCL INFO NET/IB : Using [0]mlx5_0:1/RoCE [RO]; OOB ns5pf0:10.0.2.5<0>
c5:57813:57813 [0] NCCL INFO Initialized NET plugin IB
c5:57813:57813 [0] NCCL INFO Assigned NET plugin IB to comm
c5:57813:57813 [0] NCCL INFO Assigned RMA plugin GIN_IB_PROXY to comm
c5:57813:57813 [0] NCCL INFO Using network IB
c8:56283:56283 [0] NCCL INFO NET/IB: [0] mlx5_6:uverbs6:1/RoCE provider=Mlx5 speed=200000 context=0x5630315ea340 pciPath=/sys/devices/pci0001:d4/0001:d4:02.0/0001:d5:00.0/0001:d6:00.0/0001:d7:00.0 ar=0
c8:56283:56283 [0] NCCL INFO NET/IB : Made virtual device [0] name=mlx5_6 speed=200000 ndevs=1
c7:56514:56514 [0] NCCL INFO NET/IB: [0] mlx5_4:uverbs4:1/RoCE provider=Mlx5 speed=200000 context=0x5d684837d190 pciPath=/sys/devices/pci0001:ad/0001:ad:02.0/0001:ae:00.0/0001:af:00.0/0001:b0:00.0 ar=0
c7:56514:56514 [0] NCCL INFO NET/IB : Made virtual device [0] name=mlx5_4 speed=200000 ndevs=1
c6:56689:56689 [0] NCCL INFO NET/IB : Using [0]mlx5_2:1/RoCE [RO]; OOB ns6pf0:10.0.2.6<0>
c6:56689:56689 [0] NCCL INFO Initialized NET plugin IB
c6:56689:56689 [0] NCCL INFO Assigned NET plugin IB to comm
c6:56689:56689 [0] NCCL INFO Assigned RMA plugin GIN_IB_PROXY to comm
c6:56689:56689 [0] NCCL INFO Using network IB
c7:56514:56514 [0] NCCL INFO NET/IB : Using [0]mlx5_4:1/RoCE [RO]; OOB ns7pf0:10.0.2.7<0>
c7:56514:56514 [0] NCCL INFO Initialized NET plugin IB
c7:56514:56514 [0] NCCL INFO Assigned NET plugin IB to comm
c7:56514:56514 [0] NCCL INFO Assigned RMA plugin GIN_IB_PROXY to comm
c7:56514:56514 [0] NCCL INFO Using network IB
c8:56283:56283 [0] NCCL INFO NET/IB : Using [0]mlx5_6:1/RoCE [RO]; OOB ns8pf0:10.0.2.8<0>
c8:56283:56283 [0] NCCL INFO Initialized NET plugin IB
c8:56283:56283 [0] NCCL INFO Assigned NET plugin IB to comm
c8:56283:56283 [0] NCCL INFO Assigned RMA plugin GIN_IB_PROXY to comm
c8:56283:56283 [0] NCCL INFO Using network IB
c5:57813:57813 [0] NCCL INFO DMA-BUF is available on GPU device 0
c5:57813:57813 [0] NCCL INFO [Rank 4] ncclCommInitRankConfig comm 0x5781304a6010 rank 4 nranks 8 cudaDev 0 nvmlDev 0 busId b2000 commId 0x2ec6cc4f7424dda3 - Init START
c6:56689:56689 [0] NCCL INFO DMA-BUF is available on GPU device 0
c6:56689:56689 [0] NCCL INFO [Rank 5] ncclCommInitRankConfig comm 0x57b44e43f4c0 rank 5 nranks 8 cudaDev 0 nvmlDev 0 busId d9000 commId 0x2ec6cc4f7424dda3 - Init START
c4:54495:54495 [0] NCCL INFO RAS client listening socket at ::1<28028>
c5:57813:57813 [0] NCCL INFO RAS client listening socket at ::1<28028>
c7:56514:56514 [0] NCCL INFO DMA-BUF is available on GPU device 0
c7:56514:56514 [0] NCCL INFO [Rank 6] ncclCommInitRankConfig comm 0x5d6841d49e20 rank 6 nranks 8 cudaDev 0 nvmlDev 0 busId 1b2000 commId 0x2ec6cc4f7424dda3 - Init START
c8:56283:56283 [0] NCCL INFO DMA-BUF is available on GPU device 0
c8:56283:56283 [0] NCCL INFO [Rank 7] ncclCommInitRankConfig comm 0x56302afb6e50 rank 7 nranks 8 cudaDev 0 nvmlDev 0 busId 1d9000 commId 0x2ec6cc4f7424dda3 - Init START
c6:56689:56689 [0] NCCL INFO RAS client listening socket at ::1<28028>
c7:56514:56514 [0] NCCL INFO RAS client listening socket at ::1<28028>
c1:68215:68215 [0] NCCL INFO RAS client listening socket at ::1<28028>
c8:56283:56283 [0] NCCL INFO RAS client listening socket at ::1<28028>
c1:68215:68215 [0] NCCL INFO NCCL_P2P_DISABLE set by environment to 1
c6:56689:56689 [0] NCCL INFO NCCL_P2P_DISABLE set by environment to 1
c8:56283:56283 [0] NCCL INFO NCCL_P2P_DISABLE set by environment to 1
c7:56514:56514 [0] NCCL INFO NCCL_P2P_DISABLE set by environment to 1
c2:54888:54888 [0] NCCL INFO NCCL_P2P_DISABLE set by environment to 1
c4:54495:54495 [0] NCCL INFO NCCL_P2P_DISABLE set by environment to 1
c3:54783:54783 [0] NCCL INFO NCCL_P2P_DISABLE set by environment to 1
c5:57813:57813 [0] NCCL INFO NCCL_P2P_DISABLE set by environment to 1
c1:68215:68215 [0] NCCL INFO TOPO/NET : Importing network plugins to topology
c2:54888:54888 [0] NCCL INFO TOPO/NET : Importing network plugins to topology
c2:54888:54888 [0] NCCL INFO NET/IB : GPU Direct RDMA Enabled for HCA 0 'mlx5_0'
c2:54888:54888 [0] NCCL INFO ncclTopoPopulateNics : Filled mlx5_0 in topo with pciPath=/sys/devices/pci0000:ab/0000:ab:02.0/0000:ac:00.0/0000:ad:00.0/0000:ae:00.0 keep=1 coll=(null)
c1:68215:68215 [0] NCCL INFO NET/IB : GPU Direct RDMA Enabled for HCA 0 'mlx5_2'
c1:68215:68215 [0] NCCL INFO ncclTopoPopulateNics : Filled mlx5_2 in topo with pciPath=/sys/devices/pci0000:d3/0000:d3:02.0/0000:d4:00.0/0000:d5:00.0/0000:d6:00.0 keep=1 coll=(null)
c3:54783:54783 [0] NCCL INFO TOPO/NET : Importing network plugins to topology
c3:54783:54783 [0] NCCL INFO NET/IB : GPU Direct RDMA Enabled for HCA 0 'mlx5_6'
c3:54783:54783 [0] NCCL INFO ncclTopoPopulateNics : Filled mlx5_6 in topo with pciPath=/sys/devices/pci0001:d3/0001:d3:02.0/0001:d4:00.0/0001:d5:00.0/0001:d6:00.0 keep=1 coll=(null)
c4:54495:54495 [0] NCCL INFO TOPO/NET : Importing network plugins to topology
c4:54495:54495 [0] NCCL INFO NET/IB : GPU Direct RDMA Enabled for HCA 0 'mlx5_4'
c4:54495:54495 [0] NCCL INFO ncclTopoPopulateNics : Filled mlx5_4 in topo with pciPath=/sys/devices/pci0001:ab/0001:ab:02.0/0001:ac:00.0/0001:ad:00.0/0001:ae:00.0 keep=1 coll=(null)
c6:56689:56689 [0] NCCL INFO TOPO/NET : Importing network plugins to topology
c2:54888:54888 [0] NCCL INFO NCCL_NET_GDR_LEVEL set by environment to LOC
c2:54888:54888 [0] NCCL INFO GPU Direct RDMA Disabled for GPU/0-720896 (rank 1) - NET/0-0 (distance 4 > 0)
c2:54888:54888 [0] NCCL INFO GPU Direct RDMA Disabled for GPU/0-720896 (rank 1) - NET/0-0 (distance 4 > 0)
c2:54888:54888 [0] NCCL INFO === System : maxBw 25.0 totalBw 48.0 ===
c2:54888:54888 [0] NCCL INFO CPU/0-0 (1/1/3)
c2:54888:54888 [0] NCCL INFO + PCI[48.0] - PCI/0-ac000 (1000c0301000100b)
c2:54888:54888 [0] NCCL INFO               + PCI[48.0] - NIC/0-ae000
c2:54888:54888 [0] NCCL INFO                             + NET[25.0] - NET/0-0 (0/ae837e0003499ee8/1/25.000000)
c2:54888:54888 [0] NCCL INFO               + PCI[48.0] - GPU/0-b0000 (1)
c2:54888:54888 [0] NCCL INFO ==========================================
c2:54888:54888 [0] NCCL INFO GPU/0-b0000 :GPU/0-b0000 (0/5000.0/LOC) CPU/0-0 (2/48.0/PHB) NET/0-0 (5/25.0/PHB) 
c2:54888:54888 [0] NCCL INFO NET/0-0 :GPU/0-b0000 (5/25.0/PHB) CPU/0-0 (3/25.0/PHB) NET/0-0 (0/5000.0/LOC) 
c2:54888:54888 [0] NCCL INFO ncclTopoGetCpuAffinity: Affinity for GPU 0 is 16. (GPU affinity = 0-31,64-95 ; CPU affinity = 16).
c3:54783:54783 [0] NCCL INFO NCCL_NET_GDR_LEVEL set by environment to LOC
c3:54783:54783 [0] NCCL INFO GPU Direct RDMA Disabled for GPU/0-1933312 (rank 2) - NET/0-0 (distance 4 > 0)
c3:54783:54783 [0] NCCL INFO GPU Direct RDMA Disabled for GPU/0-1933312 (rank 2) - NET/0-0 (distance 4 > 0)
c3:54783:54783 [0] NCCL INFO === System : maxBw 25.0 totalBw 48.0 ===
c3:54783:54783 [0] NCCL INFO CPU/0-1 (1/1/3)
c3:54783:54783 [0] NCCL INFO + PCI[48.0] - PCI/0-1d4000 (1000c0301000100b)
c3:54783:54783 [0] NCCL INFO               + PCI[48.0] - NIC/0-1d6000
c3:54783:54783 [0] NCCL INFO                             + NET[25.0] - NET/0-0 (0/7819590003499ee8/1/25.000000)
c3:54783:54783 [0] NCCL INFO               + PCI[48.0] - GPU/0-1d8000 (2)
c3:54783:54783 [0] NCCL INFO ==========================================
c3:54783:54783 [0] NCCL INFO GPU/0-1d8000 :GPU/0-1d8000 (0/5000.0/LOC) CPU/0-1 (2/48.0/PHB) NET/0-0 (5/25.0/PHB) 
c3:54783:54783 [0] NCCL INFO NET/0-0 :GPU/0-1d8000 (5/25.0/PHB) CPU/0-1 (3/25.0/PHB) NET/0-0 (0/5000.0/LOC) 
c3:54783:54783 [0] NCCL INFO ncclTopoGetCpuAffinity: Affinity for GPU 0 is 32. (GPU affinity = 32-63,96-127 ; CPU affinity = 32).
c2:54888:54888 [0] NCCL INFO Pattern 4, crossNic 0, nChannels 1, bw 20.000000/20.000000, type LOC/PHB, sameChannels 1
c2:54888:54888 [0] NCCL INFO  0 : NET/0-0 GPU/0-b0000 NET/0-0
c2:54888:54888 [0] NCCL INFO Pattern 3, crossNic 0, nChannels 1, bw 40.000000/20.000000, type LOC/PHB, sameChannels 1
c2:54888:54888 [0] NCCL INFO  0 : NET/0-0 GPU/0-b0000 NET/0-0
c7:56514:56514 [0] NCCL INFO TOPO/NET : Importing network plugins to topology
c6:56689:56689 [0] NCCL INFO NET/IB : GPU Direct RDMA Enabled for HCA 0 'mlx5_2'
c6:56689:56689 [0] NCCL INFO ncclTopoPopulateNics : Filled mlx5_2 in topo with pciPath=/sys/devices/pci0000:d4/0000:d4:02.0/0000:d5:00.0/0000:d6:00.0/0000:d7:00.0 keep=1 coll=(null)
c3:54783:54783 [0] NCCL INFO Pattern 4, crossNic 0, nChannels 1, bw 20.000000/20.000000, type LOC/PHB, sameChannels 1
c3:54783:54783 [0] NCCL INFO  0 : NET/0-0 GPU/0-1d8000 NET/0-0
c3:54783:54783 [0] NCCL INFO Pattern 3, crossNic 0, nChannels 1, bw 40.000000/20.000000, type LOC/PHB, sameChannels 1
c3:54783:54783 [0] NCCL INFO  0 : NET/0-0 GPU/0-1d8000 NET/0-0
c1:68215:68215 [0] NCCL INFO NCCL_NET_GDR_LEVEL set by environment to LOC
c1:68215:68215 [0] NCCL INFO GPU Direct RDMA Disabled for GPU/0-884736 (rank 0) - NET/0-0 (distance 4 > 0)
c1:68215:68215 [0] NCCL INFO GPU Direct RDMA Disabled for GPU/0-884736 (rank 0) - NET/0-0 (distance 4 > 0)
c1:68215:68215 [0] NCCL INFO === System : maxBw 25.0 totalBw 48.0 ===
c1:68215:68215 [0] NCCL INFO CPU/0-0 (1/1/3)
c1:68215:68215 [0] NCCL INFO + PCI[48.0] - PCI/0-d4000 (1000c0301000100b)
c1:68215:68215 [0] NCCL INFO               + PCI[48.0] - NIC/0-d6000
c1:68215:68215 [0] NCCL INFO                             + NET[25.0] - NET/0-0 (0/e837e0003499ee8/1/25.000000)
c1:68215:68215 [0] NCCL INFO               + PCI[48.0] - GPU/0-d8000 (0)
c1:68215:68215 [0] NCCL INFO ==========================================
c1:68215:68215 [0] NCCL INFO GPU/0-d8000 :GPU/0-d8000 (0/5000.0/LOC) CPU/0-0 (2/48.0/PHB) NET/0-0 (5/25.0/PHB) 
c1:68215:68215 [0] NCCL INFO NET/0-0 :GPU/0-d8000 (5/25.0/PHB) CPU/0-0 (3/25.0/PHB) NET/0-0 (0/5000.0/LOC) 
c1:68215:68215 [0] NCCL INFO ncclTopoGetCpuAffinity: Affinity for GPU 0 is 1. (GPU affinity = 0-31,64-95 ; CPU affinity = 1).
c1:68215:68215 [0] NCCL INFO Pattern 4, crossNic 0, nChannels 1, bw 20.000000/20.000000, type LOC/PHB, sameChannels 1
c1:68215:68215 [0] NCCL INFO  0 : NET/0-0 GPU/0-d8000 NET/0-0
c1:68215:68215 [0] NCCL INFO Pattern 3, crossNic 0, nChannels 1, bw 40.000000/20.000000, type LOC/PHB, sameChannels 1
c1:68215:68215 [0] NCCL INFO  0 : NET/0-0 GPU/0-d8000 NET/0-0
c5:57813:57813 [0] NCCL INFO TOPO/NET : Importing network plugins to topology
c8:56283:56283 [0] NCCL INFO TOPO/NET : Importing network plugins to topology
c8:56283:56283 [0] NCCL INFO NET/IB : GPU Direct RDMA Enabled for HCA 0 'mlx5_6'
c8:56283:56283 [0] NCCL INFO ncclTopoPopulateNics : Filled mlx5_6 in topo with pciPath=/sys/devices/pci0001:d4/0001:d4:02.0/0001:d5:00.0/0001:d6:00.0/0001:d7:00.0 keep=1 coll=(null)
c7:56514:56514 [0] NCCL INFO NET/IB : GPU Direct RDMA Enabled for HCA 0 'mlx5_4'
c7:56514:56514 [0] NCCL INFO ncclTopoPopulateNics : Filled mlx5_4 in topo with pciPath=/sys/devices/pci0001:ad/0001:ad:02.0/0001:ae:00.0/0001:af:00.0/0001:b0:00.0 keep=1 coll=(null)
c4:54495:54495 [0] NCCL INFO NCCL_NET_GDR_LEVEL set by environment to LOC
c4:54495:54495 [0] NCCL INFO GPU Direct RDMA Disabled for GPU/0-1769472 (rank 3) - NET/0-0 (distance 4 > 0)
c4:54495:54495 [0] NCCL INFO GPU Direct RDMA Disabled for GPU/0-1769472 (rank 3) - NET/0-0 (distance 4 > 0)
c4:54495:54495 [0] NCCL INFO === System : maxBw 25.0 totalBw 48.0 ===
c4:54495:54495 [0] NCCL INFO CPU/0-1 (1/1/3)
c4:54495:54495 [0] NCCL INFO + PCI[48.0] - PCI/0-1ac000 (1000c0301000100b)
c4:54495:54495 [0] NCCL INFO               + PCI[48.0] - NIC/0-1ae000
c4:54495:54495 [0] NCCL INFO                             + NET[25.0] - NET/0-0 (0/180d590003499ee8/1/25.000000)
c4:54495:54495 [0] NCCL INFO               + PCI[48.0] - GPU/0-1b0000 (3)
c4:54495:54495 [0] NCCL INFO ==========================================
c4:54495:54495 [0] NCCL INFO GPU/0-1b0000 :GPU/0-1b0000 (0/5000.0/LOC) CPU/0-1 (2/48.0/PHB) NET/0-0 (5/25.0/PHB) 
c4:54495:54495 [0] NCCL INFO NET/0-0 :GPU/0-1b0000 (5/25.0/PHB) CPU/0-1 (3/25.0/PHB) NET/0-0 (0/5000.0/LOC) 
c4:54495:54495 [0] NCCL INFO ncclTopoGetCpuAffinity: Affinity for GPU 0 is 48. (GPU affinity = 32-63,96-127 ; CPU affinity = 48).
c4:54495:54495 [0] NCCL INFO Pattern 4, crossNic 0, nChannels 1, bw 20.000000/20.000000, type LOC/PHB, sameChannels 1
c4:54495:54495 [0] NCCL INFO  0 : NET/0-0 GPU/0-1b0000 NET/0-0
c4:54495:54495 [0] NCCL INFO Pattern 3, crossNic 0, nChannels 1, bw 40.000000/20.000000, type LOC/PHB, sameChannels 1
c4:54495:54495 [0] NCCL INFO  0 : NET/0-0 GPU/0-1b0000 NET/0-0
c5:57813:57813 [0] NCCL INFO NET/IB : GPU Direct RDMA Enabled for HCA 0 'mlx5_0'
c5:57813:57813 [0] NCCL INFO ncclTopoPopulateNics : Filled mlx5_0 in topo with pciPath=/sys/devices/pci0000:ad/0000:ad:02.0/0000:ae:00.0/0000:af:00.0/0000:b0:00.0 keep=1 coll=(null)
c8:56283:56283 [0] NCCL INFO NCCL_NET_GDR_LEVEL set by environment to LOC
c8:56283:56283 [0] NCCL INFO GPU Direct RDMA Disabled for GPU/0-1937408 (rank 7) - NET/0-0 (distance 4 > 0)
c8:56283:56283 [0] NCCL INFO GPU Direct RDMA Disabled for GPU/0-1937408 (rank 7) - NET/0-0 (distance 4 > 0)
c8:56283:56283 [0] NCCL INFO === System : maxBw 25.0 totalBw 48.0 ===
c8:56283:56283 [0] NCCL INFO CPU/0-1 (1/1/3)
c8:56283:56283 [0] NCCL INFO + PCI[48.0] - PCI/0-1d5000 (1000c0301000100b)
c8:56283:56283 [0] NCCL INFO               + PCI[48.0] - NIC/0-1d7000
c8:56283:56283 [0] NCCL INFO                             + NET[25.0] - NET/0-0 (0/580d590003499ee8/1/25.000000)
c8:56283:56283 [0] NCCL INFO               + PCI[48.0] - GPU/0-1d9000 (7)
c8:56283:56283 [0] NCCL INFO ==========================================
c8:56283:56283 [0] NCCL INFO GPU/0-1d9000 :GPU/0-1d9000 (0/5000.0/LOC) CPU/0-1 (2/48.0/PHB) NET/0-0 (5/25.0/PHB) 
c8:56283:56283 [0] NCCL INFO NET/0-0 :GPU/0-1d9000 (5/25.0/PHB) CPU/0-1 (3/25.0/PHB) NET/0-0 (0/5000.0/LOC) 
c8:56283:56283 [0] NCCL INFO ncclTopoGetCpuAffinity: Affinity for GPU 0 is 96. (GPU affinity = 64-127,192-255 ; CPU affinity = 96).
c8:56283:56283 [0] NCCL INFO Pattern 4, crossNic 0, nChannels 1, bw 20.000000/20.000000, type LOC/PHB, sameChannels 1
c8:56283:56283 [0] NCCL INFO  0 : NET/0-0 GPU/0-1d9000 NET/0-0
c7:56514:56514 [0] NCCL INFO NCCL_NET_GDR_LEVEL set by environment to LOC
c7:56514:56514 [0] NCCL INFO GPU Direct RDMA Disabled for GPU/0-1777664 (rank 6) - NET/0-0 (distance 4 > 0)
c7:56514:56514 [0] NCCL INFO GPU Direct RDMA Disabled for GPU/0-1777664 (rank 6) - NET/0-0 (distance 4 > 0)
c7:56514:56514 [0] NCCL INFO === System : maxBw 25.0 totalBw 48.0 ===
c7:56514:56514 [0] NCCL INFO CPU/0-1 (1/1/3)
c7:56514:56514 [0] NCCL INFO + PCI[48.0] - PCI/0-1ae000 (1000c0301000100b)
c7:56514:56514 [0] NCCL INFO               + PCI[48.0] - NIC/0-1b0000
c7:56514:56514 [0] NCCL INFO                             + NET[25.0] - NET/0-0 (0/380d590003499ee8/1/25.000000)
c7:56514:56514 [0] NCCL INFO               + PCI[48.0] - GPU/0-1b2000 (6)
c7:56514:56514 [0] NCCL INFO ==========================================
c7:56514:56514 [0] NCCL INFO GPU/0-1b2000 :GPU/0-1b2000 (0/5000.0/LOC) CPU/0-1 (2/48.0/PHB) NET/0-0 (5/25.0/PHB) 
c7:56514:56514 [0] NCCL INFO NET/0-0 :GPU/0-1b2000 (5/25.0/PHB) CPU/0-1 (3/25.0/PHB) NET/0-0 (0/5000.0/LOC) 
c7:56514:56514 [0] NCCL INFO ncclTopoGetCpuAffinity: Affinity for GPU 0 is 64. (GPU affinity = 64-127,192-255 ; CPU affinity = 64).
c8:56283:56283 [0] NCCL INFO Pattern 3, crossNic 0, nChannels 1, bw 40.000000/20.000000, type LOC/PHB, sameChannels 1
c8:56283:56283 [0] NCCL INFO  0 : NET/0-0 GPU/0-1d9000 NET/0-0
c7:56514:56514 [0] NCCL INFO Pattern 4, crossNic 0, nChannels 1, bw 20.000000/20.000000, type LOC/PHB, sameChannels 1
c7:56514:56514 [0] NCCL INFO  0 : NET/0-0 GPU/0-1b2000 NET/0-0
c7:56514:56514 [0] NCCL INFO Pattern 3, crossNic 0, nChannels 1, bw 40.000000/20.000000, type LOC/PHB, sameChannels 1
c7:56514:56514 [0] NCCL INFO  0 : NET/0-0 GPU/0-1b2000 NET/0-0
c5:57813:57813 [0] NCCL INFO NCCL_NET_GDR_LEVEL set by environment to LOC
c5:57813:57813 [0] NCCL INFO GPU Direct RDMA Disabled for GPU/0-729088 (rank 4) - NET/0-0 (distance 4 > 0)
c5:57813:57813 [0] NCCL INFO GPU Direct RDMA Disabled for GPU/0-729088 (rank 4) - NET/0-0 (distance 4 > 0)
c5:57813:57813 [0] NCCL INFO === System : maxBw 25.0 totalBw 48.0 ===
c5:57813:57813 [0] NCCL INFO CPU/0-0 (1/1/3)
c5:57813:57813 [0] NCCL INFO + PCI[48.0] - PCI/0-ae000 (1000c0301000100b)
c5:57813:57813 [0] NCCL INFO               + PCI[48.0] - NIC/0-b0000
c5:57813:57813 [0] NCCL INFO                             + NET[25.0] - NET/0-0 (0/6e837e0003499ee8/1/25.000000)
c5:57813:57813 [0] NCCL INFO               + PCI[48.0] - GPU/0-b2000 (4)
c5:57813:57813 [0] NCCL INFO ==========================================
c5:57813:57813 [0] NCCL INFO GPU/0-b2000 :GPU/0-b2000 (0/5000.0/LOC) CPU/0-0 (2/48.0/PHB) NET/0-0 (5/25.0/PHB) 
c5:57813:57813 [0] NCCL INFO NET/0-0 :GPU/0-b2000 (5/25.0/PHB) CPU/0-0 (3/25.0/PHB) NET/0-0 (0/5000.0/LOC) 
c5:57813:57813 [0] NCCL INFO ncclTopoGetCpuAffinity: Affinity for GPU 0 is 1. (GPU affinity = 0-63,128-191 ; CPU affinity = 1).
c5:57813:57813 [0] NCCL INFO Pattern 4, crossNic 0, nChannels 1, bw 20.000000/20.000000, type LOC/PHB, sameChannels 1
c5:57813:57813 [0] NCCL INFO  0 : NET/0-0 GPU/0-b2000 NET/0-0
c5:57813:57813 [0] NCCL INFO Pattern 3, crossNic 0, nChannels 1, bw 40.000000/20.000000, type LOC/PHB, sameChannels 1
c5:57813:57813 [0] NCCL INFO  0 : NET/0-0 GPU/0-b2000 NET/0-0
c6:56689:56689 [0] NCCL INFO NCCL_NET_GDR_LEVEL set by environment to LOC
c6:56689:56689 [0] NCCL INFO GPU Direct RDMA Disabled for GPU/0-888832 (rank 5) - NET/0-0 (distance 4 > 0)
c6:56689:56689 [0] NCCL INFO GPU Direct RDMA Disabled for GPU/0-888832 (rank 5) - NET/0-0 (distance 4 > 0)
c6:56689:56689 [0] NCCL INFO === System : maxBw 25.0 totalBw 48.0 ===
c6:56689:56689 [0] NCCL INFO CPU/0-0 (1/1/3)
c6:56689:56689 [0] NCCL INFO + PCI[48.0] - PCI/0-d5000 (1000c0301000100b)
c6:56689:56689 [0] NCCL INFO               + PCI[48.0] - NIC/0-d7000
c6:56689:56689 [0] NCCL INFO                             + NET[25.0] - NET/0-0 (0/4e837e0003499ee8/1/25.000000)
c6:56689:56689 [0] NCCL INFO               + PCI[48.0] - GPU/0-d9000 (5)
c6:56689:56689 [0] NCCL INFO ==========================================
c6:56689:56689 [0] NCCL INFO GPU/0-d9000 :GPU/0-d9000 (0/5000.0/LOC) CPU/0-0 (2/48.0/PHB) NET/0-0 (5/25.0/PHB) 
c6:56689:56689 [0] NCCL INFO NET/0-0 :GPU/0-d9000 (5/25.0/PHB) CPU/0-0 (3/25.0/PHB) NET/0-0 (0/5000.0/LOC) 
c6:56689:56689 [0] NCCL INFO ncclTopoGetCpuAffinity: Affinity for GPU 0 is 32. (GPU affinity = 0-63,128-191 ; CPU affinity = 32).
c6:56689:56689 [0] NCCL INFO Pattern 4, crossNic 0, nChannels 1, bw 20.000000/20.000000, type LOC/PHB, sameChannels 1
c6:56689:56689 [0] NCCL INFO  0 : NET/0-0 GPU/0-d9000 NET/0-0
c6:56689:56689 [0] NCCL INFO Pattern 3, crossNic 0, nChannels 1, bw 40.000000/20.000000, type LOC/PHB, sameChannels 1
c6:56689:56689 [0] NCCL INFO  0 : NET/0-0 GPU/0-d9000 NET/0-0
c1:68215:68215 [0] NCCL INFO comm 0x606099ac5df0 rank 0 nRanks 8 nNodes 8 localRanks 1 localRank 0 MNNVL 0
c1:68215:68215 [0] NCCL INFO Tree 0 : -1 -> 0 -> 4/-1/-1
c1:68215:68215 [0] NCCL INFO Tree 1 : 1 -> 0 -> -1/-1/-1
c1:68215:68215 [0] NCCL INFO Channel 00/02 : 0 1 2 3 4 5 6 7
c1:68215:68215 [0] NCCL INFO Channel 01/02 : 0 1 2 3 4 5 6 7
c1:68215:68215 [0] NCCL INFO Ring 00 : 7 -> 0 -> 1
c1:68215:68215 [0] NCCL INFO Ring 01 : 7 -> 0 -> 1
c1:68215:68215 [0] NCCL INFO Trees [0] 4/-1/-1->0->-1 [1] -1/-1/-1->0->1
c1:68215:68215 [0] NCCL INFO P2P Chunksize set to 131072
c5:57813:57813 [0] NCCL INFO comm 0x5781304a6010 rank 4 nRanks 8 nNodes 8 localRanks 1 localRank 0 MNNVL 0
c5:57813:57813 [0] NCCL INFO Tree 0 : 0 -> 4 -> 2/6/-1
c5:57813:57813 [0] NCCL INFO Tree 1 : 5 -> 4 -> -1/-1/-1
c5:57813:57813 [0] NCCL INFO Ring 00 : 3 -> 4 -> 5
c5:57813:57813 [0] NCCL INFO Ring 01 : 3 -> 4 -> 5
c5:57813:57813 [0] NCCL INFO Trees [0] 2/6/-1->4->0 [1] -1/-1/-1->4->5
c5:57813:57813 [0] NCCL INFO P2P Chunksize set to 131072
c6:56689:56689 [0] NCCL INFO comm 0x57b44e43f4c0 rank 5 nRanks 8 nNodes 8 localRanks 1 localRank 0 MNNVL 0
c6:56689:56689 [0] NCCL INFO Tree 0 : 6 -> 5 -> -1/-1/-1
c6:56689:56689 [0] NCCL INFO Tree 1 : 3 -> 5 -> 6/4/-1
c6:56689:56689 [0] NCCL INFO Ring 00 : 4 -> 5 -> 6
c6:56689:56689 [0] NCCL INFO Ring 01 : 4 -> 5 -> 6
c6:56689:56689 [0] NCCL INFO Trees [0] -1/-1/-1->5->6 [1] 6/4/-1->5->3
c6:56689:56689 [0] NCCL INFO P2P Chunksize set to 131072
c5:57813:57813 [0] NCCL INFO PROFILER/Plugin: Could not find: libnccl-profiler.so
c5:57813:57813 [0] NCCL INFO Check P2P Type isAllDirectP2p 1 directMode 0 isAllCudaP2p 1
c6:56689:56689 [0] NCCL INFO PROFILER/Plugin: Could not find: libnccl-profiler.so
c6:56689:56689 [0] NCCL INFO Check P2P Type isAllDirectP2p 1 directMode 0 isAllCudaP2p 1
c8:56283:56283 [0] NCCL INFO comm 0x56302afb6e50 rank 7 nRanks 8 nNodes 8 localRanks 1 localRank 0 MNNVL 0
c8:56283:56283 [0] NCCL INFO Tree 0 : 6 -> 7 -> -1/-1/-1
c8:56283:56283 [0] NCCL INFO Tree 1 : -1 -> 7 -> 3/-1/-1
c8:56283:56283 [0] NCCL INFO Ring 00 : 6 -> 7 -> 0
c8:56283:56283 [0] NCCL INFO Ring 01 : 6 -> 7 -> 0
c8:56283:56283 [0] NCCL INFO Trees [0] -1/-1/-1->7->6 [1] 3/-1/-1->7->-1
c8:56283:56283 [0] NCCL INFO P2P Chunksize set to 131072
c7:56514:56514 [0] NCCL INFO comm 0x5d6841d49e20 rank 6 nRanks 8 nNodes 8 localRanks 1 localRank 0 MNNVL 0
c7:56514:56514 [0] NCCL INFO Tree 0 : 4 -> 6 -> 5/7/-1
c7:56514:56514 [0] NCCL INFO Tree 1 : 5 -> 6 -> -1/-1/-1
c7:56514:56514 [0] NCCL INFO Ring 00 : 5 -> 6 -> 7
c7:56514:56514 [0] NCCL INFO Ring 01 : 5 -> 6 -> 7
c7:56514:56514 [0] NCCL INFO Trees [0] 5/7/-1->6->4 [1] -1/-1/-1->6->5
c7:56514:56514 [0] NCCL INFO P2P Chunksize set to 131072
c1:68215:68215 [0] NCCL INFO PROFILER/Plugin: Could not find: libnccl-profiler.so
c1:68215:68215 [0] NCCL INFO Check P2P Type isAllDirectP2p 1 directMode 0 isAllCudaP2p 1
c1:68215:68215 [0] NCCL INFO ncclP2pSchedule: group size used is 1
c8:56283:56283 [0] NCCL INFO PROFILER/Plugin: Could not find: libnccl-profiler.so
c8:56283:56283 [0] NCCL INFO Check P2P Type isAllDirectP2p 1 directMode 0 isAllCudaP2p 1
c7:56514:56514 [0] NCCL INFO PROFILER/Plugin: Could not find: libnccl-profiler.so
c7:56514:56514 [0] NCCL INFO Check P2P Type isAllDirectP2p 1 directMode 0 isAllCudaP2p 1
c2:54888:54888 [0] NCCL INFO comm 0x5b6dd1b94730 rank 1 nRanks 8 nNodes 8 localRanks 1 localRank 0 MNNVL 0
c2:54888:54888 [0] NCCL INFO Tree 0 : 2 -> 1 -> -1/-1/-1
c2:54888:54888 [0] NCCL INFO Tree 1 : 3 -> 1 -> 2/0/-1
c2:54888:54888 [0] NCCL INFO Ring 00 : 0 -> 1 -> 2
c2:54888:54888 [0] NCCL INFO Ring 01 : 0 -> 1 -> 2
c2:54888:54888 [0] NCCL INFO Trees [0] -1/-1/-1->1->2 [1] 2/0/-1->1->3
c2:54888:54888 [0] NCCL INFO P2P Chunksize set to 131072
c2:54888:54888 [0] NCCL INFO PROFILER/Plugin: Could not find: libnccl-profiler.so
c2:54888:54888 [0] NCCL INFO Check P2P Type isAllDirectP2p 1 directMode 0 isAllCudaP2p 1
c2:54888:54888 [0] NCCL INFO ncclP2pSchedule: group size used is 1
c3:54783:54783 [0] NCCL INFO comm 0x6300fcf7fec0 rank 2 nRanks 8 nNodes 8 localRanks 1 localRank 0 MNNVL 0
c3:54783:54783 [0] NCCL INFO Tree 0 : 4 -> 2 -> 1/3/-1
c3:54783:54783 [0] NCCL INFO Tree 1 : 1 -> 2 -> -1/-1/-1
c3:54783:54783 [0] NCCL INFO Ring 00 : 1 -> 2 -> 3
c3:54783:54783 [0] NCCL INFO Ring 01 : 1 -> 2 -> 3
c3:54783:54783 [0] NCCL INFO Trees [0] 1/3/-1->2->4 [1] -1/-1/-1->2->1
c3:54783:54783 [0] NCCL INFO P2P Chunksize set to 131072
c3:54783:54783 [0] NCCL INFO PROFILER/Plugin: Could not find: libnccl-profiler.so
c3:54783:54783 [0] NCCL INFO Check P2P Type isAllDirectP2p 1 directMode 0 isAllCudaP2p 1
c3:54783:54783 [0] NCCL INFO ncclP2pSchedule: group size used is 1
c6:56689:56689 [0] NCCL INFO ncclP2pSchedule: group size used is 1
c8:56283:56283 [0] NCCL INFO ncclP2pSchedule: group size used is 1
c5:57813:57813 [0] NCCL INFO ncclP2pSchedule: group size used is 1
c4:54495:54495 [0] NCCL INFO comm 0x6469c12eb0c0 rank 3 nRanks 8 nNodes 8 localRanks 1 localRank 0 MNNVL 0
c4:54495:54495 [0] NCCL INFO Tree 0 : 2 -> 3 -> -1/-1/-1
c4:54495:54495 [0] NCCL INFO Tree 1 : 7 -> 3 -> 5/1/-1
c4:54495:54495 [0] NCCL INFO Ring 00 : 2 -> 3 -> 4
c4:54495:54495 [0] NCCL INFO Ring 01 : 2 -> 3 -> 4
c4:54495:54495 [0] NCCL INFO Trees [0] -1/-1/-1->3->2 [1] 5/1/-1->3->7
c4:54495:54495 [0] NCCL INFO P2P Chunksize set to 131072
c4:54495:54495 [0] NCCL INFO PROFILER/Plugin: Could not find: libnccl-profiler.so
c4:54495:54495 [0] NCCL INFO Check P2P Type isAllDirectP2p 1 directMode 0 isAllCudaP2p 1
c7:56514:56514 [0] NCCL INFO ncclP2pSchedule: group size used is 1
c4:54495:54495 [0] NCCL INFO ncclP2pSchedule: group size used is 1
c4:54495:54510 [0] NCCL INFO [Proxy Service] Device 0 CPU core 48
c4:54495:54511 [0] NCCL INFO [Proxy Service UDS] Device 0 CPU core 48
c5:57813:57828 [0] NCCL INFO [Proxy Service] Device 0 CPU core 1
c5:57813:57829 [0] NCCL INFO [Proxy Service UDS] Device 0 CPU core 1
c6:56689:56704 [0] NCCL INFO [Proxy Service] Device 0 CPU core 32
c6:56689:56705 [0] NCCL INFO [Proxy Service UDS] Device 0 CPU core 32
c7:56514:56529 [0] NCCL INFO [Proxy Service] Device 0 CPU core 64
c7:56514:56530 [0] NCCL INFO [Proxy Service UDS] Device 0 CPU core 64
c1:68215:68270 [0] NCCL INFO [Proxy Service] Device 0 CPU core 1
c1:68215:68271 [0] NCCL INFO [Proxy Service UDS] Device 0 CPU core 1
c8:56283:56298 [0] NCCL INFO [Proxy Service] Device 0 CPU core 96
c8:56283:56299 [0] NCCL INFO [Proxy Service UDS] Device 0 CPU core 96
c3:54783:54798 [0] NCCL INFO [Proxy Service] Device 0 CPU core 32
c3:54783:54799 [0] NCCL INFO [Proxy Service UDS] Device 0 CPU core 32
c2:54888:54903 [0] NCCL INFO [Proxy Service] Device 0 CPU core 16
c2:54888:54904 [0] NCCL INFO [Proxy Service UDS] Device 0 CPU core 16
c2:54888:54888 [0] NCCL INFO TUNER/Plugin: Could not find: libnccl-tuner.so
c2:54888:54888 [0] NCCL INFO threadThresholds 8/8/64 | 64/8/64 | 512 | 512
c2:54888:54888 [0] NCCL INFO 2 coll channels, 2 collnet channels, 0 nvls channels, 2 p2p channels, 2 p2p channels per peer
c2:54888:54888 [0] NCCL INFO Symmetric memory is not supported. cuMemEnable 1, ginSupport 0, globalNicFused 0
c3:54783:54783 [0] NCCL INFO TUNER/Plugin: Could not find: libnccl-tuner.so
c3:54783:54783 [0] NCCL INFO threadThresholds 8/8/64 | 64/8/64 | 512 | 512
c3:54783:54783 [0] NCCL INFO 2 coll channels, 2 collnet channels, 0 nvls channels, 2 p2p channels, 2 p2p channels per peer
c3:54783:54783 [0] NCCL INFO Symmetric memory is not supported. cuMemEnable 1, ginSupport 0, globalNicFused 0
c8:56283:56283 [0] NCCL INFO TUNER/Plugin: Could not find: libnccl-tuner.so
c8:56283:56283 [0] NCCL INFO threadThresholds 8/8/64 | 64/8/64 | 512 | 512
c8:56283:56283 [0] NCCL INFO 2 coll channels, 2 collnet channels, 0 nvls channels, 2 p2p channels, 2 p2p channels per peer
c8:56283:56283 [0] NCCL INFO Symmetric memory is not supported. cuMemEnable 1, ginSupport 0, globalNicFused 0
c4:54495:54495 [0] NCCL INFO TUNER/Plugin: Could not find: libnccl-tuner.so
c4:54495:54495 [0] NCCL INFO threadThresholds 8/8/64 | 64/8/64 | 512 | 512
c4:54495:54495 [0] NCCL INFO 2 coll channels, 2 collnet channels, 0 nvls channels, 2 p2p channels, 2 p2p channels per peer
c4:54495:54495 [0] NCCL INFO Symmetric memory is not supported. cuMemEnable 1, ginSupport 0, globalNicFused 0
c6:56689:56689 [0] NCCL INFO TUNER/Plugin: Could not find: libnccl-tuner.so
c6:56689:56689 [0] NCCL INFO threadThresholds 8/8/64 | 64/8/64 | 512 | 512
c6:56689:56689 [0] NCCL INFO 2 coll channels, 2 collnet channels, 0 nvls channels, 2 p2p channels, 2 p2p channels per peer
c6:56689:56689 [0] NCCL INFO Symmetric memory is not supported. cuMemEnable 1, ginSupport 0, globalNicFused 0
c5:57813:57813 [0] NCCL INFO TUNER/Plugin: Could not find: libnccl-tuner.so
c5:57813:57813 [0] NCCL INFO threadThresholds 8/8/64 | 64/8/64 | 512 | 512
c5:57813:57813 [0] NCCL INFO 2 coll channels, 2 collnet channels, 0 nvls channels, 2 p2p channels, 2 p2p channels per peer
c5:57813:57813 [0] NCCL INFO Symmetric memory is not supported. cuMemEnable 1, ginSupport 0, globalNicFused 0
c7:56514:56514 [0] NCCL INFO TUNER/Plugin: Could not find: libnccl-tuner.so
c7:56514:56514 [0] NCCL INFO threadThresholds 8/8/64 | 64/8/64 | 512 | 512
c7:56514:56514 [0] NCCL INFO 2 coll channels, 2 collnet channels, 0 nvls channels, 2 p2p channels, 2 p2p channels per peer
c7:56514:56514 [0] NCCL INFO Symmetric memory is not supported. cuMemEnable 1, ginSupport 0, globalNicFused 0
c3:54783:54783 [0] NCCL INFO ncclCommInitRankConfig comm 0x6300fcf7fec0 rank 2 nranks 8 cudaDev 0 nvmlDev 0 busId 1d8000 commId 0x2ec6cc4f7424dda3 - Init COMPLETE
c3:54783:54783 [0] NCCL INFO Init timings - ncclCommInitRankConfig: rank 2 nranks 8 total 0.45 (kernels 0.27, alloc 0.03, bootstrap 0.14, allgathers 0.01, topo 0.00, graphs 0.00, connections 0.00, rest 0.00)
c1:68215:68215 [0] NCCL INFO TUNER/Plugin: Could not find: libnccl-tuner.so
c1:68215:68215 [0] NCCL INFO threadThresholds 8/8/64 | 64/8/64 | 512 | 512
c1:68215:68215 [0] NCCL INFO 2 coll channels, 2 collnet channels, 0 nvls channels, 2 p2p channels, 2 p2p channels per peer
c1:68215:68215 [0] NCCL INFO Symmetric memory is not supported. cuMemEnable 1, ginSupport 0, globalNicFused 0
c4:54495:54495 [0] NCCL INFO ncclCommInitRankConfig comm 0x6469c12eb0c0 rank 3 nranks 8 cudaDev 0 nvmlDev 0 busId 1b0000 commId 0x2ec6cc4f7424dda3 - Init COMPLETE
c4:54495:54495 [0] NCCL INFO Init timings - ncclCommInitRankConfig: rank 3 nranks 8 total 0.45 (kernels 0.27, alloc 0.03, bootstrap 0.14, allgathers 0.01, topo 0.00, graphs 0.00, connections 0.01, rest 0.00)
c2:54888:54888 [0] NCCL INFO ncclCommInitRankConfig comm 0x5b6dd1b94730 rank 1 nranks 8 cudaDev 0 nvmlDev 0 busId b0000 commId 0x2ec6cc4f7424dda3 - Init COMPLETE
c2:54888:54888 [0] NCCL INFO Init timings - ncclCommInitRankConfig: rank 1 nranks 8 total 0.45 (kernels 0.25, alloc 0.03, bootstrap 0.16, allgathers 0.01, topo 0.00, graphs 0.00, connections 0.01, rest 0.00)
c8:56283:56283 [0] NCCL INFO ncclCommInitRankConfig comm 0x56302afb6e50 rank 7 nranks 8 cudaDev 0 nvmlDev 0 busId 1d9000 commId 0x2ec6cc4f7424dda3 - Init COMPLETE
c8:56283:56283 [0] NCCL INFO Init timings - ncclCommInitRankConfig: rank 7 nranks 8 total 0.45 (kernels 0.39, alloc 0.04, bootstrap 0.00, allgathers 0.00, topo 0.01, graphs 0.00, connections 0.01, rest 0.00)
c6:56689:56689 [0] NCCL INFO ncclCommInitRankConfig comm 0x57b44e43f4c0 rank 5 nranks 8 cudaDev 0 nvmlDev 0 busId d9000 commId 0x2ec6cc4f7424dda3 - Init COMPLETE
c6:56689:56689 [0] NCCL INFO Init timings - ncclCommInitRankConfig: rank 5 nranks 8 total 0.45 (kernels 0.38, alloc 0.04, bootstrap 0.01, allgathers 0.00, topo 0.01, graphs 0.00, connections 0.01, rest 0.00)
c5:57813:57813 [0] NCCL INFO ncclCommInitRankConfig comm 0x5781304a6010 rank 4 nranks 8 cudaDev 0 nvmlDev 0 busId b2000 commId 0x2ec6cc4f7424dda3 - Init COMPLETE
c5:57813:57813 [0] NCCL INFO Init timings - ncclCommInitRankConfig: rank 4 nranks 8 total 0.45 (kernels 0.38, alloc 0.04, bootstrap 0.01, allgathers 0.00, topo 0.01, graphs 0.00, connections 0.01, rest 0.00)
c1:68215:68215 [0] NCCL INFO CC Off, workFifoBytes 1048576
c7:56514:56514 [0] NCCL INFO ncclCommInitRankConfig comm 0x5d6841d49e20 rank 6 nranks 8 cudaDev 0 nvmlDev 0 busId 1b2000 commId 0x2ec6cc4f7424dda3 - Init COMPLETE
c7:56514:56514 [0] NCCL INFO Init timings - ncclCommInitRankConfig: rank 6 nranks 8 total 0.45 (kernels 0.39, alloc 0.04, bootstrap 0.01, allgathers 0.00, topo 0.01, graphs 0.00, connections 0.01, rest 0.00)
c1:68215:68215 [0] NCCL INFO ncclCommInitRankConfig comm 0x606099ac5df0 rank 0 nranks 8 cudaDev 0 nvmlDev 0 busId d8000 commId 0x2ec6cc4f7424dda3 - Init COMPLETE
c1:68215:68215 [0] NCCL INFO Init timings - ncclCommInitRankConfig: rank 0 nranks 8 total 0.46 (kernels 0.26, alloc 0.03, bootstrap 0.16, allgathers 0.01, topo 0.00, graphs 0.00, connections 0.01, rest 0.00)
#
#                                                              out-of-place                       in-place          
#       size         count      type   redop    root     time   algbw   busbw  #wrong     time   algbw   busbw  #wrong 
#        (B)    (elements)                               (us)  (GB/s)  (GB/s)             (us)  (GB/s)  (GB/s)         
c2:54888:54888 [0] NCCL INFO GPU Direct RDMA Disabled for GPU/0-720896 (rank 1) - NET/0-0 (distance 8 > 0)
c6:56689:56689 [0] NCCL INFO GPU Direct RDMA Disabled for GPU/0-888832 (rank 5) - NET/0-0 (distance 8 > 0)
c8:56283:56283 [0] NCCL INFO GPU Direct RDMA Disabled for GPU/0-1937408 (rank 7) - NET/0-0 (distance 8 > 0)
c7:56514:56514 [0] NCCL INFO GPU Direct RDMA Disabled for GPU/0-1777664 (rank 6) - NET/0-0 (distance 8 > 0)
c4:54495:54495 [0] NCCL INFO GPU Direct RDMA Disabled for GPU/0-1769472 (rank 3) - NET/0-0 (distance 8 > 0)
c3:54783:54783 [0] NCCL INFO GPU Direct RDMA Disabled for GPU/0-1933312 (rank 2) - NET/0-0 (distance 8 > 0)
c1:68215:68270 [0] NCCL INFO New proxy send connection 0 from local rank 0, transport 2
c1:68215:68272 [0] NCCL INFO [Proxy Progress] Device 0 CPU core 1
c1:68215:68215 [0] NCCL INFO Connected to proxy localRank 0 -> connection 0x74ad50000d20
c2:54888:54905 [0] NCCL INFO [Proxy Progress] Device 0 CPU core 16
c2:54888:54903 [0] NCCL INFO New proxy recv connection 0 from local rank 0, transport 2
c2:54888:54888 [0] NCCL INFO Connected to proxy localRank 0 -> connection 0x727074000d20
c4:54495:54510 [0] NCCL INFO New proxy recv connection 0 from local rank 0, transport 2
c4:54495:54512 [0] NCCL INFO [Proxy Progress] Device 0 CPU core 48
c4:54495:54495 [0] NCCL INFO Connected to proxy localRank 0 -> connection 0x7e5f44000d20
c5:57813:57828 [0] NCCL INFO New proxy send connection 0 from local rank 0, transport 2
c5:57813:57813 [0] NCCL INFO Connected to proxy localRank 0 -> connection 0x70c868000d20
c3:54783:54798 [0] NCCL INFO New proxy recv connection 0 from local rank 0, transport 2
c3:54783:54783 [0] NCCL INFO Connected to proxy localRank 0 -> connection 0x7f9090000d20
c8:56283:56298 [0] NCCL INFO New proxy recv connection 0 from local rank 0, transport 2
c8:56283:56283 [0] NCCL INFO Connected to proxy localRank 0 -> connection 0x72f2ec000d20
c1:68215:68215 [0] NCCL INFO Channel 01/0 : 0[0] -> 1[0] [send] via NET/IB/0
c7:56514:56529 [0] NCCL INFO New proxy recv connection 0 from local rank 0, transport 2
c7:56514:56514 [0] NCCL INFO Connected to proxy localRank 0 -> connection 0x754f58000d20
c4:54495:54495 [0] NCCL INFO Channel 00/0 : 2[0] -> 3[0] [receive] via NET/IB/0
c5:57813:57830 [0] NCCL INFO [Proxy Progress] Device 0 CPU core 1
c5:57813:57813 [0] NCCL INFO Channel 01/0 : 4[0] -> 5[0] [send] via NET/IB/0
c2:54888:54888 [0] NCCL INFO Channel 01/0 : 0[0] -> 1[0] [receive] via NET/IB/0
c8:56283:56300 [0] NCCL INFO [Proxy Progress] Device 0 CPU core 96
c8:56283:56283 [0] NCCL INFO Channel 00/0 : 6[0] -> 7[0] [receive] via NET/IB/0
c3:54783:54800 [0] NCCL INFO [Proxy Progress] Device 0 CPU core 32
c3:54783:54783 [0] NCCL INFO Channel 00/0 : 1[0] -> 2[0] [receive] via NET/IB/0
c3:54783:54783 [0] NCCL INFO GPU Direct RDMA Disabled for GPU/0-1933312 (rank 2) - NET/0-0 (distance 8 > 0)
c7:56514:56531 [0] NCCL INFO [Proxy Progress] Device 0 CPU core 64
c7:56514:56514 [0] NCCL INFO Channel 00/0 : 5[0] -> 6[0] [receive] via NET/IB/0
c7:56514:56514 [0] NCCL INFO GPU Direct RDMA Disabled for GPU/0-1777664 (rank 6) - NET/0-0 (distance 8 > 0)
c6:56689:56704 [0] NCCL INFO New proxy recv connection 0 from local rank 0, transport 2
c6:56689:56689 [0] NCCL INFO Connected to proxy localRank 0 -> connection 0x7b5acc000d20
c6:56689:56706 [0] NCCL INFO [Proxy Progress] Device 0 CPU core 32
c6:56689:56689 [0] NCCL INFO Channel 01/0 : 4[0] -> 5[0] [receive] via NET/IB/0
c3:54783:54798 [0] NCCL INFO New proxy recv connection 1 from local rank 0, transport 2
c3:54783:54783 [0] NCCL INFO Connected to proxy localRank 0 -> connection 0x7f9090000d98
c2:54888:54903 [0] NCCL INFO New proxy send connection 1 from local rank 0, transport 2
c2:54888:54888 [0] NCCL INFO Connected to proxy localRank 0 -> connection 0x727074000d98
c7:56514:56529 [0] NCCL INFO New proxy recv connection 1 from local rank 0, transport 2
c7:56514:56514 [0] NCCL INFO Connected to proxy localRank 0 -> connection 0x754f58000d98
c3:54783:54783 [0] NCCL INFO Channel 01/0 : 1[0] -> 2[0] [receive] via NET/IB/0
c2:54888:54888 [0] NCCL INFO Channel 00/0 : 1[0] -> 2[0] [send] via NET/IB/0
c6:56689:56704 [0] NCCL INFO New proxy send connection 1 from local rank 0, transport 2
c6:56689:56689 [0] NCCL INFO Connected to proxy localRank 0 -> connection 0x7b5acc000d98
c7:56514:56514 [0] NCCL INFO Channel 01/0 : 5[0] -> 6[0] [receive] via NET/IB/0
c2:54888:54903 [0] NCCL INFO New proxy send connection 2 from local rank 0, transport 2
c2:54888:54888 [0] NCCL INFO Connected to proxy localRank 0 -> connection 0x727074000e10
c3:54783:54798 [0] NCCL INFO New proxy send connection 2 from local rank 0, transport 2
c3:54783:54783 [0] NCCL INFO Connected to proxy localRank 0 -> connection 0x7f9090000e10
c6:56689:56689 [0] NCCL INFO Channel 00/0 : 5[0] -> 6[0] [send] via NET/IB/0
c7:56514:56529 [0] NCCL INFO New proxy send connection 2 from local rank 0, transport 2
c7:56514:56514 [0] NCCL INFO Connected to proxy localRank 0 -> connection 0x754f58000e10
c3:54783:54783 [0] NCCL INFO Channel 00/0 : 2[0] -> 3[0] [send] via NET/IB/0
c2:54888:54888 [0] NCCL INFO Channel 01/0 : 1[0] -> 2[0] [send] via NET/IB/0
c1:68215:68215 [0] NCCL INFO GPU Direct RDMA Disabled for GPU/0-884736 (rank 0) - NET/0-0 (distance 8 > 0)
c6:56689:56704 [0] NCCL INFO New proxy send connection 2 from local rank 0, transport 2
c6:56689:56689 [0] NCCL INFO Connected to proxy localRank 0 -> connection 0x7b5acc000e10
c4:54495:54495 [0] NCCL INFO GPU Direct RDMA Disabled for GPU/0-1769472 (rank 3) - NET/0-0 (distance 8 > 0)
c4:54495:54510 [0] NCCL INFO New proxy recv connection 1 from local rank 0, transport 2
c4:54495:54495 [0] NCCL INFO Connected to proxy localRank 0 -> connection 0x7e5f44000d98
c7:56514:56514 [0] NCCL INFO Channel 00/0 : 6[0] -> 7[0] [send] via NET/IB/0
c8:56283:56283 [0] NCCL INFO GPU Direct RDMA Disabled for GPU/0-1937408 (rank 7) - NET/0-0 (distance 8 > 0)
c1:68215:68270 [0] NCCL INFO New proxy recv connection 1 from local rank 0, transport 2
c1:68215:68215 [0] NCCL INFO Connected to proxy localRank 0 -> connection 0x74ad50000d98
c6:56689:56689 [0] NCCL INFO Channel 01/0 : 5[0] -> 6[0] [send] via NET/IB/0
c2:54888:54903 [0] NCCL INFO New proxy send connection 3 from local rank 0, transport 2
c2:54888:54888 [0] NCCL INFO Connected to proxy localRank 0 -> connection 0x727074000e88
c8:56283:56298 [0] NCCL INFO New proxy recv connection 1 from local rank 0, transport 2
c8:56283:56283 [0] NCCL INFO Connected to proxy localRank 0 -> connection 0x72f2ec000d98
c3:54783:54798 [0] NCCL INFO New proxy send connection 3 from local rank 0, transport 2
c3:54783:54783 [0] NCCL INFO Connected to proxy localRank 0 -> connection 0x7f9090000e88
c5:57813:57813 [0] NCCL INFO GPU Direct RDMA Disabled for GPU/0-729088 (rank 4) - NET/0-0 (distance 8 > 0)
c6:56689:56689 [0] NCCL INFO GPU Direct RDMA Disabled for GPU/0-888832 (rank 5) - NET/0-0 (distance 8 > 0)
c7:56514:56514 [0] NCCL INFO GPU Direct RDMA Disabled for GPU/0-1777664 (rank 6) - NET/0-0 (distance 8 > 0)
c4:54495:54495 [0] NCCL INFO Channel 01/0 : 1[0] -> 3[0] [receive] via NET/IB/0
c8:56283:56283 [0] NCCL INFO Channel 01/0 : 3[0] -> 7[0] [receive] via NET/IB/0
c1:68215:68215 [0] NCCL INFO Channel 00/0 : 4[0] -> 0[0] [receive] via NET/IB/0
c3:54783:54783 [0] NCCL INFO Channel 00/0 : 2[0] -> 4[0] [send] via NET/IB/0
c5:57813:57828 [0] NCCL INFO New proxy recv connection 1 from local rank 0, transport 2
c5:57813:57813 [0] NCCL INFO Connected to proxy localRank 0 -> connection 0x70c868000d98
c7:56514:56529 [0] NCCL INFO New proxy recv connection 3 from local rank 0, transport 2
c7:56514:56514 [0] NCCL INFO Connected to proxy localRank 0 -> connection 0x754f58000e88
c2:54888:54888 [0] NCCL INFO Channel 01/0 : 1[0] -> 3[0] [send] via NET/IB/0
c6:56689:56704 [0] NCCL INFO New proxy recv connection 3 from local rank 0, transport 2
c6:56689:56689 [0] NCCL INFO Connected to proxy localRank 0 -> connection 0x7b5acc000e88
c4:54495:54510 [0] NCCL INFO New proxy send connection 2 from local rank 0, transport 2
c4:54495:54495 [0] NCCL INFO Connected to proxy localRank 0 -> connection 0x7e5f44000e10
c8:56283:56298 [0] NCCL INFO New proxy send connection 2 from local rank 0, transport 2
c8:56283:56283 [0] NCCL INFO Connected to proxy localRank 0 -> connection 0x72f2ec000e10
c7:56514:56514 [0] NCCL INFO Channel 00/0 : 4[0] -> 6[0] [receive] via NET/IB/0
c5:57813:57813 [0] NCCL INFO Channel 00/0 : 2[0] -> 4[0] [receive] via NET/IB/0
c6:56689:56689 [0] NCCL INFO Channel 01/0 : 3[0] -> 5[0] [receive] via NET/IB/0
c4:54495:54495 [0] NCCL INFO Channel 01/0 : 3[0] -> 5[0] [send] via NET/IB/0
c2:54888:54888 [0] NCCL INFO GPU Direct RDMA Disabled for GPU/0-720896 (rank 1) - NET/0-0 (distance 8 > 0)
c4:54495:54495 [0] NCCL INFO GPU Direct RDMA Disabled for GPU/0-1769472 (rank 3) - NET/0-0 (distance 8 > 0)
c1:68215:68270 [0] NCCL INFO New proxy send connection 2 from local rank 0, transport 2
c1:68215:68215 [0] NCCL INFO Connected to proxy localRank 0 -> connection 0x74ad50000e10
c8:56283:56283 [0] NCCL INFO Channel 01/0 : 7[0] -> 3[0] [send] via NET/IB/0
c5:57813:57828 [0] NCCL INFO New proxy send connection 2 from local rank 0, transport 2
c5:57813:57813 [0] NCCL INFO Connected to proxy localRank 0 -> connection 0x70c868000e10
c6:56689:56704 [0] NCCL INFO New proxy send connection 4 from local rank 0, transport 2
c6:56689:56689 [0] NCCL INFO Connected to proxy localRank 0 -> connection 0x7b5acc000f00
c4:54495:54510 [0] NCCL INFO New proxy recv connection 3 from local rank 0, transport 2
c4:54495:54495 [0] NCCL INFO Connected to proxy localRank 0 -> connection 0x7e5f44000e88
c1:68215:68215 [0] NCCL INFO Channel 00/0 : 0[0] -> 4[0] [send] via NET/IB/0
c2:54888:54903 [0] NCCL INFO New proxy recv connection 4 from local rank 0, transport 2
c2:54888:54888 [0] NCCL INFO Connected to proxy localRank 0 -> connection 0x727074000f00
c5:57813:57813 [0] NCCL INFO Channel 00/0 : 4[0] -> 6[0] [send] via NET/IB/0
c3:54783:54783 [0] NCCL INFO GPU Direct RDMA Disabled for GPU/0-1933312 (rank 2) - NET/0-0 (distance 8 > 0)
c5:57813:57813 [0] NCCL INFO GPU Direct RDMA Disabled for GPU/0-729088 (rank 4) - NET/0-0 (distance 8 > 0)
c6:56689:56689 [0] NCCL INFO Channel 01/0 : 5[0] -> 3[0] [send] via NET/IB/0
c4:54495:54495 [0] NCCL INFO Channel 01/0 : 7[0] -> 3[0] [receive] via NET/IB/0
c2:54888:54888 [0] NCCL INFO Channel 01/0 : 3[0] -> 1[0] [receive] via NET/IB/0
c3:54783:54798 [0] NCCL INFO New proxy recv connection 4 from local rank 0, transport 2
c3:54783:54783 [0] NCCL INFO Connected to proxy localRank 0 -> connection 0x7f9090000f00
c5:57813:57828 [0] NCCL INFO New proxy recv connection 3 from local rank 0, transport 2
c5:57813:57813 [0] NCCL INFO Connected to proxy localRank 0 -> connection 0x70c868000e88
c4:54495:54510 [0] NCCL INFO New proxy send connection 4 from local rank 0, transport 2
c4:54495:54495 [0] NCCL INFO Connected to proxy localRank 0 -> connection 0x7e5f44000f00
c7:56514:56529 [0] NCCL INFO New proxy send connection 4 from local rank 0, transport 2
c7:56514:56514 [0] NCCL INFO Connected to proxy localRank 0 -> connection 0x754f58000f00
c5:57813:57813 [0] NCCL INFO Channel 00/0 : 0[0] -> 4[0] [receive] via NET/IB/0
c3:54783:54783 [0] NCCL INFO Channel 00/0 : 4[0] -> 2[0] [receive] via NET/IB/0
c4:54495:54495 [0] NCCL INFO Channel 01/0 : 3[0] -> 7[0] [send] via NET/IB/0
c4:54495:54495 [0] NCCL INFO GPU Direct RDMA Disabled for GPU/0-1769472 (rank 3) - NET/0-0 (distance 8 > 0)
c7:56514:56514 [0] NCCL INFO Channel 00/0 : 6[0] -> 4[0] [send] via NET/IB/0
c5:57813:57828 [0] NCCL INFO New proxy send connection 4 from local rank 0, transport 2
c5:57813:57813 [0] NCCL INFO Connected to proxy localRank 0 -> connection 0x70c868000f00
c8:56283:56298 [0] NCCL INFO New proxy send connection 3 from local rank 0, transport 2
c8:56283:56283 [0] NCCL INFO Connected to proxy localRank 0 -> connection 0x72f2ec000e88
c4:54495:54510 [0] NCCL INFO New proxy recv connection 5 from local rank 0, transport 2
c4:54495:54495 [0] NCCL INFO Connected to proxy localRank 0 -> connection 0x7e5f44000f78
c5:57813:57813 [0] NCCL INFO Channel 00/0 : 4[0] -> 0[0] [send] via NET/IB/0
c5:57813:57813 [0] NCCL INFO GPU Direct RDMA Disabled for GPU/0-729088 (rank 4) - NET/0-0 (distance 8 > 0)
c1:68215:68215 [0] NCCL INFO GPU Direct RDMA Disabled for GPU/0-884736 (rank 0) - NET/0-0 (distance 8 > 0)
c8:56283:56283 [0] NCCL INFO Channel 00/0 : 7[0] -> 6[0] [send] via NET/IB/0
c4:54495:54495 [0] NCCL INFO Channel 01/0 : 5[0] -> 3[0] [receive] via NET/IB/0
c1:68215:68270 [0] NCCL INFO New proxy recv connection 3 from local rank 0, transport 2
c1:68215:68215 [0] NCCL INFO Connected to proxy localRank 0 -> connection 0x74ad50000e88
c5:57813:57828 [0] NCCL INFO New proxy recv connection 5 from local rank 0, transport 2
c5:57813:57813 [0] NCCL INFO Connected to proxy localRank 0 -> connection 0x70c868000f78
c4:54495:54510 [0] NCCL INFO New proxy send connection 6 from local rank 0, transport 2
c4:54495:54495 [0] NCCL INFO Connected to proxy localRank 0 -> connection 0x7e5f44000ff0
c1:68215:68215 [0] NCCL INFO Channel 01/0 : 1[0] -> 0[0] [receive] via NET/IB/0
c5:57813:57813 [0] NCCL INFO Channel 00/0 : 6[0] -> 4[0] [receive] via NET/IB/0
c4:54495:54495 [0] NCCL INFO Channel 01/0 : 3[0] -> 1[0] [send] via NET/IB/0
c6:56689:56689 [0] NCCL INFO GPU Direct RDMA Disabled for GPU/0-888832 (rank 5) - NET/0-0 (distance 8 > 0)
c2:54888:54888 [0] NCCL INFO GPU Direct RDMA Disabled for GPU/0-720896 (rank 1) - NET/0-0 (distance 8 > 0)
c5:57813:57828 [0] NCCL INFO New proxy send connection 6 from local rank 0, transport 2
c5:57813:57813 [0] NCCL INFO Connected to proxy localRank 0 -> connection 0x70c868000ff0
c4:54495:54510 [0] NCCL INFO New proxy send connection 7 from local rank 0, transport 2
c4:54495:54495 [0] NCCL INFO Connected to proxy localRank 0 -> connection 0x7e5f44001068
c2:54888:54903 [0] NCCL INFO New proxy recv connection 5 from local rank 0, transport 2
c2:54888:54888 [0] NCCL INFO Connected to proxy localRank 0 -> connection 0x727074000f78
c5:57813:57813 [0] NCCL INFO Channel 00/0 : 4[0] -> 2[0] [send] via NET/IB/0
c5:57813:57813 [0] NCCL INFO GPU Direct RDMA Disabled for GPU/0-729088 (rank 4) - NET/0-0 (distance 8 > 0)
c3:54783:54783 [0] NCCL INFO GPU Direct RDMA Disabled for GPU/0-1933312 (rank 2) - NET/0-0 (distance 8 > 0)
c7:56514:56514 [0] NCCL INFO GPU Direct RDMA Disabled for GPU/0-1777664 (rank 6) - NET/0-0 (distance 8 > 0)
c6:56689:56704 [0] NCCL INFO New proxy recv connection 5 from local rank 0, transport 2
c6:56689:56689 [0] NCCL INFO Connected to proxy localRank 0 -> connection 0x7b5acc000f78
c4:54495:54495 [0] NCCL INFO Channel 00/0 : 3[0] -> 2[0] [send] via NET/IB/0
c7:56514:56529 [0] NCCL INFO New proxy recv connection 5 from local rank 0, transport 2
c7:56514:56514 [0] NCCL INFO Connected to proxy localRank 0 -> connection 0x754f58000f78
c2:54888:54888 [0] NCCL INFO Channel 00/0 : 2[0] -> 1[0] [receive] via NET/IB/0
c2:54888:54888 [0] NCCL INFO GPU Direct RDMA Disabled for GPU/0-720896 (rank 1) - NET/0-0 (distance 8 > 0)
c5:57813:57828 [0] NCCL INFO New proxy recv connection 7 from local rank 0, transport 2
c5:57813:57813 [0] NCCL INFO Connected to proxy localRank 0 -> connection 0x70c868001068
c3:54783:54798 [0] NCCL INFO New proxy recv connection 5 from local rank 0, transport 2
c3:54783:54783 [0] NCCL INFO Connected to proxy localRank 0 -> connection 0x7f9090000f78
c6:56689:56689 [0] NCCL INFO Channel 00/0 : 6[0] -> 5[0] [receive] via NET/IB/0
c6:56689:56689 [0] NCCL INFO GPU Direct RDMA Disabled for GPU/0-888832 (rank 5) - NET/0-0 (distance 8 > 0)
c7:56514:56514 [0] NCCL INFO Channel 00/0 : 7[0] -> 6[0] [receive] via NET/IB/0
c2:54888:54903 [0] NCCL INFO New proxy recv connection 6 from local rank 0, transport 2
c2:54888:54888 [0] NCCL INFO Connected to proxy localRank 0 -> connection 0x727074000ff0
c6:56689:56704 [0] NCCL INFO New proxy recv connection 6 from local rank 0, transport 2
c6:56689:56689 [0] NCCL INFO Connected to proxy localRank 0 -> connection 0x7b5acc000ff0
c5:57813:57813 [0] NCCL INFO Channel 01/0 : 5[0] -> 4[0] [receive] via NET/IB/0
c3:54783:54783 [0] NCCL INFO Channel 00/0 : 3[0] -> 2[0] [receive] via NET/IB/0
c7:56514:56529 [0] NCCL INFO New proxy send connection 6 from local rank 0, transport 2
c7:56514:56514 [0] NCCL INFO Connected to proxy localRank 0 -> connection 0x754f58000ff0
c2:54888:54888 [0] NCCL INFO Channel 01/0 : 2[0] -> 1[0] [receive] via NET/IB/0
c3:54783:54798 [0] NCCL INFO New proxy send connection 6 from local rank 0, transport 2
c3:54783:54783 [0] NCCL INFO Connected to proxy localRank 0 -> connection 0x7f9090000ff0
c6:56689:56689 [0] NCCL INFO Channel 01/0 : 6[0] -> 5[0] [receive] via NET/IB/0
c2:54888:54903 [0] NCCL INFO New proxy send connection 7 from local rank 0, transport 2
c2:54888:54888 [0] NCCL INFO Connected to proxy localRank 0 -> connection 0x727074001068
c7:56514:56514 [0] NCCL INFO Channel 00/0 : 6[0] -> 5[0] [send] via NET/IB/0
c6:56689:56704 [0] NCCL INFO New proxy send connection 7 from local rank 0, transport 2
c6:56689:56689 [0] NCCL INFO Connected to proxy localRank 0 -> connection 0x7b5acc001068
c3:54783:54783 [0] NCCL INFO Channel 00/0 : 2[0] -> 1[0] [send] via NET/IB/0
c2:54888:54888 [0] NCCL INFO Channel 01/0 : 1[0] -> 0[0] [send] via NET/IB/0
c6:56689:56689 [0] NCCL INFO Channel 01/0 : 5[0] -> 4[0] [send] via NET/IB/0
c3:54783:54798 [0] NCCL INFO New proxy send connection 7 from local rank 0, transport 2
c3:54783:54783 [0] NCCL INFO Connected to proxy localRank 0 -> connection 0x7f9090001068
c7:56514:56529 [0] NCCL INFO New proxy send connection 7 from local rank 0, transport 2
c7:56514:56514 [0] NCCL INFO Connected to proxy localRank 0 -> connection 0x754f58001068
c3:54783:54783 [0] NCCL INFO Channel 01/0 : 2[0] -> 1[0] [send] via NET/IB/0
c7:56514:56514 [0] NCCL INFO Channel 01/0 : 6[0] -> 5[0] [send] via NET/IB/0
c1:68215:68270 [0] NCCL INFO NET/IB: NCCL Dev 0 IbDev 0 Port 1 qpn 15896 mtu 5 GID 3 (0/101000AFFFF0000) ctsFifoRkey=0x17e4a1 ctsFifoLkey=0x17e4a1
c1:68215:68270 [0] NCCL INFO NET/IB: IbDev 0 Port 1 qpn 15896 query_ece={supported=1, vendor_id=0x15b3, options=0x30000002, comp_mask=0x0}
c4:54495:54510 [0] NCCL INFO NET/IB: NCCL Dev 0 IbDev 0 Port 1 qpn 15927 mtu 5 GID 3 (0/401000AFFFF0000) ctsFifoRkey=0x17b471 ctsFifoLkey=0x17b471
c4:54495:54510 [0] NCCL INFO NET/IB: IbDev 0 Port 1 qpn 15927 query_ece={supported=1, vendor_id=0x15b3, options=0x30000002, comp_mask=0x0}
c1:68215:68270 [0] NCCL INFO NET/IB: NCCL Dev 0 IbDev 0 Port 1 qpn 15897 mtu 5 GID 3 (0/101000AFFFF0000) ctsFifoRkey=0x17f1ae ctsFifoLkey=0x17f1ae
c1:68215:68270 [0] NCCL INFO NET/IB: IbDev 0 Port 1 qpn 15897 query_ece={supported=1, vendor_id=0x15b3, options=0x30000002, comp_mask=0x0}
c7:56514:56529 [0] NCCL INFO NET/IB: NCCL Dev 0 IbDev 0 Port 1 qpn 15410 mtu 5 GID 3 (0/702000AFFFF0000) ctsFifoRkey=0x181edc ctsFifoLkey=0x181edc
c7:56514:56529 [0] NCCL INFO NET/IB: IbDev 0 Port 1 qpn 15410 query_ece={supported=1, vendor_id=0x15b3, options=0x30000002, comp_mask=0x0}
c6:56689:56704 [0] NCCL INFO NET/IB: NCCL Dev 0 IbDev 0 Port 1 qpn 15442 mtu 5 GID 3 (0/602000AFFFF0000) ctsFifoRkey=0x17ce8b ctsFifoLkey=0x17ce8b
c6:56689:56704 [0] NCCL INFO NET/IB: IbDev 0 Port 1 qpn 15442 query_ece={supported=1, vendor_id=0x15b3, options=0x30000002, comp_mask=0x0}
c4:54495:54510 [0] NCCL INFO NET/IB: NCCL Dev 0 IbDev 0 Port 1 qpn 15928 mtu 5 GID 3 (0/401000AFFFF0000) ctsFifoRkey=0x17d896 ctsFifoLkey=0x17d896
c4:54495:54510 [0] NCCL INFO NET/IB: IbDev 0 Port 1 qpn 15928 query_ece={supported=1, vendor_id=0x15b3, options=0x30000002, comp_mask=0x0}
c2:54888:54903 [0] NCCL INFO NET/IB: NCCL Dev 0 IbDev 0 Port 1 qpn 15969 mtu 5 GID 3 (0/201000AFFFF0000) ctsFifoRkey=0x1809c7 ctsFifoLkey=0x1809c7
c2:54888:54903 [0] NCCL INFO NET/IB: IbDev 0 Port 1 qpn 15969 query_ece={supported=1, vendor_id=0x15b3, options=0x30000002, comp_mask=0x0}
c6:56689:56704 [0] NCCL INFO NET/IB: NCCL Dev 0 IbDev 0 Port 1 qpn 15443 mtu 5 GID 3 (0/602000AFFFF0000) ctsFifoRkey=0x17d997 ctsFifoLkey=0x17d997
c6:56689:56704 [0] NCCL INFO NET/IB: IbDev 0 Port 1 qpn 15443 query_ece={supported=1, vendor_id=0x15b3, options=0x30000002, comp_mask=0x0}
c5:57813:57828 [0] NCCL INFO NET/IB: NCCL Dev 0 IbDev 0 Port 1 qpn 15523 mtu 5 GID 3 (0/502000AFFFF0000) ctsFifoRkey=0x179a58 ctsFifoLkey=0x179a58
c5:57813:57828 [0] NCCL INFO NET/IB: IbDev 0 Port 1 qpn 15523 query_ece={supported=1, vendor_id=0x15b3, options=0x30000002, comp_mask=0x0}
c2:54888:54903 [0] NCCL INFO NET/IB: NCCL Dev 0 IbDev 0 Port 1 qpn 15970 mtu 5 GID 3 (0/201000AFFFF0000) ctsFifoRkey=0x17eaa8 ctsFifoLkey=0x17eaa8
c2:54888:54903 [0] NCCL INFO NET/IB: IbDev 0 Port 1 qpn 15970 query_ece={supported=1, vendor_id=0x15b3, options=0x30000002, comp_mask=0x0}
c5:57813:57828 [0] NCCL INFO NET/IB: NCCL Dev 0 IbDev 0 Port 1 qpn 15524 mtu 5 GID 3 (0/502000AFFFF0000) ctsFifoRkey=0x17cc88 ctsFifoLkey=0x17cc88
c5:57813:57828 [0] NCCL INFO NET/IB: IbDev 0 Port 1 qpn 15524 query_ece={supported=1, vendor_id=0x15b3, options=0x30000002, comp_mask=0x0}
c3:54783:54798 [0] NCCL INFO NET/IB: NCCL Dev 0 IbDev 0 Port 1 qpn 15834 mtu 5 GID 3 (0/301000AFFFF0000) ctsFifoRkey=0x17e5a2 ctsFifoLkey=0x17e5a2
c3:54783:54798 [0] NCCL INFO NET/IB: IbDev 0 Port 1 qpn 15834 query_ece={supported=1, vendor_id=0x15b3, options=0x30000002, comp_mask=0x0}
c5:57813:57828 [0] NCCL INFO NET/IB: NCCL Dev 0 IbDev 0 Port 1 qpn 15525 mtu 5 GID 3 (0/502000AFFFF0000) ctsFifoRkey=0x17fcb9 ctsFifoLkey=0x17fcb9
c5:57813:57828 [0] NCCL INFO NET/IB: IbDev 0 Port 1 qpn 15525 query_ece={supported=1, vendor_id=0x15b3, options=0x30000002, comp_mask=0x0}
c8:56283:56298 [0] NCCL INFO NET/IB: NCCL Dev 0 IbDev 0 Port 1 qpn 15323 mtu 5 GID 3 (0/802000AFFFF0000) ctsFifoRkey=0x17d18f ctsFifoLkey=0x17d18f
c8:56283:56298 [0] NCCL INFO NET/IB: IbDev 0 Port 1 qpn 15323 query_ece={supported=1, vendor_id=0x15b3, options=0x30000002, comp_mask=0x0}
c4:54495:54510 [0] NCCL INFO NET/IB: IbDev 0 Port 1 qpn 15927 set_ece={supported=1, vendor_id=0x15b3, options=0x30000002, comp_mask=0x0}
c2:54888:54903 [0] NCCL INFO NET/IB: NCCL Dev 0 IbDev 0 Port 1 qpn 15973 mtu 5 GID 3 (0/201000AFFFF0000) ctsFifoRkey=0x1832f0 ctsFifoLkey=0x1832f0
c2:54888:54903 [0] NCCL INFO NET/IB: IbDev 0 Port 1 qpn 15973 query_ece={supported=1, vendor_id=0x15b3, options=0x30000002, comp_mask=0x0}
c6:56689:56704 [0] NCCL INFO NET/IB: NCCL Dev 0 IbDev 0 Port 1 qpn 15446 mtu 5 GID 3 (0/602000AFFFF0000) ctsFifoRkey=0x180ac7 ctsFifoLkey=0x180ac7
c6:56689:56704 [0] NCCL INFO NET/IB: IbDev 0 Port 1 qpn 15446 query_ece={supported=1, vendor_id=0x15b3, options=0x30000002, comp_mask=0x0}
c6:56689:56704 [0] NCCL INFO NET/IB: IbDev 0 Port 1 qpn 15442 set_ece={supported=1, vendor_id=0x15b3, options=0x30000002, comp_mask=0x0}
c2:54888:54903 [0] NCCL INFO NET/IB: NCCL Dev 0 IbDev 0 Port 1 qpn 15974 mtu 5 GID 3 (0/201000AFFFF0000) ctsFifoRkey=0x17e19c ctsFifoLkey=0x17e19c
c2:54888:54903 [0] NCCL INFO NET/IB: IbDev 0 Port 1 qpn 15974 query_ece={supported=1, vendor_id=0x15b3, options=0x30000002, comp_mask=0x0}
c5:57813:57828 [0] NCCL INFO NET/IB: NCCL Dev 0 IbDev 0 Port 1 qpn 15528 mtu 5 GID 3 (0/502000AFFFF0000) ctsFifoRkey=0x178f4c ctsFifoLkey=0x178f4c
c5:57813:57828 [0] NCCL INFO NET/IB: IbDev 0 Port 1 qpn 15528 query_ece={supported=1, vendor_id=0x15b3, options=0x30000002, comp_mask=0x0}
c2:54888:54903 [0] NCCL INFO NET/IB: IbDev 0 Port 1 qpn 15969 set_ece={supported=1, vendor_id=0x15b3, options=0x30000002, comp_mask=0x0}
c5:57813:57828 [0] NCCL INFO NET/IB: IbDev 0 Port 1 qpn 15525 set_ece={supported=1, vendor_id=0x15b3, options=0x30000002, comp_mask=0x0}
c1:68215:68270 [0] NCCL INFO NET/IB: IbDev 0 Port 1 qpn 15897 set_ece={supported=1, vendor_id=0x15b3, options=0x30000002, comp_mask=0x0}
c7:56514:56529 [0] NCCL INFO NET/IB: NCCL Dev 0 IbDev 0 Port 1 qpn 15417 mtu 5 GID 3 (0/702000AFFFF0000) ctsFifoRkey=0x17d894 ctsFifoLkey=0x17d894
c7:56514:56529 [0] NCCL INFO NET/IB: IbDev 0 Port 1 qpn 15417 query_ece={supported=1, vendor_id=0x15b3, options=0x30000002, comp_mask=0x0}
c3:54783:54798 [0] NCCL INFO NET/IB: NCCL Dev 0 IbDev 0 Port 1 qpn 15839 mtu 5 GID 3 (0/301000AFFFF0000) ctsFifoRkey=0x17be7b ctsFifoLkey=0x17be7b
c3:54783:54798 [0] NCCL INFO NET/IB: IbDev 0 Port 1 qpn 15839 query_ece={supported=1, vendor_id=0x15b3, options=0x30000002, comp_mask=0x0}
c7:56514:56529 [0] NCCL INFO NET/IB: NCCL Dev 0 IbDev 0 Port 1 qpn 15418 mtu 5 GID 3 (0/702000AFFFF0000) ctsFifoRkey=0x17dd9a ctsFifoLkey=0x17dd9a
c7:56514:56529 [0] NCCL INFO NET/IB: IbDev 0 Port 1 qpn 15418 query_ece={supported=1, vendor_id=0x15b3, options=0x30000002, comp_mask=0x0}
c7:56514:56529 [0] NCCL INFO NET/IB: IbDev 0 Port 1 qpn 15410 set_ece={supported=1, vendor_id=0x15b3, options=0x30000002, comp_mask=0x0}
c8:56283:56298 [0] NCCL INFO NET/IB: NCCL Dev 0 IbDev 0 Port 1 qpn 15326 mtu 5 GID 3 (0/802000AFFFF0000) ctsFifoRkey=0x17ba77 ctsFifoLkey=0x17ba77
c8:56283:56298 [0] NCCL INFO NET/IB: IbDev 0 Port 1 qpn 15326 query_ece={supported=1, vendor_id=0x15b3, options=0x30000002, comp_mask=0x0}
c3:54783:54798 [0] NCCL INFO NET/IB: NCCL Dev 0 IbDev 0 Port 1 qpn 15842 mtu 5 GID 3 (0/301000AFFFF0000) ctsFifoRkey=0x17b16f ctsFifoLkey=0x17b16f
c3:54783:54798 [0] NCCL INFO NET/IB: IbDev 0 Port 1 qpn 15842 query_ece={supported=1, vendor_id=0x15b3, options=0x30000002, comp_mask=0x0}
c6:56689:56704 [0] NCCL INFO NET/IB: IbDev 0 Port 1 qpn 15443 set_ece={supported=1, vendor_id=0x15b3, options=0x30000002, comp_mask=0x0}
c3:54783:54798 [0] NCCL INFO NET/IB: NCCL Dev 0 IbDev 0 Port 1 qpn 15843 mtu 5 GID 3 (0/301000AFFFF0000) ctsFifoRkey=0x17f1ae ctsFifoLkey=0x17f1ae
c3:54783:54798 [0] NCCL INFO NET/IB: IbDev 0 Port 1 qpn 15843 query_ece={supported=1, vendor_id=0x15b3, options=0x30000002, comp_mask=0x0}
c3:54783:54798 [0] NCCL INFO NET/IB: IbDev 0 Port 1 qpn 15834 set_ece={supported=1, vendor_id=0x15b3, options=0x30000002, comp_mask=0x0}
c4:54495:54510 [0] NCCL INFO NET/IB: IbDev 0 Port 1 qpn 15928 set_ece={supported=1, vendor_id=0x15b3, options=0x30000002, comp_mask=0x0}
c2:54888:54903 [0] NCCL INFO NET/IB: IbDev 0 Port 1 qpn 15970 set_ece={supported=1, vendor_id=0x15b3, options=0x30000002, comp_mask=0x0}
c1:68215:68270 [0] NCCL INFO NET/IB: IbDev 0 Port 1 qpn 15896 set_ece={supported=1, vendor_id=0x15b3, options=0x30000002, comp_mask=0x0}
c5:57813:57828 [0] NCCL INFO NET/IB: IbDev 0 Port 1 qpn 15528 set_ece={supported=1, vendor_id=0x15b3, options=0x30000002, comp_mask=0x0}
c8:56283:56298 [0] NCCL INFO NET/IB: IbDev 0 Port 1 qpn 15323 set_ece={supported=1, vendor_id=0x15b3, options=0x30000002, comp_mask=0x0}
c4:54495:54510 [0] NCCL INFO NET/IB: NCCL Dev 0 IbDev 0 Port 1 qpn 15935 mtu 5 GID 3 (0/401000AFFFF0000) ctsFifoRkey=0x178e4d ctsFifoLkey=0x178e4d
c4:54495:54510 [0] NCCL INFO NET/IB: IbDev 0 Port 1 qpn 15935 query_ece={supported=1, vendor_id=0x15b3, options=0x30000002, comp_mask=0x0}
c5:57813:57828 [0] NCCL INFO NET/IB: IbDev 0 Port 1 qpn 15523 set_ece={supported=1, vendor_id=0x15b3, options=0x30000002, comp_mask=0x0}
c4:54495:54510 [0] NCCL INFO NET/IB: NCCL Dev 0 IbDev 0 Port 1 qpn 15938 mtu 5 GID 3 (0/401000AFFFF0000) ctsFifoRkey=0x17cd8a ctsFifoLkey=0x17cd8a
c4:54495:54510 [0] NCCL INFO NET/IB: IbDev 0 Port 1 qpn 15938 query_ece={supported=1, vendor_id=0x15b3, options=0x30000002, comp_mask=0x0}
c2:54888:54903 [0] NCCL INFO NET/IB: IbDev 0 Port 1 qpn 15973 set_ece={supported=1, vendor_id=0x15b3, options=0x30000002, comp_mask=0x0}
c6:56689:56704 [0] NCCL INFO NET/IB: IbDev 0 Port 1 qpn 15446 set_ece={supported=1, vendor_id=0x15b3, options=0x30000002, comp_mask=0x0}
c7:56514:56529 [0] NCCL INFO NET/IB: IbDev 0 Port 1 qpn 15417 set_ece={supported=1, vendor_id=0x15b3, options=0x30000002, comp_mask=0x0}
c5:57813:57828 [0] NCCL INFO NET/IB: IbDev 0 Port 1 qpn 15524 set_ece={supported=1, vendor_id=0x15b3, options=0x30000002, comp_mask=0x0}
c3:54783:54798 [0] NCCL INFO NET/IB: IbDev 0 Port 1 qpn 15842 set_ece={supported=1, vendor_id=0x15b3, options=0x30000002, comp_mask=0x0}
c2:54888:54903 [0] NCCL INFO NET/IB: IbDev 0 Port 1 qpn 15974 set_ece={supported=1, vendor_id=0x15b3, options=0x30000002, comp_mask=0x0}
c8:56283:56298 [0] NCCL INFO NET/IB: IbDev 0 Port 1 qpn 15326 set_ece={supported=1, vendor_id=0x15b3, options=0x30000002, comp_mask=0x0}
c4:54495:54510 [0] NCCL INFO NET/IB: IbDev 0 Port 1 qpn 15935 set_ece={supported=1, vendor_id=0x15b3, options=0x30000002, comp_mask=0x0}
c7:56514:56529 [0] NCCL INFO NET/IB: IbDev 0 Port 1 qpn 15418 set_ece={supported=1, vendor_id=0x15b3, options=0x30000002, comp_mask=0x0}
c3:54783:54798 [0] NCCL INFO NET/IB: IbDev 0 Port 1 qpn 15839 set_ece={supported=1, vendor_id=0x15b3, options=0x30000002, comp_mask=0x0}
c4:54495:54510 [0] NCCL INFO NET/IB: IbDev 0 Port 1 qpn 15938 set_ece={supported=1, vendor_id=0x15b3, options=0x30000002, comp_mask=0x0}
c3:54783:54798 [0] NCCL INFO NET/IB: IbDev 0 Port 1 qpn 15843 set_ece={supported=1, vendor_id=0x15b3, options=0x30000002, comp_mask=0x0}
c6:56689:56704 [0] NCCL INFO NET/IB: NCCL Dev 0 IbDev 0 Port 1 qpn 15451 mtu 5 GID 3 (0/602000AFFFF0000) ctsFifoRkey=0x17b674 ctsFifoLkey=0x17b674
c6:56689:56704 [0] NCCL INFO NET/IB: IbDev 0 Port 1 qpn 15451 query_ece={supported=1, vendor_id=0x15b3, options=0x30000002, comp_mask=0x0}
c7:56514:56529 [0] NCCL INFO NET/IB: NCCL Dev 0 IbDev 0 Port 1 qpn 15421 mtu 5 GID 3 (0/702000AFFFF0000) ctsFifoRkey=0x1817d4 ctsFifoLkey=0x1817d4
c7:56514:56529 [0] NCCL INFO NET/IB: IbDev 0 Port 1 qpn 15421 query_ece={supported=1, vendor_id=0x15b3, options=0x30000002, comp_mask=0x0}
c6:56689:56704 [0] NCCL INFO NET/IB: IbDev 0 Port 1 qpn 15451 set_ece={supported=1, vendor_id=0x15b3, options=0x30000002, comp_mask=0x0}
c7:56514:56529 [0] NCCL INFO NET/IB: IbDev 0 Port 1 qpn 15421 set_ece={supported=1, vendor_id=0x15b3, options=0x30000002, comp_mask=0x0}
c1:68215:68215 [0] NCCL INFO Connected all trees
c5:57813:57813 [0] NCCL INFO Connected all trees
c6:56689:56689 [0] NCCL INFO Connected all trees
c2:54888:54888 [0] NCCL INFO Connected all trees
c3:54783:54783 [0] NCCL INFO Connected all trees
c8:56283:56283 [0] NCCL INFO Connected all trees
c7:56514:56514 [0] NCCL INFO Connected all trees
c4:54495:54495 [0] NCCL INFO Connected all trees
c1:68215:68215 [0] NCCL INFO GPU Direct RDMA Disabled for GPU/0-884736 (rank 0) - NET/0-0 (distance 8 > 0)
c4:54495:54495 [0] NCCL INFO GPU Direct RDMA Disabled for GPU/0-1769472 (rank 3) - NET/0-0 (distance 8 > 0)
c2:54888:54888 [0] NCCL INFO GPU Direct RDMA Disabled for GPU/0-720896 (rank 1) - NET/0-0 (distance 8 > 0)
c6:56689:56689 [0] NCCL INFO GPU Direct RDMA Disabled for GPU/0-888832 (rank 5) - NET/0-0 (distance 8 > 0)
c5:57813:57813 [0] NCCL INFO GPU Direct RDMA Disabled for GPU/0-729088 (rank 4) - NET/0-0 (distance 8 > 0)
c8:56283:56283 [0] NCCL INFO GPU Direct RDMA Disabled for GPU/0-1937408 (rank 7) - NET/0-0 (distance 8 > 0)
c1:68215:68270 [0] NCCL INFO New proxy recv connection 4 from local rank 0, transport 2
c1:68215:68215 [0] NCCL INFO Connected to proxy localRank 0 -> connection 0x74ad50000f00
c7:56514:56529 [0] NCCL INFO New proxy send connection 8 from local rank 0, transport 2
c7:56514:56514 [0] NCCL INFO Connected to proxy localRank 0 -> connection 0x754f580010e0
c1:68215:68215 [0] NCCL INFO Channel 00/0 : 7[0] -> 0[0] [receive] via NET/IB/0
c1:68215:68215 [0] NCCL INFO GPU Direct RDMA Disabled for GPU/0-884736 (rank 0) - NET/0-0 (distance 8 > 0)
c1:68215:68270 [0] NCCL INFO New proxy recv connection 5 from local rank 0, transport 2
c1:68215:68215 [0] NCCL INFO Connected to proxy localRank 0 -> connection 0x74ad50000f78
c3:54783:54798 [0] NCCL INFO New proxy send connection 8 from local rank 0, transport 2
c3:54783:54783 [0] NCCL INFO Connected to proxy localRank 0 -> connection 0x7f90900010e0
c3:54783:54783 [0] NCCL INFO Channel 01/0 : 2[0] -> 3[0] [send] via NET/IB/0
c5:57813:57828 [0] NCCL INFO New proxy recv connection 8 from local rank 0, transport 2
c5:57813:57813 [0] NCCL INFO Connected to proxy localRank 0 -> connection 0x70c8680010e0
c4:54495:54510 [0] NCCL INFO New proxy recv connection 8 from local rank 0, transport 2
c4:54495:54495 [0] NCCL INFO Connected to proxy localRank 0 -> connection 0x7e5f440010e0
c7:56514:56514 [0] NCCL INFO Channel 01/0 : 6[0] -> 7[0] [send] via NET/IB/0
c2:54888:54903 [0] NCCL INFO New proxy recv connection 8 from local rank 0, transport 2
c2:54888:54888 [0] NCCL INFO Connected to proxy localRank 0 -> connection 0x7270740010e0
c4:54495:54495 [0] NCCL INFO Channel 01/0 : 2[0] -> 3[0] [receive] via NET/IB/0
c1:68215:68215 [0] NCCL INFO Channel 01/0 : 7[0] -> 0[0] [receive] via NET/IB/0
c2:54888:54888 [0] NCCL INFO Channel 00/0 : 0[0] -> 1[0] [receive] via NET/IB/0
c8:56283:56298 [0] NCCL INFO New proxy recv connection 4 from local rank 0, transport 2
c8:56283:56283 [0] NCCL INFO Connected to proxy localRank 0 -> connection 0x72f2ec000f00
c8:56283:56283 [0] NCCL INFO Channel 01/0 : 6[0] -> 7[0] [receive] via NET/IB/0
c8:56283:56298 [0] NCCL INFO New proxy send connection 5 from local rank 0, transport 2
c8:56283:56283 [0] NCCL INFO Connected to proxy localRank 0 -> connection 0x72f2ec000f78
c8:56283:56283 [0] NCCL INFO Channel 00/0 : 7[0] -> 0[0] [send] via NET/IB/0
c8:56283:56298 [0] NCCL INFO New proxy send connection 6 from local rank 0, transport 2
c8:56283:56283 [0] NCCL INFO Connected to proxy localRank 0 -> connection 0x72f2ec000ff0
c8:56283:56283 [0] NCCL INFO Channel 01/0 : 7[0] -> 0[0] [send] via NET/IB/0
c5:57813:57813 [0] NCCL INFO Channel 00/0 : 3[0] -> 4[0] [receive] via NET/IB/0
c5:57813:57813 [0] NCCL INFO GPU Direct RDMA Disabled for GPU/0-729088 (rank 4) - NET/0-0 (distance 8 > 0)
c6:56689:56704 [0] NCCL INFO New proxy recv connection 8 from local rank 0, transport 2
c6:56689:56689 [0] NCCL INFO Connected to proxy localRank 0 -> connection 0x7b5acc0010e0
c6:56689:56689 [0] NCCL INFO Channel 00/0 : 4[0] -> 5[0] [receive] via NET/IB/0
c4:54495:54510 [0] NCCL INFO New proxy send connection 9 from local rank 0, transport 2
c4:54495:54495 [0] NCCL INFO Connected to proxy localRank 0 -> connection 0x7e5f44001158
c4:54495:54495 [0] NCCL INFO Channel 00/0 : 3[0] -> 4[0] [send] via NET/IB/0
c4:54495:54510 [0] NCCL INFO New proxy send connection 10 from local rank 0, transport 2
c4:54495:54495 [0] NCCL INFO Connected to proxy localRank 0 -> connection 0x7e5f440011d0
c4:54495:54495 [0] NCCL INFO Channel 01/0 : 3[0] -> 4[0] [send] via NET/IB/0
c5:57813:57828 [0] NCCL INFO New proxy recv connection 9 from local rank 0, transport 2
c5:57813:57813 [0] NCCL INFO Connected to proxy localRank 0 -> connection 0x70c868001158
c5:57813:57813 [0] NCCL INFO Channel 01/0 : 3[0] -> 4[0] [receive] via NET/IB/0
c5:57813:57828 [0] NCCL INFO New proxy send connection 10 from local rank 0, transport 2
c5:57813:57813 [0] NCCL INFO Connected to proxy localRank 0 -> connection 0x70c8680011d0
c5:57813:57813 [0] NCCL INFO Channel 00/0 : 4[0] -> 5[0] [send] via NET/IB/0
c5:57813:57828 [0] NCCL INFO NET/IB: NCCL Dev 0 IbDev 0 Port 1 qpn 15535 mtu 5 GID 3 (0/502000AFFFF0000) ctsFifoRkey=0x17e4a1 ctsFifoLkey=0x17e4a1
c5:57813:57828 [0] NCCL INFO NET/IB: IbDev 0 Port 1 qpn 15535 query_ece={supported=1, vendor_id=0x15b3, options=0x30000002, comp_mask=0x0}
c3:54783:54798 [0] NCCL INFO NET/IB: NCCL Dev 0 IbDev 0 Port 1 qpn 15846 mtu 5 GID 3 (0/301000AFFFF0000) ctsFifoRkey=0x17a665 ctsFifoLkey=0x17a665
c3:54783:54798 [0] NCCL INFO NET/IB: IbDev 0 Port 1 qpn 15846 query_ece={supported=1, vendor_id=0x15b3, options=0x30000002, comp_mask=0x0}
c4:54495:54510 [0] NCCL INFO NET/IB: NCCL Dev 0 IbDev 0 Port 1 qpn 15939 mtu 5 GID 3 (0/401000AFFFF0000) ctsFifoRkey=0x17fbbb ctsFifoLkey=0x17fbbb
c4:54495:54510 [0] NCCL INFO NET/IB: IbDev 0 Port 1 qpn 15939 query_ece={supported=1, vendor_id=0x15b3, options=0x30000002, comp_mask=0x0}
c4:54495:54510 [0] NCCL INFO NET/IB: NCCL Dev 0 IbDev 0 Port 1 qpn 15940 mtu 5 GID 3 (0/401000AFFFF0000) ctsFifoRkey=0x178340 ctsFifoLkey=0x178340
c4:54495:54510 [0] NCCL INFO NET/IB: IbDev 0 Port 1 qpn 15940 query_ece={supported=1, vendor_id=0x15b3, options=0x30000002, comp_mask=0x0}
c3:54783:54798 [0] NCCL INFO NET/IB: IbDev 0 Port 1 qpn 15846 set_ece={supported=1, vendor_id=0x15b3, options=0x30000002, comp_mask=0x0}
c5:57813:57828 [0] NCCL INFO NET/IB: IbDev 0 Port 1 qpn 15535 set_ece={supported=1, vendor_id=0x15b3, options=0x30000002, comp_mask=0x0}
c4:54495:54510 [0] NCCL INFO NET/IB: IbDev 0 Port 1 qpn 15940 set_ece={supported=1, vendor_id=0x15b3, options=0x30000002, comp_mask=0x0}
c4:54495:54510 [0] NCCL INFO NET/IB: IbDev 0 Port 1 qpn 15939 set_ece={supported=1, vendor_id=0x15b3, options=0x30000002, comp_mask=0x0}
c1:68215:68270 [0] NCCL INFO New proxy send connection 6 from local rank 0, transport 2
c1:68215:68215 [0] NCCL INFO Connected to proxy localRank 0 -> connection 0x74ad50000ff0
c1:68215:68215 [0] NCCL INFO Channel 00/0 : 0[0] -> 1[0] [send] via NET/IB/0
c7:56514:56529 [0] NCCL INFO NET/IB: NCCL Dev 0 IbDev 0 Port 1 qpn 15422 mtu 5 GID 3 (0/702000AFFFF0000) ctsFifoRkey=0x17e4a1 ctsFifoLkey=0x17e4a1
c7:56514:56529 [0] NCCL INFO NET/IB: IbDev 0 Port 1 qpn 15422 query_ece={supported=1, vendor_id=0x15b3, options=0x30000002, comp_mask=0x0}
c1:68215:68270 [0] NCCL INFO NET/IB: NCCL Dev 0 IbDev 0 Port 1 qpn 15902 mtu 5 GID 3 (0/101000AFFFF0000) ctsFifoRkey=0x1806c3 ctsFifoLkey=0x1806c3
c1:68215:68270 [0] NCCL INFO NET/IB: IbDev 0 Port 1 qpn 15902 query_ece={supported=1, vendor_id=0x15b3, options=0x30000002, comp_mask=0x0}
c7:56514:56529 [0] NCCL INFO NET/IB: IbDev 0 Port 1 qpn 15422 set_ece={supported=1, vendor_id=0x15b3, options=0x30000002, comp_mask=0x0}
c8:56283:56298 [0] NCCL INFO NET/IB: NCCL Dev 0 IbDev 0 Port 1 qpn 15329 mtu 5 GID 3 (0/802000AFFFF0000) ctsFifoRkey=0x17e8a5 ctsFifoLkey=0x17e8a5
c8:56283:56298 [0] NCCL INFO NET/IB: IbDev 0 Port 1 qpn 15329 query_ece={supported=1, vendor_id=0x15b3, options=0x30000002, comp_mask=0x0}
c8:56283:56298 [0] NCCL INFO NET/IB: NCCL Dev 0 IbDev 0 Port 1 qpn 15330 mtu 5 GID 3 (0/802000AFFFF0000) ctsFifoRkey=0x17dd9a ctsFifoLkey=0x17dd9a
c8:56283:56298 [0] NCCL INFO NET/IB: IbDev 0 Port 1 qpn 15330 query_ece={supported=1, vendor_id=0x15b3, options=0x30000002, comp_mask=0x0}
c1:68215:68270 [0] NCCL INFO NET/IB: IbDev 0 Port 1 qpn 15902 set_ece={supported=1, vendor_id=0x15b3, options=0x30000002, comp_mask=0x0}
c8:56283:56298 [0] NCCL INFO NET/IB: IbDev 0 Port 1 qpn 15329 set_ece={supported=1, vendor_id=0x15b3, options=0x30000002, comp_mask=0x0}
c8:56283:56298 [0] NCCL INFO NET/IB: IbDev 0 Port 1 qpn 15330 set_ece={supported=1, vendor_id=0x15b3, options=0x30000002, comp_mask=0x0}
c1:68215:68215 [0] NCCL INFO Connected all rings, use ring PXN 0 GDR 0
c4:54495:54495 [0] NCCL INFO Connected all rings, use ring PXN 0 GDR 0
c8:56283:56283 [0] NCCL INFO Connected all rings, use ring PXN 0 GDR 0
c7:56514:56514 [0] NCCL INFO Connected all rings, use ring PXN 0 GDR 0
c6:56689:56689 [0] NCCL INFO Connected all rings, use ring PXN 0 GDR 0
c2:54888:54888 [0] NCCL INFO Connected all rings, use ring PXN 0 GDR 0
c3:54783:54783 [0] NCCL INFO Connected all rings, use ring PXN 0 GDR 0
c5:57813:57813 [0] NCCL INFO Connected all rings, use ring PXN 0 GDR 0
        8192          2048     float     sum      -1   135.10    0.06    0.11       0   287.15    0.03    0.05       0
       16384          4096     float     sum      -1   132.45    0.12    0.22       0   145.21    0.11    0.20       0
       32768          8192     float     sum      -1   197.79    0.17    0.29       0   177.87    0.18    0.32       0
       65536         16384     float     sum      -1   190.27    0.34    0.60       0   190.75    0.34    0.60       0
      131072         32768     float     sum      -1   209.39    0.63    1.10       0   208.00    0.63    1.10       0
      262144         65536     float     sum      -1   283.32    0.93    1.62       0   287.76    0.91    1.59       0
      524288        131072     float     sum      -1   474.33    1.11    1.93       0   448.75    1.17    2.04       0
     1048576        262144     float     sum      -1   886.97    1.18    2.07       0   867.87    1.21    2.11       0
     2097152        524288     float     sum      -1  1706.94    1.23    2.15       0  1700.24    1.23    2.16       0
     4194304       1048576     float     sum      -1   569.37    7.37   12.89       0   603.81    6.95   12.16       0
     8388608       2097152     float     sum      -1   966.97    8.68   15.18       0   964.30    8.70   15.22       0
    16777216       4194304     float     sum      -1  1747.40    9.60   16.80       0  1761.44    9.52   16.67       0
    33554432       8388608     float     sum      -1  3357.80    9.99   17.49       0  3377.83    9.93   17.38       0
    67108864      16777216     float     sum      -1  6697.99   10.02   17.53       0  6679.30   10.05   17.58       0
   134217728      33554432     float     sum      -1  13204.4   10.16   17.79       0  13081.3   10.26   17.96       0
   268435456      67108864     float     sum      -1  26077.3   10.29   18.01       0  26140.5   10.27   17.97       0
   536870912     134217728     float     sum      -1  52088.5   10.31   18.04       0  52001.0   10.32   18.07       0
  1073741824     268435456     float     sum      -1   104203   10.30   18.03       0   106702   10.06   17.61       0
c1:68215:68215 [0] NCCL INFO comm 0x606099ac5df0 rank 0 nranks 8 cudaDev 0 busId d8000 - Destroy COMPLETE
# Out of bounds values : 0 OK
# Avg bus bandwidth    : 8.96267 
#
# Collective test concluded: all_reduce_perf
#
c3:54783:54783 [0] NCCL INFO comm 0x6300fcf7fec0 rank 2 nranks 8 cudaDev 0 busId 1d8000 - Destroy COMPLETE
c6:56689:56689 [0] NCCL INFO comm 0x57b44e43f4c0 rank 5 nranks 8 cudaDev 0 busId d9000 - Destroy COMPLETE
c7:56514:56514 [0] NCCL INFO comm 0x5d6841d49e20 rank 6 nranks 8 cudaDev 0 busId 1b2000 - Destroy COMPLETE
c2:54888:54888 [0] NCCL INFO comm 0x5b6dd1b94730 rank 1 nranks 8 cudaDev 0 busId b0000 - Destroy COMPLETE
c4:54495:54495 [0] NCCL INFO comm 0x6469c12eb0c0 rank 3 nranks 8 cudaDev 0 busId 1b0000 - Destroy COMPLETE
c5:57813:57813 [0] NCCL INFO comm 0x5781304a6010 rank 4 nranks 8 cudaDev 0 busId b2000 - Destroy COMPLETE
c8:56283:56283 [0] NCCL INFO comm 0x56302afb6e50 rank 7 nranks 8 cudaDev 0 busId 1d9000 - Destroy COMPLETE

c7:56514:56514 [0] NCCL INFO ENV/Plugin: Closing env plugin ncclEnvDefault
c5:57813:57813 [0] NCCL INFO ENV/Plugin: Closing env plugin ncclEnvDefault
c6:56689:56689 [0] NCCL INFO ENV/Plugin: Closing env plugin ncclEnvDefault
c8:56283:56283 [0] NCCL INFO ENV/Plugin: Closing env plugin ncclEnvDefault
c3:54783:54783 [0] NCCL INFO ENV/Plugin: Closing env plugin ncclEnvDefault
c1:68215:68215 [0] NCCL INFO ENV/Plugin: Closing env plugin ncclEnvDefault
c2:54888:54888 [0] NCCL INFO ENV/Plugin: Closing env plugin ncclEnvDefault
c4:54495:54495 [0] NCCL INFO ENV/Plugin: Closing env plugin ncclEnvDefault
