# nccl-tests version 2.17.9 nccl-headers=22902 nccl-library=22902
# Collective test starting: all_reduce_perf
# nThread 1 nGpus 1 minBytes 8192 maxBytes 1073741824 step: 2(factor) warmup iters: 1 iters: 20 agg iters: 1 validation: 1 graph: 0
#
# Using devices
#  Rank  0 Group  0 Pid  68612 on         c1 device  0 [0000:d8:00] NVIDIA RTX PRO 6000 Blackwell Server Edition
#  Rank  1 Group  0 Pid  54954 on         c2 device  0 [0000:b0:00] NVIDIA RTX PRO 6000 Blackwell Server Edition
#  Rank  2 Group  0 Pid  54849 on         c3 device  0 [0001:d8:00] NVIDIA RTX PRO 6000 Blackwell Server Edition
#  Rank  3 Group  0 Pid  54561 on         c4 device  0 [0001:b0:00] NVIDIA RTX PRO 6000 Blackwell Server Edition
#  Rank  4 Group  0 Pid  57880 on         c5 device  0 [0000:b2:00] NVIDIA RTX PRO 6000 Blackwell Server Edition
#  Rank  5 Group  0 Pid  56755 on         c6 device  0 [0000:d9:00] NVIDIA RTX PRO 6000 Blackwell Server Edition
#  Rank  6 Group  0 Pid  56580 on         c7 device  0 [0001:b2:00] NVIDIA RTX PRO 6000 Blackwell Server Edition
#  Rank  7 Group  0 Pid  56349 on         c8 device  0 [0001:d9:00] NVIDIA RTX PRO 6000 Blackwell Server Edition
c1:68612:68612 [0] NCCL INFO ENV/Plugin: Could not find: libnccl-env.so
c1:68612:68612 [0] NCCL INFO NCCL_SOCKET_IFNAME set to ns1pf0
c1:68612:68612 [0] NCCL INFO cudaDriverVersion 13000
c1:68612:68612 [0] NCCL INFO NCCL version 2.29.2+cuda13.1
c1:68612:68612 [0] NCCL INFO NCCL git version master 3266b26
c3:54849:54849 [0] NCCL INFO ENV/Plugin: Could not find: libnccl-env.so
c3:54849:54849 [0] NCCL INFO cudaDriverVersion 13000
c4:54561:54561 [0] NCCL INFO ENV/Plugin: Could not find: libnccl-env.so
c4:54561:54561 [0] NCCL INFO cudaDriverVersion 13000
c8:56349:56349 [0] NCCL INFO ENV/Plugin: Could not find: libnccl-env.so
c8:56349:56349 [0] NCCL INFO cudaDriverVersion 13000
c7:56580:56580 [0] NCCL INFO ENV/Plugin: Could not find: libnccl-env.so
c7:56580:56580 [0] NCCL INFO cudaDriverVersion 13000
c5:57880:57880 [0] NCCL INFO ENV/Plugin: Could not find: libnccl-env.so
c5:57880:57880 [0] NCCL INFO cudaDriverVersion 13000
c6:56755:56755 [0] NCCL INFO ENV/Plugin: Could not find: libnccl-env.so
c6:56755:56755 [0] NCCL INFO cudaDriverVersion 13000
c2:54954:54954 [0] NCCL INFO ENV/Plugin: Could not find: libnccl-env.so
c2:54954:54954 [0] NCCL INFO cudaDriverVersion 13000
c3:54849:54849 [0] NCCL INFO NCCL_SOCKET_IFNAME set to ns3pf0
c4:54561:54561 [0] NCCL INFO NCCL_SOCKET_IFNAME set to ns4pf0
c2:54954:54954 [0] NCCL INFO NCCL_SOCKET_IFNAME set to ns2pf0
c3:54849:54849 [0] NCCL INFO NCCL version 2.29.2+cuda13.1
c3:54849:54849 [0] NCCL INFO NCCL git version master 3266b26
c4:54561:54561 [0] NCCL INFO NCCL version 2.29.2+cuda13.1
c4:54561:54561 [0] NCCL INFO NCCL git version master 3266b26
c2:54954:54954 [0] NCCL INFO NCCL version 2.29.2+cuda13.1
c2:54954:54954 [0] NCCL INFO NCCL git version master 3266b26
c6:56755:56755 [0] NCCL INFO NCCL_SOCKET_IFNAME set to ns6pf0
c5:57880:57880 [0] NCCL INFO NCCL_SOCKET_IFNAME set to ns5pf0
c8:56349:56349 [0] NCCL INFO NCCL_SOCKET_IFNAME set to ns8pf0
c7:56580:56580 [0] NCCL INFO NCCL_SOCKET_IFNAME set to ns7pf0
c6:56755:56755 [0] NCCL INFO NCCL version 2.29.2+cuda13.1
c6:56755:56755 [0] NCCL INFO NCCL git version master 3266b26
c7:56580:56580 [0] NCCL INFO NCCL version 2.29.2+cuda13.1
c7:56580:56580 [0] NCCL INFO NCCL git version master 3266b26
c5:57880:57880 [0] NCCL INFO NCCL version 2.29.2+cuda13.1
c5:57880:57880 [0] NCCL INFO NCCL git version master 3266b26
c8:56349:56349 [0] NCCL INFO NCCL version 2.29.2+cuda13.1
c8:56349:56349 [0] NCCL INFO NCCL git version master 3266b26
c1:68612:68612 [0] NCCL INFO NET/Plugin: Could not find: libnccl-net.so
c2:54954:54954 [0] NCCL INFO NET/Plugin: Could not find: libnccl-net.so
c1:68612:68612 [0] NCCL INFO NCCL_IB_HCA set to mlx5_2
c2:54954:54954 [0] NCCL INFO NCCL_IB_HCA set to mlx5_0
c4:54561:54561 [0] NCCL INFO NET/Plugin: Could not find: libnccl-net.so
c4:54561:54561 [0] NCCL INFO NCCL_IB_HCA set to mlx5_4
c1:68612:68612 [0] NCCL INFO NET/IB: [0] mlx5_2:uverbs2:1/RoCE provider=Mlx5 speed=200000 context=0x59e7efc75c60 pciPath=/sys/devices/pci0000:d3/0000:d3:02.0/0000:d4:00.0/0000:d5:00.0/0000:d6:00.0 ar=0
c1:68612:68612 [0] NCCL INFO NET/IB : Made virtual device [0] name=mlx5_2 speed=200000 ndevs=1
c2:54954:54954 [0] NCCL INFO NET/IB: [0] mlx5_0:uverbs0:1/RoCE provider=Mlx5 speed=200000 context=0x5fea22f93a60 pciPath=/sys/devices/pci0000:ab/0000:ab:02.0/0000:ac:00.0/0000:ad:00.0/0000:ae:00.0 ar=0
c2:54954:54954 [0] NCCL INFO NET/IB : Made virtual device [0] name=mlx5_0 speed=200000 ndevs=1
c1:68612:68612 [0] NCCL INFO NET/IB : Using [0]mlx5_2:1/RoCE [RO]; OOB ns1pf0:10.0.1.1<0>
c1:68612:68612 [0] NCCL INFO Initialized NET plugin IB
c4:54561:54561 [0] NCCL INFO NET/IB: [0] mlx5_4:uverbs4:1/RoCE provider=Mlx5 speed=200000 context=0x652ad0c37eb0 pciPath=/sys/devices/pci0001:ab/0001:ab:02.0/0001:ac:00.0/0001:ad:00.0/0001:ae:00.0 ar=0
c4:54561:54561 [0] NCCL INFO NET/IB : Made virtual device [0] name=mlx5_4 speed=200000 ndevs=1
c1:68612:68612 [0] NCCL INFO Assigned NET plugin IB to comm
c1:68612:68612 [0] NCCL INFO Assigned RMA plugin GIN_IB_PROXY to comm
c1:68612:68612 [0] NCCL INFO Using network IB
c3:54849:54849 [0] NCCL INFO NET/Plugin: Could not find: libnccl-net.so
c2:54954:54954 [0] NCCL INFO NET/IB : Using [0]mlx5_0:1/RoCE [RO]; OOB ns2pf0:10.0.1.2<0>
c2:54954:54954 [0] NCCL INFO Initialized NET plugin IB
c2:54954:54954 [0] NCCL INFO Assigned NET plugin IB to comm
c2:54954:54954 [0] NCCL INFO Assigned RMA plugin GIN_IB_PROXY to comm
c2:54954:54954 [0] NCCL INFO Using network IB
c3:54849:54849 [0] NCCL INFO NCCL_IB_HCA set to mlx5_6
c4:54561:54561 [0] NCCL INFO NET/IB : Using [0]mlx5_4:1/RoCE [RO]; OOB ns4pf0:10.0.1.4<0>
c4:54561:54561 [0] NCCL INFO Initialized NET plugin IB
c4:54561:54561 [0] NCCL INFO Assigned NET plugin IB to comm
c4:54561:54561 [0] NCCL INFO Assigned RMA plugin GIN_IB_PROXY to comm
c4:54561:54561 [0] NCCL INFO Using network IB
c3:54849:54849 [0] NCCL INFO NET/IB: [0] mlx5_6:uverbs6:1/RoCE provider=Mlx5 speed=200000 context=0x5b29b5ace700 pciPath=/sys/devices/pci0001:d3/0001:d3:02.0/0001:d4:00.0/0001:d5:00.0/0001:d6:00.0 ar=0
c3:54849:54849 [0] NCCL INFO NET/IB : Made virtual device [0] name=mlx5_6 speed=200000 ndevs=1
c3:54849:54849 [0] NCCL INFO NET/IB : Using [0]mlx5_6:1/RoCE [RO]; OOB ns3pf0:10.0.1.3<0>
c3:54849:54849 [0] NCCL INFO Initialized NET plugin IB
c3:54849:54849 [0] NCCL INFO Assigned NET plugin IB to comm
c3:54849:54849 [0] NCCL INFO Assigned RMA plugin GIN_IB_PROXY to comm
c3:54849:54849 [0] NCCL INFO Using network IB
c2:54954:54954 [0] NCCL INFO DMA-BUF is available on GPU device 0
c2:54954:54954 [0] NCCL INFO [Rank 1] ncclCommInitRankConfig comm 0x5fea1c960540 rank 1 nranks 8 cudaDev 0 nvmlDev 0 busId b0000 commId 0x16d827f613426d80 - Init START
c1:68612:68612 [0] NCCL INFO DMA-BUF is available on GPU device 0
c1:68612:68612 [0] NCCL INFO [Rank 0] ncclCommInitRankConfig comm 0x59e7e964f8e0 rank 0 nranks 8 cudaDev 0 nvmlDev 0 busId d8000 commId 0x16d827f613426d80 - Init START
c4:54561:54561 [0] NCCL INFO DMA-BUF is available on GPU device 0
c4:54561:54561 [0] NCCL INFO [Rank 3] ncclCommInitRankConfig comm 0x652aca6011d0 rank 3 nranks 8 cudaDev 0 nvmlDev 0 busId 1b0000 commId 0x16d827f613426d80 - Init START
c3:54849:54849 [0] NCCL INFO DMA-BUF is available on GPU device 0
c3:54849:54849 [0] NCCL INFO [Rank 2] ncclCommInitRankConfig comm 0x5b29af49af40 rank 2 nranks 8 cudaDev 0 nvmlDev 0 busId 1d8000 commId 0x16d827f613426d80 - Init START
c2:54954:54954 [0] NCCL INFO RAS client listening socket at ::1<28028>
c3:54849:54849 [0] NCCL INFO RAS client listening socket at ::1<28028>
c8:56349:56349 [0] NCCL INFO NET/Plugin: Could not find: libnccl-net.so
c8:56349:56349 [0] NCCL INFO NCCL_IB_HCA set to mlx5_6
c6:56755:56755 [0] NCCL INFO NET/Plugin: Could not find: libnccl-net.so
c6:56755:56755 [0] NCCL INFO NCCL_IB_HCA set to mlx5_2
c8:56349:56349 [0] NCCL INFO NET/IB: [0] mlx5_6:uverbs6:1/RoCE provider=Mlx5 speed=200000 context=0x614596536d60 pciPath=/sys/devices/pci0001:d4/0001:d4:02.0/0001:d5:00.0/0001:d6:00.0/0001:d7:00.0 ar=0
c7:56580:56580 [0] NCCL INFO NET/Plugin: Could not find: libnccl-net.so
c8:56349:56349 [0] NCCL INFO NET/IB : Made virtual device [0] name=mlx5_6 speed=200000 ndevs=1
c7:56580:56580 [0] NCCL INFO NCCL_IB_HCA set to mlx5_4
c6:56755:56755 [0] NCCL INFO NET/IB: [0] mlx5_2:uverbs2:1/RoCE provider=Mlx5 speed=200000 context=0x5dc0bf2214d0 pciPath=/sys/devices/pci0000:d4/0000:d4:02.0/0000:d5:00.0/0000:d6:00.0/0000:d7:00.0 ar=0
c6:56755:56755 [0] NCCL INFO NET/IB : Made virtual device [0] name=mlx5_2 speed=200000 ndevs=1
c8:56349:56349 [0] NCCL INFO NET/IB : Using [0]mlx5_6:1/RoCE [RO]; OOB ns8pf0:10.0.2.8<0>
c8:56349:56349 [0] NCCL INFO Initialized NET plugin IB
c8:56349:56349 [0] NCCL INFO Assigned NET plugin IB to comm
c8:56349:56349 [0] NCCL INFO Assigned RMA plugin GIN_IB_PROXY to comm
c8:56349:56349 [0] NCCL INFO Using network IB
c7:56580:56580 [0] NCCL INFO NET/IB: [0] mlx5_4:uverbs4:1/RoCE provider=Mlx5 speed=200000 context=0x563e297ee1f0 pciPath=/sys/devices/pci0001:ad/0001:ad:02.0/0001:ae:00.0/0001:af:00.0/0001:b0:00.0 ar=0
c7:56580:56580 [0] NCCL INFO NET/IB : Made virtual device [0] name=mlx5_4 speed=200000 ndevs=1
c6:56755:56755 [0] NCCL INFO NET/IB : Using [0]mlx5_2:1/RoCE [RO]; OOB ns6pf0:10.0.2.6<0>
c6:56755:56755 [0] NCCL INFO Initialized NET plugin IB
c6:56755:56755 [0] NCCL INFO Assigned NET plugin IB to comm
c6:56755:56755 [0] NCCL INFO Assigned RMA plugin GIN_IB_PROXY to comm
c6:56755:56755 [0] NCCL INFO Using network IB
c5:57880:57880 [0] NCCL INFO NET/Plugin: Could not find: libnccl-net.so
c7:56580:56580 [0] NCCL INFO NET/IB : Using [0]mlx5_4:1/RoCE [RO]; OOB ns7pf0:10.0.2.7<0>
c7:56580:56580 [0] NCCL INFO Initialized NET plugin IB
c7:56580:56580 [0] NCCL INFO Assigned NET plugin IB to comm
c7:56580:56580 [0] NCCL INFO Assigned RMA plugin GIN_IB_PROXY to comm
c7:56580:56580 [0] NCCL INFO Using network IB
c5:57880:57880 [0] NCCL INFO NCCL_IB_HCA set to mlx5_0
c8:56349:56349 [0] NCCL INFO DMA-BUF is available on GPU device 0
c8:56349:56349 [0] NCCL INFO [Rank 7] ncclCommInitRankConfig comm 0x61458ff00070 rank 7 nranks 8 cudaDev 0 nvmlDev 0 busId 1d9000 commId 0x16d827f613426d80 - Init START
c5:57880:57880 [0] NCCL INFO NET/IB: [0] mlx5_0:uverbs0:1/RoCE provider=Mlx5 speed=200000 context=0x5fc1bf82a900 pciPath=/sys/devices/pci0000:ad/0000:ad:02.0/0000:ae:00.0/0000:af:00.0/0000:b0:00.0 ar=0
c5:57880:57880 [0] NCCL INFO NET/IB : Made virtual device [0] name=mlx5_0 speed=200000 ndevs=1
c1:68612:68612 [0] NCCL INFO RAS client listening socket at ::1<28028>
c6:56755:56755 [0] NCCL INFO DMA-BUF is available on GPU device 0
c6:56755:56755 [0] NCCL INFO [Rank 5] ncclCommInitRankConfig comm 0x5dc0b8bee210 rank 5 nranks 8 cudaDev 0 nvmlDev 0 busId d9000 commId 0x16d827f613426d80 - Init START
c7:56580:56580 [0] NCCL INFO DMA-BUF is available on GPU device 0
c7:56580:56580 [0] NCCL INFO [Rank 6] ncclCommInitRankConfig comm 0x563e231bade0 rank 6 nranks 8 cudaDev 0 nvmlDev 0 busId 1b2000 commId 0x16d827f613426d80 - Init START
c5:57880:57880 [0] NCCL INFO NET/IB : Using [0]mlx5_0:1/RoCE [RO]; OOB ns5pf0:10.0.2.5<0>
c5:57880:57880 [0] NCCL INFO Initialized NET plugin IB
c5:57880:57880 [0] NCCL INFO Assigned NET plugin IB to comm
c5:57880:57880 [0] NCCL INFO Assigned RMA plugin GIN_IB_PROXY to comm
c5:57880:57880 [0] NCCL INFO Using network IB
c8:56349:56349 [0] NCCL INFO RAS client listening socket at ::1<28028>
c7:56580:56580 [0] NCCL INFO RAS client listening socket at ::1<28028>
c5:57880:57880 [0] NCCL INFO DMA-BUF is available on GPU device 0
c5:57880:57880 [0] NCCL INFO [Rank 4] ncclCommInitRankConfig comm 0x5fc1b91f4250 rank 4 nranks 8 cudaDev 0 nvmlDev 0 busId b2000 commId 0x16d827f613426d80 - Init START
c4:54561:54561 [0] NCCL INFO RAS client listening socket at ::1<28028>
c5:57880:57880 [0] NCCL INFO RAS client listening socket at ::1<28028>
c6:56755:56755 [0] NCCL INFO RAS client listening socket at ::1<28028>
c1:68612:68612 [0] NCCL INFO NCCL_P2P_DISABLE set by environment to 1
c8:56349:56349 [0] NCCL INFO NCCL_P2P_DISABLE set by environment to 1
c6:56755:56755 [0] NCCL INFO NCCL_P2P_DISABLE set by environment to 1
c4:54561:54561 [0] NCCL INFO NCCL_P2P_DISABLE set by environment to 1
c3:54849:54849 [0] NCCL INFO NCCL_P2P_DISABLE set by environment to 1
c2:54954:54954 [0] NCCL INFO NCCL_P2P_DISABLE set by environment to 1
c7:56580:56580 [0] NCCL INFO NCCL_P2P_DISABLE set by environment to 1
c5:57880:57880 [0] NCCL INFO NCCL_P2P_DISABLE set by environment to 1
c1:68612:68612 [0] NCCL INFO TOPO/NET : Importing network plugins to topology
c1:68612:68612 [0] NCCL INFO NET/IB : GPU Direct RDMA Enabled for HCA 0 'mlx5_2'
c1:68612:68612 [0] NCCL INFO ncclTopoPopulateNics : Filled mlx5_2 in topo with pciPath=/sys/devices/pci0000:d3/0000:d3:02.0/0000:d4:00.0/0000:d5:00.0/0000:d6:00.0 keep=1 coll=(null)
c8:56349:56349 [0] NCCL INFO TOPO/NET : Importing network plugins to topology
c8:56349:56349 [0] NCCL INFO NET/IB : GPU Direct RDMA Enabled for HCA 0 'mlx5_6'
c8:56349:56349 [0] NCCL INFO ncclTopoPopulateNics : Filled mlx5_6 in topo with pciPath=/sys/devices/pci0001:d4/0001:d4:02.0/0001:d5:00.0/0001:d6:00.0/0001:d7:00.0 keep=1 coll=(null)
c2:54954:54954 [0] NCCL INFO TOPO/NET : Importing network plugins to topology
c2:54954:54954 [0] NCCL INFO NET/IB : GPU Direct RDMA Enabled for HCA 0 'mlx5_0'
c2:54954:54954 [0] NCCL INFO ncclTopoPopulateNics : Filled mlx5_0 in topo with pciPath=/sys/devices/pci0000:ab/0000:ab:02.0/0000:ac:00.0/0000:ad:00.0/0000:ae:00.0 keep=1 coll=(null)
c1:68612:68612 [0] NCCL INFO NCCL_NET_GDR_LEVEL set by environment to SYS
c1:68612:68612 [0] NCCL INFO GPU Direct RDMA Enabled for GPU/0-884736 (rank 0) - NET/0-0 (distance 4 <= 9, read 0, mode Default)
c1:68612:68612 [0] NCCL INFO GPU Direct RDMA Enabled for GPU/0-884736 (rank 0) - NET/0-0 (distance 4 <= 9, read 0, mode Default)
c1:68612:68612 [0] NCCL INFO === System : maxBw 25.0 totalBw 48.0 ===
c1:68612:68612 [0] NCCL INFO CPU/0-0 (1/1/3)
c1:68612:68612 [0] NCCL INFO + PCI[48.0] - PCI/0-d4000 (1000c0301000100b)
c1:68612:68612 [0] NCCL INFO               + PCI[48.0] - NIC/0-d6000
c1:68612:68612 [0] NCCL INFO                             + NET[25.0] - NET/0-0 (0/e837e0003499ee8/1/25.000000)
c1:68612:68612 [0] NCCL INFO               + PCI[48.0] - GPU/0-d8000 (0)
c1:68612:68612 [0] NCCL INFO ==========================================
c1:68612:68612 [0] NCCL INFO GPU/0-d8000 :GPU/0-d8000 (0/5000.0/LOC) CPU/0-0 (2/48.0/PHB) NET/0-0 (3/25.0/PIX) 
c1:68612:68612 [0] NCCL INFO NET/0-0 :GPU/0-d8000 (3/25.0/PIX) CPU/0-0 (3/25.0/PHB) NET/0-0 (0/5000.0/LOC) 
c1:68612:68612 [0] NCCL INFO ncclTopoGetCpuAffinity: Affinity for GPU 0 is 1. (GPU affinity = 0-31,64-95 ; CPU affinity = 1).
c1:68612:68612 [0] NCCL INFO Pattern 4, crossNic 0, nChannels 1, bw 24.000000/24.000000, type LOC/PIX, sameChannels 1
c1:68612:68612 [0] NCCL INFO  0 : NET/0-0 GPU/0-d8000 NET/0-0
c4:54561:54561 [0] NCCL INFO TOPO/NET : Importing network plugins to topology
c4:54561:54561 [0] NCCL INFO NET/IB : GPU Direct RDMA Enabled for HCA 0 'mlx5_4'
c4:54561:54561 [0] NCCL INFO ncclTopoPopulateNics : Filled mlx5_4 in topo with pciPath=/sys/devices/pci0001:ab/0001:ab:02.0/0001:ac:00.0/0001:ad:00.0/0001:ae:00.0 keep=1 coll=(null)
c3:54849:54849 [0] NCCL INFO TOPO/NET : Importing network plugins to topology
c3:54849:54849 [0] NCCL INFO NET/IB : GPU Direct RDMA Enabled for HCA 0 'mlx5_6'
c3:54849:54849 [0] NCCL INFO ncclTopoPopulateNics : Filled mlx5_6 in topo with pciPath=/sys/devices/pci0001:d3/0001:d3:02.0/0001:d4:00.0/0001:d5:00.0/0001:d6:00.0 keep=1 coll=(null)
c1:68612:68612 [0] NCCL INFO Pattern 3, crossNic 0, nChannels 1, bw 48.000000/24.000000, type LOC/PIX, sameChannels 1
c1:68612:68612 [0] NCCL INFO  0 : NET/0-0 GPU/0-d8000 NET/0-0
c6:56755:56755 [0] NCCL INFO TOPO/NET : Importing network plugins to topology
c5:57880:57880 [0] NCCL INFO TOPO/NET : Importing network plugins to topology
c7:56580:56580 [0] NCCL INFO TOPO/NET : Importing network plugins to topology
c6:56755:56755 [0] NCCL INFO NET/IB : GPU Direct RDMA Enabled for HCA 0 'mlx5_2'
c6:56755:56755 [0] NCCL INFO ncclTopoPopulateNics : Filled mlx5_2 in topo with pciPath=/sys/devices/pci0000:d4/0000:d4:02.0/0000:d5:00.0/0000:d6:00.0/0000:d7:00.0 keep=1 coll=(null)
c5:57880:57880 [0] NCCL INFO NET/IB : GPU Direct RDMA Enabled for HCA 0 'mlx5_0'
c5:57880:57880 [0] NCCL INFO ncclTopoPopulateNics : Filled mlx5_0 in topo with pciPath=/sys/devices/pci0000:ad/0000:ad:02.0/0000:ae:00.0/0000:af:00.0/0000:b0:00.0 keep=1 coll=(null)
c7:56580:56580 [0] NCCL INFO NET/IB : GPU Direct RDMA Enabled for HCA 0 'mlx5_4'
c7:56580:56580 [0] NCCL INFO ncclTopoPopulateNics : Filled mlx5_4 in topo with pciPath=/sys/devices/pci0001:ad/0001:ad:02.0/0001:ae:00.0/0001:af:00.0/0001:b0:00.0 keep=1 coll=(null)
c2:54954:54954 [0] NCCL INFO NCCL_NET_GDR_LEVEL set by environment to SYS
c2:54954:54954 [0] NCCL INFO GPU Direct RDMA Enabled for GPU/0-720896 (rank 1) - NET/0-0 (distance 4 <= 9, read 0, mode Default)
c2:54954:54954 [0] NCCL INFO GPU Direct RDMA Enabled for GPU/0-720896 (rank 1) - NET/0-0 (distance 4 <= 9, read 0, mode Default)
c2:54954:54954 [0] NCCL INFO === System : maxBw 25.0 totalBw 48.0 ===
c2:54954:54954 [0] NCCL INFO CPU/0-0 (1/1/3)
c2:54954:54954 [0] NCCL INFO + PCI[48.0] - PCI/0-ac000 (1000c0301000100b)
c2:54954:54954 [0] NCCL INFO               + PCI[48.0] - NIC/0-ae000
c2:54954:54954 [0] NCCL INFO                             + NET[25.0] - NET/0-0 (0/ae837e0003499ee8/1/25.000000)
c2:54954:54954 [0] NCCL INFO               + PCI[48.0] - GPU/0-b0000 (1)
c2:54954:54954 [0] NCCL INFO ==========================================
c2:54954:54954 [0] NCCL INFO GPU/0-b0000 :GPU/0-b0000 (0/5000.0/LOC) CPU/0-0 (2/48.0/PHB) NET/0-0 (3/25.0/PIX) 
c2:54954:54954 [0] NCCL INFO NET/0-0 :GPU/0-b0000 (3/25.0/PIX) CPU/0-0 (3/25.0/PHB) NET/0-0 (0/5000.0/LOC) 
c2:54954:54954 [0] NCCL INFO ncclTopoGetCpuAffinity: Affinity for GPU 0 is 16. (GPU affinity = 0-31,64-95 ; CPU affinity = 16).
c2:54954:54954 [0] NCCL INFO Pattern 4, crossNic 0, nChannels 1, bw 24.000000/24.000000, type LOC/PIX, sameChannels 1
c2:54954:54954 [0] NCCL INFO  0 : NET/0-0 GPU/0-b0000 NET/0-0
c2:54954:54954 [0] NCCL INFO Pattern 3, crossNic 0, nChannels 1, bw 48.000000/24.000000, type LOC/PIX, sameChannels 1
c2:54954:54954 [0] NCCL INFO  0 : NET/0-0 GPU/0-b0000 NET/0-0
c4:54561:54561 [0] NCCL INFO NCCL_NET_GDR_LEVEL set by environment to SYS
c4:54561:54561 [0] NCCL INFO GPU Direct RDMA Enabled for GPU/0-1769472 (rank 3) - NET/0-0 (distance 4 <= 9, read 0, mode Default)
c4:54561:54561 [0] NCCL INFO GPU Direct RDMA Enabled for GPU/0-1769472 (rank 3) - NET/0-0 (distance 4 <= 9, read 0, mode Default)
c4:54561:54561 [0] NCCL INFO === System : maxBw 25.0 totalBw 48.0 ===
c4:54561:54561 [0] NCCL INFO CPU/0-1 (1/1/3)
c4:54561:54561 [0] NCCL INFO + PCI[48.0] - PCI/0-1ac000 (1000c0301000100b)
c4:54561:54561 [0] NCCL INFO               + PCI[48.0] - NIC/0-1ae000
c4:54561:54561 [0] NCCL INFO                             + NET[25.0] - NET/0-0 (0/180d590003499ee8/1/25.000000)
c4:54561:54561 [0] NCCL INFO               + PCI[48.0] - GPU/0-1b0000 (3)
c4:54561:54561 [0] NCCL INFO ==========================================
c4:54561:54561 [0] NCCL INFO GPU/0-1b0000 :GPU/0-1b0000 (0/5000.0/LOC) CPU/0-1 (2/48.0/PHB) NET/0-0 (3/25.0/PIX) 
c4:54561:54561 [0] NCCL INFO NET/0-0 :GPU/0-1b0000 (3/25.0/PIX) CPU/0-1 (3/25.0/PHB) NET/0-0 (0/5000.0/LOC) 
c4:54561:54561 [0] NCCL INFO ncclTopoGetCpuAffinity: Affinity for GPU 0 is 48. (GPU affinity = 32-63,96-127 ; CPU affinity = 48).
c4:54561:54561 [0] NCCL INFO Pattern 4, crossNic 0, nChannels 1, bw 24.000000/24.000000, type LOC/PIX, sameChannels 1
c4:54561:54561 [0] NCCL INFO  0 : NET/0-0 GPU/0-1b0000 NET/0-0
c4:54561:54561 [0] NCCL INFO Pattern 3, crossNic 0, nChannels 1, bw 48.000000/24.000000, type LOC/PIX, sameChannels 1
c4:54561:54561 [0] NCCL INFO  0 : NET/0-0 GPU/0-1b0000 NET/0-0
c3:54849:54849 [0] NCCL INFO NCCL_NET_GDR_LEVEL set by environment to SYS
c3:54849:54849 [0] NCCL INFO GPU Direct RDMA Enabled for GPU/0-1933312 (rank 2) - NET/0-0 (distance 4 <= 9, read 0, mode Default)
c3:54849:54849 [0] NCCL INFO GPU Direct RDMA Enabled for GPU/0-1933312 (rank 2) - NET/0-0 (distance 4 <= 9, read 0, mode Default)
c3:54849:54849 [0] NCCL INFO === System : maxBw 25.0 totalBw 48.0 ===
c3:54849:54849 [0] NCCL INFO CPU/0-1 (1/1/3)
c3:54849:54849 [0] NCCL INFO + PCI[48.0] - PCI/0-1d4000 (1000c0301000100b)
c3:54849:54849 [0] NCCL INFO               + PCI[48.0] - NIC/0-1d6000
c3:54849:54849 [0] NCCL INFO                             + NET[25.0] - NET/0-0 (0/7819590003499ee8/1/25.000000)
c3:54849:54849 [0] NCCL INFO               + PCI[48.0] - GPU/0-1d8000 (2)
c3:54849:54849 [0] NCCL INFO ==========================================
c3:54849:54849 [0] NCCL INFO GPU/0-1d8000 :GPU/0-1d8000 (0/5000.0/LOC) CPU/0-1 (2/48.0/PHB) NET/0-0 (3/25.0/PIX) 
c3:54849:54849 [0] NCCL INFO NET/0-0 :GPU/0-1d8000 (3/25.0/PIX) CPU/0-1 (3/25.0/PHB) NET/0-0 (0/5000.0/LOC) 
c3:54849:54849 [0] NCCL INFO ncclTopoGetCpuAffinity: Affinity for GPU 0 is 32. (GPU affinity = 32-63,96-127 ; CPU affinity = 32).
c3:54849:54849 [0] NCCL INFO Pattern 4, crossNic 0, nChannels 1, bw 24.000000/24.000000, type LOC/PIX, sameChannels 1
c3:54849:54849 [0] NCCL INFO  0 : NET/0-0 GPU/0-1d8000 NET/0-0
c3:54849:54849 [0] NCCL INFO Pattern 3, crossNic 0, nChannels 1, bw 48.000000/24.000000, type LOC/PIX, sameChannels 1
c3:54849:54849 [0] NCCL INFO  0 : NET/0-0 GPU/0-1d8000 NET/0-0
c8:56349:56349 [0] NCCL INFO NCCL_NET_GDR_LEVEL set by environment to SYS
c8:56349:56349 [0] NCCL INFO GPU Direct RDMA Enabled for GPU/0-1937408 (rank 7) - NET/0-0 (distance 4 <= 9, read 0, mode Default)
c8:56349:56349 [0] NCCL INFO GPU Direct RDMA Enabled for GPU/0-1937408 (rank 7) - NET/0-0 (distance 4 <= 9, read 0, mode Default)
c8:56349:56349 [0] NCCL INFO === System : maxBw 25.0 totalBw 48.0 ===
c8:56349:56349 [0] NCCL INFO CPU/0-1 (1/1/3)
c8:56349:56349 [0] NCCL INFO + PCI[48.0] - PCI/0-1d5000 (1000c0301000100b)
c8:56349:56349 [0] NCCL INFO               + PCI[48.0] - NIC/0-1d7000
c8:56349:56349 [0] NCCL INFO                             + NET[25.0] - NET/0-0 (0/580d590003499ee8/1/25.000000)
c8:56349:56349 [0] NCCL INFO               + PCI[48.0] - GPU/0-1d9000 (7)
c8:56349:56349 [0] NCCL INFO ==========================================
c8:56349:56349 [0] NCCL INFO GPU/0-1d9000 :GPU/0-1d9000 (0/5000.0/LOC) CPU/0-1 (2/48.0/PHB) NET/0-0 (3/25.0/PIX) 
c8:56349:56349 [0] NCCL INFO NET/0-0 :GPU/0-1d9000 (3/25.0/PIX) CPU/0-1 (3/25.0/PHB) NET/0-0 (0/5000.0/LOC) 
c8:56349:56349 [0] NCCL INFO ncclTopoGetCpuAffinity: Affinity for GPU 0 is 96. (GPU affinity = 64-127,192-255 ; CPU affinity = 96).
c8:56349:56349 [0] NCCL INFO Pattern 4, crossNic 0, nChannels 1, bw 24.000000/24.000000, type LOC/PIX, sameChannels 1
c8:56349:56349 [0] NCCL INFO  0 : NET/0-0 GPU/0-1d9000 NET/0-0
c8:56349:56349 [0] NCCL INFO Pattern 3, crossNic 0, nChannels 1, bw 48.000000/24.000000, type LOC/PIX, sameChannels 1
c8:56349:56349 [0] NCCL INFO  0 : NET/0-0 GPU/0-1d9000 NET/0-0
c7:56580:56580 [0] NCCL INFO NCCL_NET_GDR_LEVEL set by environment to SYS
c7:56580:56580 [0] NCCL INFO GPU Direct RDMA Enabled for GPU/0-1777664 (rank 6) - NET/0-0 (distance 4 <= 9, read 0, mode Default)
c7:56580:56580 [0] NCCL INFO GPU Direct RDMA Enabled for GPU/0-1777664 (rank 6) - NET/0-0 (distance 4 <= 9, read 0, mode Default)
c7:56580:56580 [0] NCCL INFO === System : maxBw 25.0 totalBw 48.0 ===
c7:56580:56580 [0] NCCL INFO CPU/0-1 (1/1/3)
c7:56580:56580 [0] NCCL INFO + PCI[48.0] - PCI/0-1ae000 (1000c0301000100b)
c7:56580:56580 [0] NCCL INFO               + PCI[48.0] - NIC/0-1b0000
c7:56580:56580 [0] NCCL INFO                             + NET[25.0] - NET/0-0 (0/380d590003499ee8/1/25.000000)
c7:56580:56580 [0] NCCL INFO               + PCI[48.0] - GPU/0-1b2000 (6)
c7:56580:56580 [0] NCCL INFO ==========================================
c7:56580:56580 [0] NCCL INFO GPU/0-1b2000 :GPU/0-1b2000 (0/5000.0/LOC) CPU/0-1 (2/48.0/PHB) NET/0-0 (3/25.0/PIX) 
c7:56580:56580 [0] NCCL INFO NET/0-0 :GPU/0-1b2000 (3/25.0/PIX) CPU/0-1 (3/25.0/PHB) NET/0-0 (0/5000.0/LOC) 
c7:56580:56580 [0] NCCL INFO ncclTopoGetCpuAffinity: Affinity for GPU 0 is 64. (GPU affinity = 64-127,192-255 ; CPU affinity = 64).
c5:57880:57880 [0] NCCL INFO NCCL_NET_GDR_LEVEL set by environment to SYS
c5:57880:57880 [0] NCCL INFO GPU Direct RDMA Enabled for GPU/0-729088 (rank 4) - NET/0-0 (distance 4 <= 9, read 0, mode Default)
c5:57880:57880 [0] NCCL INFO GPU Direct RDMA Enabled for GPU/0-729088 (rank 4) - NET/0-0 (distance 4 <= 9, read 0, mode Default)
c5:57880:57880 [0] NCCL INFO === System : maxBw 25.0 totalBw 48.0 ===
c5:57880:57880 [0] NCCL INFO CPU/0-0 (1/1/3)
c5:57880:57880 [0] NCCL INFO + PCI[48.0] - PCI/0-ae000 (1000c0301000100b)
c5:57880:57880 [0] NCCL INFO               + PCI[48.0] - NIC/0-b0000
c5:57880:57880 [0] NCCL INFO                             + NET[25.0] - NET/0-0 (0/6e837e0003499ee8/1/25.000000)
c5:57880:57880 [0] NCCL INFO               + PCI[48.0] - GPU/0-b2000 (4)
c5:57880:57880 [0] NCCL INFO ==========================================
c5:57880:57880 [0] NCCL INFO GPU/0-b2000 :GPU/0-b2000 (0/5000.0/LOC) CPU/0-0 (2/48.0/PHB) NET/0-0 (3/25.0/PIX) 
c5:57880:57880 [0] NCCL INFO NET/0-0 :GPU/0-b2000 (3/25.0/PIX) CPU/0-0 (3/25.0/PHB) NET/0-0 (0/5000.0/LOC) 
c5:57880:57880 [0] NCCL INFO ncclTopoGetCpuAffinity: Affinity for GPU 0 is 1. (GPU affinity = 0-63,128-191 ; CPU affinity = 1).
c5:57880:57880 [0] NCCL INFO Pattern 4, crossNic 0, nChannels 1, bw 24.000000/24.000000, type LOC/PIX, sameChannels 1
c5:57880:57880 [0] NCCL INFO  0 : NET/0-0 GPU/0-b2000 NET/0-0
c5:57880:57880 [0] NCCL INFO Pattern 3, crossNic 0, nChannels 1, bw 48.000000/24.000000, type LOC/PIX, sameChannels 1
c5:57880:57880 [0] NCCL INFO  0 : NET/0-0 GPU/0-b2000 NET/0-0
c7:56580:56580 [0] NCCL INFO Pattern 4, crossNic 0, nChannels 1, bw 24.000000/24.000000, type LOC/PIX, sameChannels 1
c7:56580:56580 [0] NCCL INFO  0 : NET/0-0 GPU/0-1b2000 NET/0-0
c7:56580:56580 [0] NCCL INFO Pattern 3, crossNic 0, nChannels 1, bw 48.000000/24.000000, type LOC/PIX, sameChannels 1
c7:56580:56580 [0] NCCL INFO  0 : NET/0-0 GPU/0-1b2000 NET/0-0
c6:56755:56755 [0] NCCL INFO NCCL_NET_GDR_LEVEL set by environment to SYS
c6:56755:56755 [0] NCCL INFO GPU Direct RDMA Enabled for GPU/0-888832 (rank 5) - NET/0-0 (distance 4 <= 9, read 0, mode Default)
c6:56755:56755 [0] NCCL INFO GPU Direct RDMA Enabled for GPU/0-888832 (rank 5) - NET/0-0 (distance 4 <= 9, read 0, mode Default)
c6:56755:56755 [0] NCCL INFO === System : maxBw 25.0 totalBw 48.0 ===
c6:56755:56755 [0] NCCL INFO CPU/0-0 (1/1/3)
c6:56755:56755 [0] NCCL INFO + PCI[48.0] - PCI/0-d5000 (1000c0301000100b)
c6:56755:56755 [0] NCCL INFO               + PCI[48.0] - NIC/0-d7000
c6:56755:56755 [0] NCCL INFO                             + NET[25.0] - NET/0-0 (0/4e837e0003499ee8/1/25.000000)
c6:56755:56755 [0] NCCL INFO               + PCI[48.0] - GPU/0-d9000 (5)
c6:56755:56755 [0] NCCL INFO ==========================================
c6:56755:56755 [0] NCCL INFO GPU/0-d9000 :GPU/0-d9000 (0/5000.0/LOC) CPU/0-0 (2/48.0/PHB) NET/0-0 (3/25.0/PIX) 
c6:56755:56755 [0] NCCL INFO NET/0-0 :GPU/0-d9000 (3/25.0/PIX) CPU/0-0 (3/25.0/PHB) NET/0-0 (0/5000.0/LOC) 
c6:56755:56755 [0] NCCL INFO ncclTopoGetCpuAffinity: Affinity for GPU 0 is 32. (GPU affinity = 0-63,128-191 ; CPU affinity = 32).
c6:56755:56755 [0] NCCL INFO Pattern 4, crossNic 0, nChannels 1, bw 24.000000/24.000000, type LOC/PIX, sameChannels 1
c6:56755:56755 [0] NCCL INFO  0 : NET/0-0 GPU/0-d9000 NET/0-0
c6:56755:56755 [0] NCCL INFO Pattern 3, crossNic 0, nChannels 1, bw 48.000000/24.000000, type LOC/PIX, sameChannels 1
c6:56755:56755 [0] NCCL INFO  0 : NET/0-0 GPU/0-d9000 NET/0-0
c6:56755:56755 [0] NCCL INFO comm 0x5dc0b8bee210 rank 5 nRanks 8 nNodes 8 localRanks 1 localRank 0 MNNVL 0
c6:56755:56755 [0] NCCL INFO Tree 0 : 6 -> 5 -> -1/-1/-1
c6:56755:56755 [0] NCCL INFO Tree 1 : 3 -> 5 -> 6/4/-1
c6:56755:56755 [0] NCCL INFO Ring 00 : 4 -> 5 -> 6
c6:56755:56755 [0] NCCL INFO Ring 01 : 4 -> 5 -> 6
c6:56755:56755 [0] NCCL INFO Trees [0] -1/-1/-1->5->6 [1] 6/4/-1->5->3
c6:56755:56755 [0] NCCL INFO P2P Chunksize set to 131072
c1:68612:68612 [0] NCCL INFO comm 0x59e7e964f8e0 rank 0 nRanks 8 nNodes 8 localRanks 1 localRank 0 MNNVL 0
c1:68612:68612 [0] NCCL INFO Tree 0 : -1 -> 0 -> 4/-1/-1
c1:68612:68612 [0] NCCL INFO Tree 1 : 1 -> 0 -> -1/-1/-1
c1:68612:68612 [0] NCCL INFO Channel 00/02 : 0 1 2 3 4 5 6 7
c1:68612:68612 [0] NCCL INFO Channel 01/02 : 0 1 2 3 4 5 6 7
c1:68612:68612 [0] NCCL INFO Ring 00 : 7 -> 0 -> 1
c1:68612:68612 [0] NCCL INFO Ring 01 : 7 -> 0 -> 1
c1:68612:68612 [0] NCCL INFO Trees [0] 4/-1/-1->0->-1 [1] -1/-1/-1->0->1
c1:68612:68612 [0] NCCL INFO P2P Chunksize set to 131072
c1:68612:68612 [0] NCCL INFO PROFILER/Plugin: Could not find: libnccl-profiler.so
c1:68612:68612 [0] NCCL INFO Check P2P Type isAllDirectP2p 1 directMode 0 isAllCudaP2p 1
c1:68612:68612 [0] NCCL INFO ncclP2pSchedule: group size used is 1
c7:56580:56580 [0] NCCL INFO comm 0x563e231bade0 rank 6 nRanks 8 nNodes 8 localRanks 1 localRank 0 MNNVL 0
c7:56580:56580 [0] NCCL INFO Tree 0 : 4 -> 6 -> 5/7/-1
c7:56580:56580 [0] NCCL INFO Tree 1 : 5 -> 6 -> -1/-1/-1
c7:56580:56580 [0] NCCL INFO Ring 00 : 5 -> 6 -> 7
c7:56580:56580 [0] NCCL INFO Ring 01 : 5 -> 6 -> 7
c7:56580:56580 [0] NCCL INFO Trees [0] 5/7/-1->6->4 [1] -1/-1/-1->6->5
c7:56580:56580 [0] NCCL INFO P2P Chunksize set to 131072
c6:56755:56755 [0] NCCL INFO PROFILER/Plugin: Could not find: libnccl-profiler.so
c6:56755:56755 [0] NCCL INFO Check P2P Type isAllDirectP2p 1 directMode 0 isAllCudaP2p 1
c8:56349:56349 [0] NCCL INFO comm 0x61458ff00070 rank 7 nRanks 8 nNodes 8 localRanks 1 localRank 0 MNNVL 0
c8:56349:56349 [0] NCCL INFO Tree 0 : 6 -> 7 -> -1/-1/-1
c8:56349:56349 [0] NCCL INFO Tree 1 : -1 -> 7 -> 3/-1/-1
c8:56349:56349 [0] NCCL INFO Ring 00 : 6 -> 7 -> 0
c8:56349:56349 [0] NCCL INFO Ring 01 : 6 -> 7 -> 0
c8:56349:56349 [0] NCCL INFO Trees [0] -1/-1/-1->7->6 [1] 3/-1/-1->7->-1
c8:56349:56349 [0] NCCL INFO P2P Chunksize set to 131072
c8:56349:56349 [0] NCCL INFO PROFILER/Plugin: Could not find: libnccl-profiler.so
c8:56349:56349 [0] NCCL INFO Check P2P Type isAllDirectP2p 1 directMode 0 isAllCudaP2p 1
c2:54954:54954 [0] NCCL INFO comm 0x5fea1c960540 rank 1 nRanks 8 nNodes 8 localRanks 1 localRank 0 MNNVL 0
c2:54954:54954 [0] NCCL INFO Tree 0 : 2 -> 1 -> -1/-1/-1
c2:54954:54954 [0] NCCL INFO Tree 1 : 3 -> 1 -> 2/0/-1
c2:54954:54954 [0] NCCL INFO Ring 00 : 0 -> 1 -> 2
c2:54954:54954 [0] NCCL INFO Ring 01 : 0 -> 1 -> 2
c2:54954:54954 [0] NCCL INFO Trees [0] -1/-1/-1->1->2 [1] 2/0/-1->1->3
c2:54954:54954 [0] NCCL INFO P2P Chunksize set to 131072
c2:54954:54954 [0] NCCL INFO PROFILER/Plugin: Could not find: libnccl-profiler.so
c2:54954:54954 [0] NCCL INFO Check P2P Type isAllDirectP2p 1 directMode 0 isAllCudaP2p 1
c2:54954:54954 [0] NCCL INFO ncclP2pSchedule: group size used is 1
c6:56755:56755 [0] NCCL INFO ncclP2pSchedule: group size used is 1
c7:56580:56580 [0] NCCL INFO PROFILER/Plugin: Could not find: libnccl-profiler.so
c7:56580:56580 [0] NCCL INFO Check P2P Type isAllDirectP2p 1 directMode 0 isAllCudaP2p 1
c1:68612:68647 [0] NCCL INFO [Proxy Service] Device 0 CPU core 1
c1:68612:68648 [0] NCCL INFO [Proxy Service UDS] Device 0 CPU core 1
c3:54849:54849 [0] NCCL INFO comm 0x5b29af49af40 rank 2 nRanks 8 nNodes 8 localRanks 1 localRank 0 MNNVL 0
c3:54849:54849 [0] NCCL INFO Tree 0 : 4 -> 2 -> 1/3/-1
c3:54849:54849 [0] NCCL INFO Tree 1 : 1 -> 2 -> -1/-1/-1
c3:54849:54849 [0] NCCL INFO Ring 00 : 1 -> 2 -> 3
c3:54849:54849 [0] NCCL INFO Ring 01 : 1 -> 2 -> 3
c3:54849:54849 [0] NCCL INFO Trees [0] 1/3/-1->2->4 [1] -1/-1/-1->2->1
c3:54849:54849 [0] NCCL INFO P2P Chunksize set to 131072
c3:54849:54849 [0] NCCL INFO PROFILER/Plugin: Could not find: libnccl-profiler.so
c3:54849:54849 [0] NCCL INFO Check P2P Type isAllDirectP2p 1 directMode 0 isAllCudaP2p 1
c3:54849:54849 [0] NCCL INFO ncclP2pSchedule: group size used is 1
c4:54561:54561 [0] NCCL INFO comm 0x652aca6011d0 rank 3 nRanks 8 nNodes 8 localRanks 1 localRank 0 MNNVL 0
c4:54561:54561 [0] NCCL INFO Tree 0 : 2 -> 3 -> -1/-1/-1
c4:54561:54561 [0] NCCL INFO Tree 1 : 7 -> 3 -> 5/1/-1
c4:54561:54561 [0] NCCL INFO Ring 00 : 2 -> 3 -> 4
c4:54561:54561 [0] NCCL INFO Ring 01 : 2 -> 3 -> 4
c4:54561:54561 [0] NCCL INFO Trees [0] -1/-1/-1->3->2 [1] 5/1/-1->3->7
c4:54561:54561 [0] NCCL INFO P2P Chunksize set to 131072
c4:54561:54561 [0] NCCL INFO PROFILER/Plugin: Could not find: libnccl-profiler.so
c4:54561:54561 [0] NCCL INFO Check P2P Type isAllDirectP2p 1 directMode 0 isAllCudaP2p 1
c4:54561:54561 [0] NCCL INFO ncclP2pSchedule: group size used is 1
c2:54954:54969 [0] NCCL INFO [Proxy Service] Device 0 CPU core 16
c2:54954:54970 [0] NCCL INFO [Proxy Service UDS] Device 0 CPU core 16
c3:54849:54864 [0] NCCL INFO [Proxy Service] Device 0 CPU core 32
c3:54849:54865 [0] NCCL INFO [Proxy Service UDS] Device 0 CPU core 32
c4:54561:54576 [0] NCCL INFO [Proxy Service] Device 0 CPU core 48
c4:54561:54577 [0] NCCL INFO [Proxy Service UDS] Device 0 CPU core 48
c8:56349:56349 [0] NCCL INFO ncclP2pSchedule: group size used is 1
c5:57880:57880 [0] NCCL INFO comm 0x5fc1b91f4250 rank 4 nRanks 8 nNodes 8 localRanks 1 localRank 0 MNNVL 0
c5:57880:57880 [0] NCCL INFO Tree 0 : 0 -> 4 -> 2/6/-1
c5:57880:57880 [0] NCCL INFO Tree 1 : 5 -> 4 -> -1/-1/-1
c5:57880:57880 [0] NCCL INFO Ring 00 : 3 -> 4 -> 5
c5:57880:57880 [0] NCCL INFO Ring 01 : 3 -> 4 -> 5
c5:57880:57880 [0] NCCL INFO Trees [0] 2/6/-1->4->0 [1] -1/-1/-1->4->5
c5:57880:57880 [0] NCCL INFO P2P Chunksize set to 131072
c8:56349:56364 [0] NCCL INFO [Proxy Service] Device 0 CPU core 96
c8:56349:56365 [0] NCCL INFO [Proxy Service UDS] Device 0 CPU core 96
c7:56580:56580 [0] NCCL INFO ncclP2pSchedule: group size used is 1
c5:57880:57880 [0] NCCL INFO PROFILER/Plugin: Could not find: libnccl-profiler.so
c5:57880:57880 [0] NCCL INFO Check P2P Type isAllDirectP2p 1 directMode 0 isAllCudaP2p 1
c6:56755:56770 [0] NCCL INFO [Proxy Service] Device 0 CPU core 32
c5:57880:57880 [0] NCCL INFO ncclP2pSchedule: group size used is 1
c6:56755:56771 [0] NCCL INFO [Proxy Service UDS] Device 0 CPU core 32
c7:56580:56595 [0] NCCL INFO [Proxy Service] Device 0 CPU core 64
c7:56580:56596 [0] NCCL INFO [Proxy Service UDS] Device 0 CPU core 64
c5:57880:57895 [0] NCCL INFO [Proxy Service] Device 0 CPU core 1
c5:57880:57896 [0] NCCL INFO [Proxy Service UDS] Device 0 CPU core 1
c1:68612:68612 [0] NCCL INFO TUNER/Plugin: Could not find: libnccl-tuner.so
c1:68612:68612 [0] NCCL INFO threadThresholds 8/8/64 | 64/8/64 | 512 | 512
c1:68612:68612 [0] NCCL INFO 2 coll channels, 2 collnet channels, 0 nvls channels, 2 p2p channels, 2 p2p channels per peer
c1:68612:68612 [0] NCCL INFO Symmetric memory is not supported. cuMemEnable 1, ginSupport 0, globalNicFused 0
c4:54561:54561 [0] NCCL INFO TUNER/Plugin: Could not find: libnccl-tuner.so
c4:54561:54561 [0] NCCL INFO threadThresholds 8/8/64 | 64/8/64 | 512 | 512
c4:54561:54561 [0] NCCL INFO 2 coll channels, 2 collnet channels, 0 nvls channels, 2 p2p channels, 2 p2p channels per peer
c4:54561:54561 [0] NCCL INFO Symmetric memory is not supported. cuMemEnable 1, ginSupport 0, globalNicFused 0
c2:54954:54954 [0] NCCL INFO TUNER/Plugin: Could not find: libnccl-tuner.so
c2:54954:54954 [0] NCCL INFO threadThresholds 8/8/64 | 64/8/64 | 512 | 512
c2:54954:54954 [0] NCCL INFO 2 coll channels, 2 collnet channels, 0 nvls channels, 2 p2p channels, 2 p2p channels per peer
c2:54954:54954 [0] NCCL INFO Symmetric memory is not supported. cuMemEnable 1, ginSupport 0, globalNicFused 0
c3:54849:54849 [0] NCCL INFO TUNER/Plugin: Could not find: libnccl-tuner.so
c3:54849:54849 [0] NCCL INFO threadThresholds 8/8/64 | 64/8/64 | 512 | 512
c3:54849:54849 [0] NCCL INFO 2 coll channels, 2 collnet channels, 0 nvls channels, 2 p2p channels, 2 p2p channels per peer
c3:54849:54849 [0] NCCL INFO Symmetric memory is not supported. cuMemEnable 1, ginSupport 0, globalNicFused 0
c6:56755:56755 [0] NCCL INFO TUNER/Plugin: Could not find: libnccl-tuner.so
c6:56755:56755 [0] NCCL INFO threadThresholds 8/8/64 | 64/8/64 | 512 | 512
c6:56755:56755 [0] NCCL INFO 2 coll channels, 2 collnet channels, 0 nvls channels, 2 p2p channels, 2 p2p channels per peer
c6:56755:56755 [0] NCCL INFO Symmetric memory is not supported. cuMemEnable 1, ginSupport 0, globalNicFused 0
c8:56349:56349 [0] NCCL INFO TUNER/Plugin: Could not find: libnccl-tuner.so
c8:56349:56349 [0] NCCL INFO threadThresholds 8/8/64 | 64/8/64 | 512 | 512
c8:56349:56349 [0] NCCL INFO 2 coll channels, 2 collnet channels, 0 nvls channels, 2 p2p channels, 2 p2p channels per peer
c8:56349:56349 [0] NCCL INFO Symmetric memory is not supported. cuMemEnable 1, ginSupport 0, globalNicFused 0
c7:56580:56580 [0] NCCL INFO TUNER/Plugin: Could not find: libnccl-tuner.so
c7:56580:56580 [0] NCCL INFO threadThresholds 8/8/64 | 64/8/64 | 512 | 512
c7:56580:56580 [0] NCCL INFO 2 coll channels, 2 collnet channels, 0 nvls channels, 2 p2p channels, 2 p2p channels per peer
c7:56580:56580 [0] NCCL INFO Symmetric memory is not supported. cuMemEnable 1, ginSupport 0, globalNicFused 0
c1:68612:68612 [0] NCCL INFO CC Off, workFifoBytes 1048576
c1:68612:68612 [0] NCCL INFO ncclCommInitRankConfig comm 0x59e7e964f8e0 rank 0 nranks 8 cudaDev 0 nvmlDev 0 busId d8000 commId 0x16d827f613426d80 - Init COMPLETE
c1:68612:68612 [0] NCCL INFO Init timings - ncclCommInitRankConfig: rank 0 nranks 8 total 0.43 (kernels 0.25, alloc 0.03, bootstrap 0.14, allgathers 0.01, topo 0.00, graphs 0.00, connections 0.01, rest 0.00)
c3:54849:54849 [0] NCCL INFO ncclCommInitRankConfig comm 0x5b29af49af40 rank 2 nranks 8 cudaDev 0 nvmlDev 0 busId 1d8000 commId 0x16d827f613426d80 - Init COMPLETE
c3:54849:54849 [0] NCCL INFO Init timings - ncclCommInitRankConfig: rank 2 nranks 8 total 0.43 (kernels 0.26, alloc 0.02, bootstrap 0.13, allgathers 0.01, topo 0.01, graphs 0.00, connections 0.00, rest 0.00)
c4:54561:54561 [0] NCCL INFO ncclCommInitRankConfig comm 0x652aca6011d0 rank 3 nranks 8 cudaDev 0 nvmlDev 0 busId 1b0000 commId 0x16d827f613426d80 - Init COMPLETE
c4:54561:54561 [0] NCCL INFO Init timings - ncclCommInitRankConfig: rank 3 nranks 8 total 0.43 (kernels 0.25, alloc 0.02, bootstrap 0.13, allgathers 0.01, topo 0.01, graphs 0.00, connections 0.00, rest 0.00)
c2:54954:54954 [0] NCCL INFO ncclCommInitRankConfig comm 0x5fea1c960540 rank 1 nranks 8 cudaDev 0 nvmlDev 0 busId b0000 commId 0x16d827f613426d80 - Init COMPLETE
c2:54954:54954 [0] NCCL INFO Init timings - ncclCommInitRankConfig: rank 1 nranks 8 total 0.43 (kernels 0.25, alloc 0.03, bootstrap 0.14, allgathers 0.01, topo 0.00, graphs 0.00, connections 0.01, rest 0.00)
c5:57880:57880 [0] NCCL INFO TUNER/Plugin: Could not find: libnccl-tuner.so
c5:57880:57880 [0] NCCL INFO threadThresholds 8/8/64 | 64/8/64 | 512 | 512
c5:57880:57880 [0] NCCL INFO 2 coll channels, 2 collnet channels, 0 nvls channels, 2 p2p channels, 2 p2p channels per peer
c5:57880:57880 [0] NCCL INFO Symmetric memory is not supported. cuMemEnable 1, ginSupport 0, globalNicFused 0
c7:56580:56580 [0] NCCL INFO ncclCommInitRankConfig comm 0x563e231bade0 rank 6 nranks 8 cudaDev 0 nvmlDev 0 busId 1b2000 commId 0x16d827f613426d80 - Init COMPLETE
c7:56580:56580 [0] NCCL INFO Init timings - ncclCommInitRankConfig: rank 6 nranks 8 total 0.42 (kernels 0.35, alloc 0.03, bootstrap 0.02, allgathers 0.00, topo 0.01, graphs 0.00, connections 0.01, rest 0.00)
c8:56349:56349 [0] NCCL INFO ncclCommInitRankConfig comm 0x61458ff00070 rank 7 nranks 8 cudaDev 0 nvmlDev 0 busId 1d9000 commId 0x16d827f613426d80 - Init COMPLETE
c8:56349:56349 [0] NCCL INFO Init timings - ncclCommInitRankConfig: rank 7 nranks 8 total 0.42 (kernels 0.34, alloc 0.04, bootstrap 0.03, allgathers 0.01, topo 0.01, graphs 0.00, connections 0.01, rest 0.00)
c6:56755:56755 [0] NCCL INFO ncclCommInitRankConfig comm 0x5dc0b8bee210 rank 5 nranks 8 cudaDev 0 nvmlDev 0 busId d9000 commId 0x16d827f613426d80 - Init COMPLETE
c6:56755:56755 [0] NCCL INFO Init timings - ncclCommInitRankConfig: rank 5 nranks 8 total 0.42 (kernels 0.34, alloc 0.04, bootstrap 0.03, allgathers 0.00, topo 0.01, graphs 0.00, connections 0.01, rest 0.00)
c5:57880:57880 [0] NCCL INFO ncclCommInitRankConfig comm 0x5fc1b91f4250 rank 4 nranks 8 cudaDev 0 nvmlDev 0 busId b2000 commId 0x16d827f613426d80 - Init COMPLETE
c5:57880:57880 [0] NCCL INFO Init timings - ncclCommInitRankConfig: rank 4 nranks 8 total 0.42 (kernels 0.36, alloc 0.04, bootstrap 0.00, allgathers 0.00, topo 0.01, graphs 0.00, connections 0.01, rest 0.00)
#
#                                                              out-of-place                       in-place          
#       size         count      type   redop    root     time   algbw   busbw  #wrong     time   algbw   busbw  #wrong 
#        (B)    (elements)                               (us)  (GB/s)  (GB/s)             (us)  (GB/s)  (GB/s)         
c1:68612:68612 [0] NCCL INFO GPU Direct RDMA Enabled for GPU/0-884736 (rank 0) - NET/0-0 (distance 4 <= 9, read 1, mode Default)
c6:56755:56755 [0] NCCL INFO GPU Direct RDMA Enabled for GPU/0-888832 (rank 5) - NET/0-0 (distance 4 <= 9, read 0, mode Default)
c5:57880:57880 [0] NCCL INFO GPU Direct RDMA Enabled for GPU/0-729088 (rank 4) - NET/0-0 (distance 4 <= 9, read 1, mode Default)
c3:54849:54849 [0] NCCL INFO GPU Direct RDMA Enabled for GPU/0-1933312 (rank 2) - NET/0-0 (distance 4 <= 9, read 0, mode Default)
c4:54561:54561 [0] NCCL INFO GPU Direct RDMA Enabled for GPU/0-1769472 (rank 3) - NET/0-0 (distance 4 <= 9, read 0, mode Default)
c2:54954:54954 [0] NCCL INFO GPU Direct RDMA Enabled for GPU/0-720896 (rank 1) - NET/0-0 (distance 4 <= 9, read 0, mode Default)
c8:56349:56349 [0] NCCL INFO GPU Direct RDMA Enabled for GPU/0-1937408 (rank 7) - NET/0-0 (distance 4 <= 9, read 0, mode Default)
c7:56580:56580 [0] NCCL INFO GPU Direct RDMA Enabled for GPU/0-1777664 (rank 6) - NET/0-0 (distance 4 <= 9, read 0, mode Default)
c4:54561:54576 [0] NCCL INFO New proxy recv connection 0 from local rank 0, transport 2
c4:54561:54561 [0] NCCL INFO Connected to proxy localRank 0 -> connection 0x760bd0000d20
c4:54561:54578 [0] NCCL INFO [Proxy Progress] Device 0 CPU core 48
c4:54561:54561 [0] NCCL INFO Channel 00/0 : 2[0] -> 3[0] [receive] via NET/IB/0/GDRDMA
c2:54954:54969 [0] NCCL INFO New proxy recv connection 0 from local rank 0, transport 2
c2:54954:54954 [0] NCCL INFO Connected to proxy localRank 0 -> connection 0x746268000d20
c3:54849:54864 [0] NCCL INFO New proxy recv connection 0 from local rank 0, transport 2
c3:54849:54866 [0] NCCL INFO [Proxy Progress] Device 0 CPU core 32
c3:54849:54849 [0] NCCL INFO Connected to proxy localRank 0 -> connection 0x7d58dc000d20
c7:56580:56595 [0] NCCL INFO New proxy recv connection 0 from local rank 0, transport 2
c7:56580:56580 [0] NCCL INFO Connected to proxy localRank 0 -> connection 0x758d28000d20
c2:54954:54971 [0] NCCL INFO [Proxy Progress] Device 0 CPU core 16
c2:54954:54954 [0] NCCL INFO Channel 01/0 : 0[0] -> 1[0] [receive] via NET/IB/0/GDRDMA
c2:54954:54954 [0] NCCL INFO GPU Direct RDMA Enabled for GPU/0-720896 (rank 1) - NET/0-0 (distance 4 <= 9, read 1, mode Default)
c7:56580:56597 [0] NCCL INFO [Proxy Progress] Device 0 CPU core 64
c7:56580:56580 [0] NCCL INFO Channel 00/0 : 5[0] -> 6[0] [receive] via NET/IB/0/GDRDMA
c7:56580:56580 [0] NCCL INFO GPU Direct RDMA Enabled for GPU/0-1777664 (rank 6) - NET/0-0 (distance 4 <= 9, read 0, mode Default)
c1:68612:68647 [0] NCCL INFO New proxy send connection 0 from local rank 0, transport 2
c1:68612:68649 [0] NCCL INFO [Proxy Progress] Device 0 CPU core 1
c1:68612:68612 [0] NCCL INFO Connected to proxy localRank 0 -> connection 0x76df90000d20
c6:56755:56770 [0] NCCL INFO New proxy recv connection 0 from local rank 0, transport 2
c6:56755:56755 [0] NCCL INFO Connected to proxy localRank 0 -> connection 0x723104000d20
c3:54849:54849 [0] NCCL INFO Channel 00/0 : 1[0] -> 2[0] [receive] via NET/IB/0/GDRDMA
c3:54849:54849 [0] NCCL INFO GPU Direct RDMA Enabled for GPU/0-1933312 (rank 2) - NET/0-0 (distance 4 <= 9, read 0, mode Default)
c8:56349:56364 [0] NCCL INFO New proxy recv connection 0 from local rank 0, transport 2
c8:56349:56349 [0] NCCL INFO Connected to proxy localRank 0 -> connection 0x76ee04000d20
c5:57880:57895 [0] NCCL INFO New proxy send connection 0 from local rank 0, transport 2
c5:57880:57880 [0] NCCL INFO Connected to proxy localRank 0 -> connection 0x7049e0000d20
c6:56755:56772 [0] NCCL INFO [Proxy Progress] Device 0 CPU core 32
c6:56755:56755 [0] NCCL INFO Channel 01/0 : 4[0] -> 5[0] [receive] via NET/IB/0/GDRDMA
c6:56755:56755 [0] NCCL INFO GPU Direct RDMA Enabled for GPU/0-888832 (rank 5) - NET/0-0 (distance 4 <= 9, read 1, mode Default)
c2:54954:54969 [0] NCCL INFO New proxy send connection 1 from local rank 0, transport 2
c2:54954:54954 [0] NCCL INFO Connected to proxy localRank 0 -> connection 0x746268000d98
c7:56580:56595 [0] NCCL INFO New proxy recv connection 1 from local rank 0, transport 2
c7:56580:56580 [0] NCCL INFO Connected to proxy localRank 0 -> connection 0x758d28000d98
c8:56349:56366 [0] NCCL INFO [Proxy Progress] Device 0 CPU core 96
c8:56349:56349 [0] NCCL INFO Channel 00/0 : 6[0] -> 7[0] [receive] via NET/IB/0/GDRDMA
c3:54849:54864 [0] NCCL INFO New proxy recv connection 1 from local rank 0, transport 2
c3:54849:54849 [0] NCCL INFO Connected to proxy localRank 0 -> connection 0x7d58dc000d98
c5:57880:57897 [0] NCCL INFO [Proxy Progress] Device 0 CPU core 1
c5:57880:57880 [0] NCCL INFO Channel 01/0 : 4[0] -> 5[0] [send] via NET/IB/0/GDRDMA
c1:68612:68612 [0] NCCL INFO Channel 01/0 : 0[0] -> 1[0] [send] via NET/IB/0/GDRDMA
c2:54954:54954 [0] NCCL INFO Channel 00/0 : 1[0] -> 2[0] [send] via NET/IB/0/GDRDMA
c2:54954:54954 [0] NCCL INFO GPU Direct RDMA Enabled for GPU/0-720896 (rank 1) - NET/0-0 (distance 4 <= 9, read 1, mode Default)
c6:56755:56770 [0] NCCL INFO New proxy send connection 1 from local rank 0, transport 2
c6:56755:56755 [0] NCCL INFO Connected to proxy localRank 0 -> connection 0x723104000d98
c7:56580:56580 [0] NCCL INFO Channel 01/0 : 5[0] -> 6[0] [receive] via NET/IB/0/GDRDMA
c7:56580:56580 [0] NCCL INFO GPU Direct RDMA Enabled for GPU/0-1777664 (rank 6) - NET/0-0 (distance 4 <= 9, read 1, mode Default)
c3:54849:54849 [0] NCCL INFO Channel 01/0 : 1[0] -> 2[0] [receive] via NET/IB/0/GDRDMA
c3:54849:54849 [0] NCCL INFO GPU Direct RDMA Enabled for GPU/0-1933312 (rank 2) - NET/0-0 (distance 4 <= 9, read 1, mode Default)
c2:54954:54969 [0] NCCL INFO New proxy send connection 2 from local rank 0, transport 2
c2:54954:54954 [0] NCCL INFO Connected to proxy localRank 0 -> connection 0x746268000e10
c6:56755:56755 [0] NCCL INFO Channel 00/0 : 5[0] -> 6[0] [send] via NET/IB/0/GDRDMA
c6:56755:56755 [0] NCCL INFO GPU Direct RDMA Enabled for GPU/0-888832 (rank 5) - NET/0-0 (distance 4 <= 9, read 1, mode Default)
c7:56580:56595 [0] NCCL INFO New proxy send connection 2 from local rank 0, transport 2
c7:56580:56580 [0] NCCL INFO Connected to proxy localRank 0 -> connection 0x758d28000e10
c3:54849:54864 [0] NCCL INFO New proxy send connection 2 from local rank 0, transport 2
c3:54849:54849 [0] NCCL INFO Connected to proxy localRank 0 -> connection 0x7d58dc000e10
c2:54954:54954 [0] NCCL INFO Channel 01/0 : 1[0] -> 2[0] [send] via NET/IB/0/GDRDMA
c1:68612:68612 [0] NCCL INFO GPU Direct RDMA Enabled for GPU/0-884736 (rank 0) - NET/0-0 (distance 4 <= 9, read 0, mode Default)
c7:56580:56580 [0] NCCL INFO Channel 00/0 : 6[0] -> 7[0] [send] via NET/IB/0/GDRDMA
c6:56755:56770 [0] NCCL INFO New proxy send connection 2 from local rank 0, transport 2
c6:56755:56755 [0] NCCL INFO Connected to proxy localRank 0 -> connection 0x723104000e10
c8:56349:56349 [0] NCCL INFO GPU Direct RDMA Enabled for GPU/0-1937408 (rank 7) - NET/0-0 (distance 4 <= 9, read 0, mode Default)
c3:54849:54849 [0] NCCL INFO Channel 00/0 : 2[0] -> 3[0] [send] via NET/IB/0/GDRDMA
c2:54954:54954 [0] NCCL INFO GPU Direct RDMA Enabled for GPU/0-720896 (rank 1) - NET/0-0 (distance 4 <= 9, read 1, mode Default)
c3:54849:54849 [0] NCCL INFO GPU Direct RDMA Enabled for GPU/0-1933312 (rank 2) - NET/0-0 (distance 4 <= 9, read 1, mode Default)
c4:54561:54561 [0] NCCL INFO GPU Direct RDMA Enabled for GPU/0-1769472 (rank 3) - NET/0-0 (distance 4 <= 9, read 0, mode Default)
c1:68612:68647 [0] NCCL INFO New proxy recv connection 1 from local rank 0, transport 2
c1:68612:68612 [0] NCCL INFO Connected to proxy localRank 0 -> connection 0x76df90000d98
c6:56755:56755 [0] NCCL INFO Channel 01/0 : 5[0] -> 6[0] [send] via NET/IB/0/GDRDMA
c5:57880:57880 [0] NCCL INFO GPU Direct RDMA Enabled for GPU/0-729088 (rank 4) - NET/0-0 (distance 4 <= 9, read 0, mode Default)
c6:56755:56755 [0] NCCL INFO GPU Direct RDMA Enabled for GPU/0-888832 (rank 5) - NET/0-0 (distance 4 <= 9, read 0, mode Default)
c7:56580:56580 [0] NCCL INFO GPU Direct RDMA Enabled for GPU/0-1777664 (rank 6) - NET/0-0 (distance 4 <= 9, read 0, mode Default)
c8:56349:56364 [0] NCCL INFO New proxy recv connection 1 from local rank 0, transport 2
c8:56349:56349 [0] NCCL INFO Connected to proxy localRank 0 -> connection 0x76ee04000d98
c3:54849:54864 [0] NCCL INFO New proxy send connection 3 from local rank 0, transport 2
c3:54849:54849 [0] NCCL INFO Connected to proxy localRank 0 -> connection 0x7d58dc000e88
c4:54561:54576 [0] NCCL INFO New proxy recv connection 1 from local rank 0, transport 2
c4:54561:54561 [0] NCCL INFO Connected to proxy localRank 0 -> connection 0x760bd0000d98
c2:54954:54969 [0] NCCL INFO New proxy send connection 3 from local rank 0, transport 2
c2:54954:54954 [0] NCCL INFO Connected to proxy localRank 0 -> connection 0x746268000e88
c5:57880:57895 [0] NCCL INFO New proxy recv connection 1 from local rank 0, transport 2
c5:57880:57880 [0] NCCL INFO Connected to proxy localRank 0 -> connection 0x7049e0000d98
c7:56580:56595 [0] NCCL INFO New proxy recv connection 3 from local rank 0, transport 2
c7:56580:56580 [0] NCCL INFO Connected to proxy localRank 0 -> connection 0x758d28000e88
c6:56755:56770 [0] NCCL INFO New proxy recv connection 3 from local rank 0, transport 2
c6:56755:56755 [0] NCCL INFO Connected to proxy localRank 0 -> connection 0x723104000e88
c1:68612:68612 [0] NCCL INFO Channel 00/0 : 4[0] -> 0[0] [receive] via NET/IB/0/GDRDMA
c1:68612:68612 [0] NCCL INFO GPU Direct RDMA Enabled for GPU/0-884736 (rank 0) - NET/0-0 (distance 4 <= 9, read 1, mode Default)
c8:56349:56349 [0] NCCL INFO Channel 01/0 : 3[0] -> 7[0] [receive] via NET/IB/0/GDRDMA
c8:56349:56349 [0] NCCL INFO GPU Direct RDMA Enabled for GPU/0-1937408 (rank 7) - NET/0-0 (distance 4 <= 9, read 1, mode Default)
c3:54849:54849 [0] NCCL INFO Channel 00/0 : 2[0] -> 4[0] [send] via NET/IB/0/GDRDMA
c2:54954:54954 [0] NCCL INFO Channel 01/0 : 1[0] -> 3[0] [send] via NET/IB/0/GDRDMA
c4:54561:54561 [0] NCCL INFO Channel 01/0 : 1[0] -> 3[0] [receive] via NET/IB/0/GDRDMA
c4:54561:54561 [0] NCCL INFO GPU Direct RDMA Enabled for GPU/0-1769472 (rank 3) - NET/0-0 (distance 4 <= 9, read 1, mode Default)
c5:57880:57880 [0] NCCL INFO Channel 00/0 : 2[0] -> 4[0] [receive] via NET/IB/0/GDRDMA
c5:57880:57880 [0] NCCL INFO GPU Direct RDMA Enabled for GPU/0-729088 (rank 4) - NET/0-0 (distance 4 <= 9, read 1, mode Default)
c1:68612:68647 [0] NCCL INFO New proxy send connection 2 from local rank 0, transport 2
c1:68612:68612 [0] NCCL INFO Connected to proxy localRank 0 -> connection 0x76df90000e10
c6:56755:56755 [0] NCCL INFO Channel 01/0 : 3[0] -> 5[0] [receive] via NET/IB/0/GDRDMA
c7:56580:56580 [0] NCCL INFO Channel 00/0 : 4[0] -> 6[0] [receive] via NET/IB/0/GDRDMA
c8:56349:56364 [0] NCCL INFO New proxy send connection 2 from local rank 0, transport 2
c8:56349:56349 [0] NCCL INFO Connected to proxy localRank 0 -> connection 0x76ee04000e10
c4:54561:54576 [0] NCCL INFO New proxy send connection 2 from local rank 0, transport 2
c4:54561:54561 [0] NCCL INFO Connected to proxy localRank 0 -> connection 0x760bd0000e10
c5:57880:57895 [0] NCCL INFO New proxy send connection 2 from local rank 0, transport 2
c5:57880:57880 [0] NCCL INFO Connected to proxy localRank 0 -> connection 0x7049e0000e10
c1:68612:68612 [0] NCCL INFO Channel 00/0 : 0[0] -> 4[0] [send] via NET/IB/0/GDRDMA
c8:56349:56349 [0] NCCL INFO Channel 01/0 : 7[0] -> 3[0] [send] via NET/IB/0/GDRDMA
c4:54561:54561 [0] NCCL INFO Channel 01/0 : 3[0] -> 5[0] [send] via NET/IB/0/GDRDMA
c2:54954:54954 [0] NCCL INFO GPU Direct RDMA Enabled for GPU/0-720896 (rank 1) - NET/0-0 (distance 4 <= 9, read 0, mode Default)
c4:54561:54561 [0] NCCL INFO GPU Direct RDMA Enabled for GPU/0-1769472 (rank 3) - NET/0-0 (distance 4 <= 9, read 0, mode Default)
c6:56755:56755 [0] NCCL INFO GPU Direct RDMA Enabled for GPU/0-888832 (rank 5) - NET/0-0 (distance 4 <= 9, read 1, mode Default)
c5:57880:57880 [0] NCCL INFO Channel 00/0 : 4[0] -> 6[0] [send] via NET/IB/0/GDRDMA
c3:54849:54849 [0] NCCL INFO GPU Direct RDMA Enabled for GPU/0-1933312 (rank 2) - NET/0-0 (distance 4 <= 9, read 0, mode Default)
c5:57880:57880 [0] NCCL INFO GPU Direct RDMA Enabled for GPU/0-729088 (rank 4) - NET/0-0 (distance 4 <= 9, read 0, mode Default)
c7:56580:56580 [0] NCCL INFO GPU Direct RDMA Enabled for GPU/0-1777664 (rank 6) - NET/0-0 (distance 4 <= 9, read 1, mode Default)
c4:54561:54576 [0] NCCL INFO New proxy recv connection 3 from local rank 0, transport 2
c4:54561:54561 [0] NCCL INFO Connected to proxy localRank 0 -> connection 0x760bd0000e88
c2:54954:54969 [0] NCCL INFO New proxy recv connection 4 from local rank 0, transport 2
c2:54954:54954 [0] NCCL INFO Connected to proxy localRank 0 -> connection 0x746268000f00
c6:56755:56770 [0] NCCL INFO New proxy send connection 4 from local rank 0, transport 2
c6:56755:56755 [0] NCCL INFO Connected to proxy localRank 0 -> connection 0x723104000f00
c3:54849:54864 [0] NCCL INFO New proxy recv connection 4 from local rank 0, transport 2
c3:54849:54849 [0] NCCL INFO Connected to proxy localRank 0 -> connection 0x7d58dc000f00
c5:57880:57895 [0] NCCL INFO New proxy recv connection 3 from local rank 0, transport 2
c5:57880:57880 [0] NCCL INFO Connected to proxy localRank 0 -> connection 0x7049e0000e88
c2:54954:54954 [0] NCCL INFO Channel 01/0 : 3[0] -> 1[0] [receive] via NET/IB/0/GDRDMA
c4:54561:54561 [0] NCCL INFO Channel 01/0 : 7[0] -> 3[0] [receive] via NET/IB/0/GDRDMA
c4:54561:54561 [0] NCCL INFO GPU Direct RDMA Enabled for GPU/0-1769472 (rank 3) - NET/0-0 (distance 4 <= 9, read 1, mode Default)
c6:56755:56755 [0] NCCL INFO Channel 01/0 : 5[0] -> 3[0] [send] via NET/IB/0/GDRDMA
c7:56580:56595 [0] NCCL INFO New proxy send connection 4 from local rank 0, transport 2
c7:56580:56580 [0] NCCL INFO Connected to proxy localRank 0 -> connection 0x758d28000f00
c3:54849:54849 [0] NCCL INFO Channel 00/0 : 4[0] -> 2[0] [receive] via NET/IB/0/GDRDMA
c5:57880:57880 [0] NCCL INFO Channel 00/0 : 0[0] -> 4[0] [receive] via NET/IB/0/GDRDMA
c5:57880:57880 [0] NCCL INFO GPU Direct RDMA Enabled for GPU/0-729088 (rank 4) - NET/0-0 (distance 4 <= 9, read 1, mode Default)
c4:54561:54576 [0] NCCL INFO New proxy send connection 4 from local rank 0, transport 2
c4:54561:54561 [0] NCCL INFO Connected to proxy localRank 0 -> connection 0x760bd0000f00
c7:56580:56580 [0] NCCL INFO Channel 00/0 : 6[0] -> 4[0] [send] via NET/IB/0/GDRDMA
c5:57880:57895 [0] NCCL INFO New proxy send connection 4 from local rank 0, transport 2
c5:57880:57880 [0] NCCL INFO Connected to proxy localRank 0 -> connection 0x7049e0000f00
c4:54561:54561 [0] NCCL INFO Channel 01/0 : 3[0] -> 7[0] [send] via NET/IB/0/GDRDMA
c4:54561:54561 [0] NCCL INFO GPU Direct RDMA Enabled for GPU/0-1769472 (rank 3) - NET/0-0 (distance 4 <= 9, read 0, mode Default)
c8:56349:56349 [0] NCCL INFO GPU Direct RDMA Enabled for GPU/0-1937408 (rank 7) - NET/0-0 (distance 4 <= 9, read 1, mode Default)
c5:57880:57880 [0] NCCL INFO Channel 00/0 : 4[0] -> 0[0] [send] via NET/IB/0/GDRDMA
c5:57880:57880 [0] NCCL INFO GPU Direct RDMA Enabled for GPU/0-729088 (rank 4) - NET/0-0 (distance 4 <= 9, read 0, mode Default)
c1:68612:68612 [0] NCCL INFO GPU Direct RDMA Enabled for GPU/0-884736 (rank 0) - NET/0-0 (distance 4 <= 9, read 0, mode Default)
c8:56349:56364 [0] NCCL INFO New proxy send connection 3 from local rank 0, transport 2
c8:56349:56349 [0] NCCL INFO Connected to proxy localRank 0 -> connection 0x76ee04000e88
c1:68612:68647 [0] NCCL INFO New proxy recv connection 3 from local rank 0, transport 2
c1:68612:68612 [0] NCCL INFO Connected to proxy localRank 0 -> connection 0x76df90000e88
c4:54561:54576 [0] NCCL INFO New proxy recv connection 5 from local rank 0, transport 2
c4:54561:54561 [0] NCCL INFO Connected to proxy localRank 0 -> connection 0x760bd0000f78
c5:57880:57895 [0] NCCL INFO New proxy recv connection 5 from local rank 0, transport 2
c5:57880:57880 [0] NCCL INFO Connected to proxy localRank 0 -> connection 0x7049e0000f78
c8:56349:56349 [0] NCCL INFO Channel 00/0 : 7[0] -> 6[0] [send] via NET/IB/0/GDRDMA
c4:54561:54561 [0] NCCL INFO Channel 01/0 : 5[0] -> 3[0] [receive] via NET/IB/0/GDRDMA
c4:54561:54561 [0] NCCL INFO GPU Direct RDMA Enabled for GPU/0-1769472 (rank 3) - NET/0-0 (distance 4 <= 9, read 1, mode Default)
c5:57880:57880 [0] NCCL INFO Channel 00/0 : 6[0] -> 4[0] [receive] via NET/IB/0/GDRDMA
c5:57880:57880 [0] NCCL INFO GPU Direct RDMA Enabled for GPU/0-729088 (rank 4) - NET/0-0 (distance 4 <= 9, read 1, mode Default)
c1:68612:68612 [0] NCCL INFO Channel 01/0 : 1[0] -> 0[0] [receive] via NET/IB/0/GDRDMA
c4:54561:54576 [0] NCCL INFO New proxy send connection 6 from local rank 0, transport 2
c4:54561:54561 [0] NCCL INFO Connected to proxy localRank 0 -> connection 0x760bd0000ff0
c5:57880:57895 [0] NCCL INFO New proxy send connection 6 from local rank 0, transport 2
c5:57880:57880 [0] NCCL INFO Connected to proxy localRank 0 -> connection 0x7049e0000ff0
c4:54561:54561 [0] NCCL INFO Channel 01/0 : 3[0] -> 1[0] [send] via NET/IB/0/GDRDMA
c6:56755:56755 [0] NCCL INFO GPU Direct RDMA Enabled for GPU/0-888832 (rank 5) - NET/0-0 (distance 4 <= 9, read 0, mode Default)
c4:54561:54561 [0] NCCL INFO GPU Direct RDMA Enabled for GPU/0-1769472 (rank 3) - NET/0-0 (distance 4 <= 9, read 1, mode Default)
c5:57880:57880 [0] NCCL INFO Channel 00/0 : 4[0] -> 2[0] [send] via NET/IB/0/GDRDMA
c2:54954:54954 [0] NCCL INFO GPU Direct RDMA Enabled for GPU/0-720896 (rank 1) - NET/0-0 (distance 4 <= 9, read 0, mode Default)
c7:56580:56580 [0] NCCL INFO GPU Direct RDMA Enabled for GPU/0-1777664 (rank 6) - NET/0-0 (distance 4 <= 9, read 0, mode Default)
c5:57880:57880 [0] NCCL INFO GPU Direct RDMA Enabled for GPU/0-729088 (rank 4) - NET/0-0 (distance 4 <= 9, read 0, mode Default)
c3:54849:54849 [0] NCCL INFO GPU Direct RDMA Enabled for GPU/0-1933312 (rank 2) - NET/0-0 (distance 4 <= 9, read 0, mode Default)
c2:54954:54969 [0] NCCL INFO New proxy recv connection 5 from local rank 0, transport 2
c2:54954:54954 [0] NCCL INFO Connected to proxy localRank 0 -> connection 0x746268000f78
c4:54561:54576 [0] NCCL INFO New proxy send connection 7 from local rank 0, transport 2
c4:54561:54561 [0] NCCL INFO Connected to proxy localRank 0 -> connection 0x760bd0001068
c7:56580:56595 [0] NCCL INFO New proxy recv connection 5 from local rank 0, transport 2
c7:56580:56580 [0] NCCL INFO Connected to proxy localRank 0 -> connection 0x758d28000f78
c6:56755:56770 [0] NCCL INFO New proxy recv connection 5 from local rank 0, transport 2
c6:56755:56755 [0] NCCL INFO Connected to proxy localRank 0 -> connection 0x723104000f78
c5:57880:57895 [0] NCCL INFO New proxy recv connection 7 from local rank 0, transport 2
c5:57880:57880 [0] NCCL INFO Connected to proxy localRank 0 -> connection 0x7049e0001068
c3:54849:54864 [0] NCCL INFO New proxy recv connection 5 from local rank 0, transport 2
c3:54849:54849 [0] NCCL INFO Connected to proxy localRank 0 -> connection 0x7d58dc000f78
c7:56580:56580 [0] NCCL INFO Channel 00/0 : 7[0] -> 6[0] [receive] via NET/IB/0/GDRDMA
c7:56580:56580 [0] NCCL INFO GPU Direct RDMA Enabled for GPU/0-1777664 (rank 6) - NET/0-0 (distance 4 <= 9, read 1, mode Default)
c2:54954:54954 [0] NCCL INFO Channel 00/0 : 2[0] -> 1[0] [receive] via NET/IB/0/GDRDMA
c2:54954:54954 [0] NCCL INFO GPU Direct RDMA Enabled for GPU/0-720896 (rank 1) - NET/0-0 (distance 4 <= 9, read 0, mode Default)
c4:54561:54561 [0] NCCL INFO Channel 00/0 : 3[0] -> 2[0] [send] via NET/IB/0/GDRDMA
c6:56755:56755 [0] NCCL INFO Channel 00/0 : 6[0] -> 5[0] [receive] via NET/IB/0/GDRDMA
c6:56755:56755 [0] NCCL INFO GPU Direct RDMA Enabled for GPU/0-888832 (rank 5) - NET/0-0 (distance 4 <= 9, read 0, mode Default)
c5:57880:57880 [0] NCCL INFO Channel 01/0 : 5[0] -> 4[0] [receive] via NET/IB/0/GDRDMA
c3:54849:54849 [0] NCCL INFO Channel 00/0 : 3[0] -> 2[0] [receive] via NET/IB/0/GDRDMA
c3:54849:54849 [0] NCCL INFO GPU Direct RDMA Enabled for GPU/0-1933312 (rank 2) - NET/0-0 (distance 4 <= 9, read 1, mode Default)
c7:56580:56595 [0] NCCL INFO New proxy send connection 6 from local rank 0, transport 2
c7:56580:56580 [0] NCCL INFO Connected to proxy localRank 0 -> connection 0x758d28000ff0
c2:54954:54969 [0] NCCL INFO New proxy recv connection 6 from local rank 0, transport 2
c2:54954:54954 [0] NCCL INFO Connected to proxy localRank 0 -> connection 0x746268000ff0
c6:56755:56770 [0] NCCL INFO New proxy recv connection 6 from local rank 0, transport 2
c6:56755:56755 [0] NCCL INFO Connected to proxy localRank 0 -> connection 0x723104000ff0
c3:54849:54864 [0] NCCL INFO New proxy send connection 6 from local rank 0, transport 2
c3:54849:54849 [0] NCCL INFO Connected to proxy localRank 0 -> connection 0x7d58dc000ff0
c7:56580:56580 [0] NCCL INFO Channel 00/0 : 6[0] -> 5[0] [send] via NET/IB/0/GDRDMA
c7:56580:56580 [0] NCCL INFO GPU Direct RDMA Enabled for GPU/0-1777664 (rank 6) - NET/0-0 (distance 4 <= 9, read 1, mode Default)
c2:54954:54954 [0] NCCL INFO Channel 01/0 : 2[0] -> 1[0] [receive] via NET/IB/0/GDRDMA
c2:54954:54954 [0] NCCL INFO GPU Direct RDMA Enabled for GPU/0-720896 (rank 1) - NET/0-0 (distance 4 <= 9, read 1, mode Default)
c6:56755:56755 [0] NCCL INFO Channel 01/0 : 6[0] -> 5[0] [receive] via NET/IB/0/GDRDMA
c6:56755:56755 [0] NCCL INFO GPU Direct RDMA Enabled for GPU/0-888832 (rank 5) - NET/0-0 (distance 4 <= 9, read 1, mode Default)
c3:54849:54849 [0] NCCL INFO Channel 00/0 : 2[0] -> 1[0] [send] via NET/IB/0/GDRDMA
c3:54849:54849 [0] NCCL INFO GPU Direct RDMA Enabled for GPU/0-1933312 (rank 2) - NET/0-0 (distance 4 <= 9, read 1, mode Default)
c7:56580:56595 [0] NCCL INFO New proxy send connection 7 from local rank 0, transport 2
c7:56580:56580 [0] NCCL INFO Connected to proxy localRank 0 -> connection 0x758d28001068
c2:54954:54969 [0] NCCL INFO New proxy send connection 7 from local rank 0, transport 2
c2:54954:54954 [0] NCCL INFO Connected to proxy localRank 0 -> connection 0x746268001068
c6:56755:56770 [0] NCCL INFO New proxy send connection 7 from local rank 0, transport 2
c6:56755:56755 [0] NCCL INFO Connected to proxy localRank 0 -> connection 0x723104001068
c3:54849:54864 [0] NCCL INFO New proxy send connection 7 from local rank 0, transport 2
c3:54849:54849 [0] NCCL INFO Connected to proxy localRank 0 -> connection 0x7d58dc001068
c7:56580:56580 [0] NCCL INFO Channel 01/0 : 6[0] -> 5[0] [send] via NET/IB/0/GDRDMA
c2:54954:54954 [0] NCCL INFO Channel 01/0 : 1[0] -> 0[0] [send] via NET/IB/0/GDRDMA
c6:56755:56755 [0] NCCL INFO Channel 01/0 : 5[0] -> 4[0] [send] via NET/IB/0/GDRDMA
c3:54849:54849 [0] NCCL INFO Channel 01/0 : 2[0] -> 1[0] [send] via NET/IB/0/GDRDMA
c7:56580:56595 [0] NCCL INFO NET/IB: NCCL Dev 0 IbDev 0 Port 1 qpn 15440 mtu 5 GID 3 (0/702000AFFFF0000) ctsFifoRkey=0x1829e6 ctsFifoLkey=0x1829e6
c7:56580:56595 [0] NCCL INFO NET/IB: IbDev 0 Port 1 qpn 15440 query_ece={supported=1, vendor_id=0x15b3, options=0x30000002, comp_mask=0x0}
c5:57880:57895 [0] NCCL INFO NET/IB: NCCL Dev 0 IbDev 0 Port 1 qpn 15561 mtu 5 GID 3 (0/502000AFFFF0000) ctsFifoRkey=0x17fcb9 ctsFifoLkey=0x17fcb9
c5:57880:57895 [0] NCCL INFO NET/IB: IbDev 0 Port 1 qpn 15561 query_ece={supported=1, vendor_id=0x15b3, options=0x30000002, comp_mask=0x0}
c3:54849:54864 [0] NCCL INFO NET/IB: NCCL Dev 0 IbDev 0 Port 1 qpn 15864 mtu 5 GID 3 (0/301000AFFFF0000) ctsFifoRkey=0x17fdba ctsFifoLkey=0x17fdba
c3:54849:54864 [0] NCCL INFO NET/IB: IbDev 0 Port 1 qpn 15864 query_ece={supported=1, vendor_id=0x15b3, options=0x30000002, comp_mask=0x0}
c6:56755:56770 [0] NCCL INFO NET/IB: NCCL Dev 0 IbDev 0 Port 1 qpn 15474 mtu 5 GID 3 (0/602000AFFFF0000) ctsFifoRkey=0x1812d2 ctsFifoLkey=0x1812d2
c6:56755:56770 [0] NCCL INFO NET/IB: IbDev 0 Port 1 qpn 15474 query_ece={supported=1, vendor_id=0x15b3, options=0x30000002, comp_mask=0x0}
c5:57880:57895 [0] NCCL INFO NET/IB: NCCL Dev 0 IbDev 0 Port 1 qpn 15562 mtu 5 GID 3 (0/502000AFFFF0000) ctsFifoRkey=0x17efad ctsFifoLkey=0x17efad
c5:57880:57895 [0] NCCL INFO NET/IB: IbDev 0 Port 1 qpn 15562 query_ece={supported=1, vendor_id=0x15b3, options=0x30000002, comp_mask=0x0}
c4:54561:54576 [0] NCCL INFO NET/IB: NCCL Dev 0 IbDev 0 Port 1 qpn 15963 mtu 5 GID 3 (0/401000AFFFF0000) ctsFifoRkey=0x17a864 ctsFifoLkey=0x17a864
c4:54561:54576 [0] NCCL INFO NET/IB: IbDev 0 Port 1 qpn 15963 query_ece={supported=1, vendor_id=0x15b3, options=0x30000002, comp_mask=0x0}
c3:54849:54864 [0] NCCL INFO NET/IB: NCCL Dev 0 IbDev 0 Port 1 qpn 15865 mtu 5 GID 3 (0/301000AFFFF0000) ctsFifoRkey=0x1809c6 ctsFifoLkey=0x1809c6
c3:54849:54864 [0] NCCL INFO NET/IB: IbDev 0 Port 1 qpn 15865 query_ece={supported=1, vendor_id=0x15b3, options=0x30000002, comp_mask=0x0}
c1:68612:68647 [0] NCCL INFO NET/IB: NCCL Dev 0 IbDev 0 Port 1 qpn 15922 mtu 5 GID 3 (0/101000AFFFF0000) ctsFifoRkey=0x17d895 ctsFifoLkey=0x17d895
c1:68612:68647 [0] NCCL INFO NET/IB: IbDev 0 Port 1 qpn 15922 query_ece={supported=1, vendor_id=0x15b3, options=0x30000002, comp_mask=0x0}
c6:56755:56770 [0] NCCL INFO NET/IB: NCCL Dev 0 IbDev 0 Port 1 qpn 15475 mtu 5 GID 3 (0/602000AFFFF0000) ctsFifoRkey=0x17ce8b ctsFifoLkey=0x17ce8b
c6:56755:56770 [0] NCCL INFO NET/IB: IbDev 0 Port 1 qpn 15475 query_ece={supported=1, vendor_id=0x15b3, options=0x30000002, comp_mask=0x0}
c3:54849:54864 [0] NCCL INFO NET/IB: NCCL Dev 0 IbDev 0 Port 1 qpn 15866 mtu 5 GID 3 (0/301000AFFFF0000) ctsFifoRkey=0x17be7b ctsFifoLkey=0x17be7b
c3:54849:54864 [0] NCCL INFO NET/IB: IbDev 0 Port 1 qpn 15866 query_ece={supported=1, vendor_id=0x15b3, options=0x30000002, comp_mask=0x0}
c2:54954:54969 [0] NCCL INFO NET/IB: NCCL Dev 0 IbDev 0 Port 1 qpn 16001 mtu 5 GID 3 (0/201000AFFFF0000) ctsFifoRkey=0x182ce8 ctsFifoLkey=0x182ce8
c2:54954:54969 [0] NCCL INFO NET/IB: IbDev 0 Port 1 qpn 16001 query_ece={supported=1, vendor_id=0x15b3, options=0x30000002, comp_mask=0x0}
c5:57880:57895 [0] NCCL INFO NET/IB: NCCL Dev 0 IbDev 0 Port 1 qpn 15563 mtu 5 GID 3 (0/502000AFFFF0000) ctsFifoRkey=0x17b26f ctsFifoLkey=0x17b26f
c5:57880:57895 [0] NCCL INFO NET/IB: IbDev 0 Port 1 qpn 15563 query_ece={supported=1, vendor_id=0x15b3, options=0x30000002, comp_mask=0x0}
c8:56349:56364 [0] NCCL INFO NET/IB: NCCL Dev 0 IbDev 0 Port 1 qpn 15347 mtu 5 GID 3 (0/802000AFFFF0000) ctsFifoRkey=0x17d18f ctsFifoLkey=0x17d18f
c8:56349:56364 [0] NCCL INFO NET/IB: IbDev 0 Port 1 qpn 15347 query_ece={supported=1, vendor_id=0x15b3, options=0x30000002, comp_mask=0x0}
c4:54561:54576 [0] NCCL INFO NET/IB: NCCL Dev 0 IbDev 0 Port 1 qpn 15966 mtu 5 GID 3 (0/401000AFFFF0000) ctsFifoRkey=0x17c07d ctsFifoLkey=0x17c07d
c4:54561:54576 [0] NCCL INFO NET/IB: IbDev 0 Port 1 qpn 15966 query_ece={supported=1, vendor_id=0x15b3, options=0x30000002, comp_mask=0x0}
c5:57880:57895 [0] NCCL INFO NET/IB: IbDev 0 Port 1 qpn 15561 set_ece={supported=1, vendor_id=0x15b3, options=0x30000002, comp_mask=0x0}
c1:68612:68647 [0] NCCL INFO NET/IB: NCCL Dev 0 IbDev 0 Port 1 qpn 15925 mtu 5 GID 3 (0/101000AFFFF0000) ctsFifoRkey=0x17f1ae ctsFifoLkey=0x17f1ae
c1:68612:68647 [0] NCCL INFO NET/IB: IbDev 0 Port 1 qpn 15925 query_ece={supported=1, vendor_id=0x15b3, options=0x30000002, comp_mask=0x0}
c1:68612:68647 [0] NCCL INFO NET/IB: IbDev 0 Port 1 qpn 15922 set_ece={supported=1, vendor_id=0x15b3, options=0x30000002, comp_mask=0x0}
c2:54954:54969 [0] NCCL INFO NET/IB: NCCL Dev 0 IbDev 0 Port 1 qpn 16004 mtu 5 GID 3 (0/201000AFFFF0000) ctsFifoRkey=0x1813d0 ctsFifoLkey=0x1813d0
c2:54954:54969 [0] NCCL INFO NET/IB: IbDev 0 Port 1 qpn 16004 query_ece={supported=1, vendor_id=0x15b3, options=0x30000002, comp_mask=0x0}
c3:54849:54864 [0] NCCL INFO NET/IB: IbDev 0 Port 1 qpn 15866 set_ece={supported=1, vendor_id=0x15b3, options=0x30000002, comp_mask=0x0}
c6:56755:56770 [0] NCCL INFO NET/IB: NCCL Dev 0 IbDev 0 Port 1 qpn 15480 mtu 5 GID 3 (0/602000AFFFF0000) ctsFifoRkey=0x180ac7 ctsFifoLkey=0x180ac7
c6:56755:56770 [0] NCCL INFO NET/IB: IbDev 0 Port 1 qpn 15480 query_ece={supported=1, vendor_id=0x15b3, options=0x30000002, comp_mask=0x0}
c6:56755:56770 [0] NCCL INFO NET/IB: IbDev 0 Port 1 qpn 15474 set_ece={supported=1, vendor_id=0x15b3, options=0x30000002, comp_mask=0x0}
c5:57880:57895 [0] NCCL INFO NET/IB: IbDev 0 Port 1 qpn 15563 set_ece={supported=1, vendor_id=0x15b3, options=0x30000002, comp_mask=0x0}
c4:54561:54576 [0] NCCL INFO NET/IB: NCCL Dev 0 IbDev 0 Port 1 qpn 15969 mtu 5 GID 3 (0/401000AFFFF0000) ctsFifoRkey=0x17d896 ctsFifoLkey=0x17d896
c4:54561:54576 [0] NCCL INFO NET/IB: IbDev 0 Port 1 qpn 15969 query_ece={supported=1, vendor_id=0x15b3, options=0x30000002, comp_mask=0x0}
c3:54849:54864 [0] NCCL INFO NET/IB: IbDev 0 Port 1 qpn 15864 set_ece={supported=1, vendor_id=0x15b3, options=0x30000002, comp_mask=0x0}
c7:56580:56595 [0] NCCL INFO NET/IB: IbDev 0 Port 1 qpn 15440 set_ece={supported=1, vendor_id=0x15b3, options=0x30000002, comp_mask=0x0}
c8:56349:56364 [0] NCCL INFO NET/IB: IbDev 0 Port 1 qpn 15347 set_ece={supported=1, vendor_id=0x15b3, options=0x30000002, comp_mask=0x0}
c4:54561:54576 [0] NCCL INFO NET/IB: NCCL Dev 0 IbDev 0 Port 1 qpn 15972 mtu 5 GID 3 (0/401000AFFFF0000) ctsFifoRkey=0x179c59 ctsFifoLkey=0x179c59
c4:54561:54576 [0] NCCL INFO NET/IB: IbDev 0 Port 1 qpn 15972 query_ece={supported=1, vendor_id=0x15b3, options=0x30000002, comp_mask=0x0}
c6:56755:56770 [0] NCCL INFO NET/IB: IbDev 0 Port 1 qpn 15475 set_ece={supported=1, vendor_id=0x15b3, options=0x30000002, comp_mask=0x0}
c2:54954:54969 [0] NCCL INFO NET/IB: NCCL Dev 0 IbDev 0 Port 1 qpn 16007 mtu 5 GID 3 (0/201000AFFFF0000) ctsFifoRkey=0x1832f0 ctsFifoLkey=0x1832f0
c2:54954:54969 [0] NCCL INFO NET/IB: IbDev 0 Port 1 qpn 16007 query_ece={supported=1, vendor_id=0x15b3, options=0x30000002, comp_mask=0x0}
c4:54561:54576 [0] NCCL INFO NET/IB: IbDev 0 Port 1 qpn 15963 set_ece={supported=1, vendor_id=0x15b3, options=0x30000002, comp_mask=0x0}
c2:54954:54969 [0] NCCL INFO NET/IB: NCCL Dev 0 IbDev 0 Port 1 qpn 16008 mtu 5 GID 3 (0/201000AFFFF0000) ctsFifoRkey=0x17f5b3 ctsFifoLkey=0x17f5b3
c2:54954:54969 [0] NCCL INFO NET/IB: IbDev 0 Port 1 qpn 16008 query_ece={supported=1, vendor_id=0x15b3, options=0x30000002, comp_mask=0x0}
c2:54954:54969 [0] NCCL INFO NET/IB: IbDev 0 Port 1 qpn 16001 set_ece={supported=1, vendor_id=0x15b3, options=0x30000002, comp_mask=0x0}
c6:56755:56770 [0] NCCL INFO NET/IB: IbDev 0 Port 1 qpn 15480 set_ece={supported=1, vendor_id=0x15b3, options=0x30000002, comp_mask=0x0}
c8:56349:56364 [0] NCCL INFO NET/IB: NCCL Dev 0 IbDev 0 Port 1 qpn 15350 mtu 5 GID 3 (0/802000AFFFF0000) ctsFifoRkey=0x17e8a5 ctsFifoLkey=0x17e8a5
c8:56349:56364 [0] NCCL INFO NET/IB: IbDev 0 Port 1 qpn 15350 query_ece={supported=1, vendor_id=0x15b3, options=0x30000002, comp_mask=0x0}
c5:57880:57895 [0] NCCL INFO NET/IB: NCCL Dev 0 IbDev 0 Port 1 qpn 15568 mtu 5 GID 3 (0/502000AFFFF0000) ctsFifoRkey=0x178f4c ctsFifoLkey=0x178f4c
c5:57880:57895 [0] NCCL INFO NET/IB: IbDev 0 Port 1 qpn 15568 query_ece={supported=1, vendor_id=0x15b3, options=0x30000002, comp_mask=0x0}
c5:57880:57895 [0] NCCL INFO NET/IB: IbDev 0 Port 1 qpn 15562 set_ece={supported=1, vendor_id=0x15b3, options=0x30000002, comp_mask=0x0}
c1:68612:68647 [0] NCCL INFO NET/IB: IbDev 0 Port 1 qpn 15925 set_ece={supported=1, vendor_id=0x15b3, options=0x30000002, comp_mask=0x0}
c4:54561:54576 [0] NCCL INFO NET/IB: IbDev 0 Port 1 qpn 15966 set_ece={supported=1, vendor_id=0x15b3, options=0x30000002, comp_mask=0x0}
c2:54954:54969 [0] NCCL INFO NET/IB: IbDev 0 Port 1 qpn 16007 set_ece={supported=1, vendor_id=0x15b3, options=0x30000002, comp_mask=0x0}
c4:54561:54576 [0] NCCL INFO NET/IB: IbDev 0 Port 1 qpn 15969 set_ece={supported=1, vendor_id=0x15b3, options=0x30000002, comp_mask=0x0}
c6:56755:56770 [0] NCCL INFO NET/IB: NCCL Dev 0 IbDev 0 Port 1 qpn 15481 mtu 5 GID 3 (0/602000AFFFF0000) ctsFifoRkey=0x17e6a3 ctsFifoLkey=0x17e6a3
c6:56755:56770 [0] NCCL INFO NET/IB: IbDev 0 Port 1 qpn 15481 query_ece={supported=1, vendor_id=0x15b3, options=0x30000002, comp_mask=0x0}
c3:54849:54864 [0] NCCL INFO NET/IB: IbDev 0 Port 1 qpn 15865 set_ece={supported=1, vendor_id=0x15b3, options=0x30000002, comp_mask=0x0}
c2:54954:54969 [0] NCCL INFO NET/IB: IbDev 0 Port 1 qpn 16008 set_ece={supported=1, vendor_id=0x15b3, options=0x30000002, comp_mask=0x0}
c5:57880:57895 [0] NCCL INFO NET/IB: IbDev 0 Port 1 qpn 15568 set_ece={supported=1, vendor_id=0x15b3, options=0x30000002, comp_mask=0x0}
c8:56349:56364 [0] NCCL INFO NET/IB: IbDev 0 Port 1 qpn 15350 set_ece={supported=1, vendor_id=0x15b3, options=0x30000002, comp_mask=0x0}
c7:56580:56595 [0] NCCL INFO NET/IB: NCCL Dev 0 IbDev 0 Port 1 qpn 15449 mtu 5 GID 3 (0/702000AFFFF0000) ctsFifoRkey=0x181edc ctsFifoLkey=0x181edc
c7:56580:56595 [0] NCCL INFO NET/IB: IbDev 0 Port 1 qpn 15449 query_ece={supported=1, vendor_id=0x15b3, options=0x30000002, comp_mask=0x0}
c2:54954:54969 [0] NCCL INFO NET/IB: IbDev 0 Port 1 qpn 16004 set_ece={supported=1, vendor_id=0x15b3, options=0x30000002, comp_mask=0x0}
c3:54849:54864 [0] NCCL INFO NET/IB: NCCL Dev 0 IbDev 0 Port 1 qpn 15875 mtu 5 GID 3 (0/301000AFFFF0000) ctsFifoRkey=0x17b16f ctsFifoLkey=0x17b16f
c3:54849:54864 [0] NCCL INFO NET/IB: IbDev 0 Port 1 qpn 15875 query_ece={supported=1, vendor_id=0x15b3, options=0x30000002, comp_mask=0x0}
c7:56580:56595 [0] NCCL INFO NET/IB: NCCL Dev 0 IbDev 0 Port 1 qpn 15450 mtu 5 GID 3 (0/702000AFFFF0000) ctsFifoRkey=0x181fde ctsFifoLkey=0x181fde
c7:56580:56595 [0] NCCL INFO NET/IB: IbDev 0 Port 1 qpn 15450 query_ece={supported=1, vendor_id=0x15b3, options=0x30000002, comp_mask=0x0}
c4:54561:54576 [0] NCCL INFO NET/IB: IbDev 0 Port 1 qpn 15972 set_ece={supported=1, vendor_id=0x15b3, options=0x30000002, comp_mask=0x0}
c7:56580:56595 [0] NCCL INFO NET/IB: NCCL Dev 0 IbDev 0 Port 1 qpn 15451 mtu 5 GID 3 (0/702000AFFFF0000) ctsFifoRkey=0x1809c6 ctsFifoLkey=0x1809c6
c7:56580:56595 [0] NCCL INFO NET/IB: IbDev 0 Port 1 qpn 15451 query_ece={supported=1, vendor_id=0x15b3, options=0x30000002, comp_mask=0x0}
c7:56580:56595 [0] NCCL INFO NET/IB: IbDev 0 Port 1 qpn 15449 set_ece={supported=1, vendor_id=0x15b3, options=0x30000002, comp_mask=0x0}
c6:56755:56770 [0] NCCL INFO NET/IB: IbDev 0 Port 1 qpn 15481 set_ece={supported=1, vendor_id=0x15b3, options=0x30000002, comp_mask=0x0}
c7:56580:56595 [0] NCCL INFO NET/IB: IbDev 0 Port 1 qpn 15450 set_ece={supported=1, vendor_id=0x15b3, options=0x30000002, comp_mask=0x0}
c7:56580:56595 [0] NCCL INFO NET/IB: IbDev 0 Port 1 qpn 15451 set_ece={supported=1, vendor_id=0x15b3, options=0x30000002, comp_mask=0x0}
c3:54849:54864 [0] NCCL INFO NET/IB: IbDev 0 Port 1 qpn 15875 set_ece={supported=1, vendor_id=0x15b3, options=0x30000002, comp_mask=0x0}
c1:68612:68612 [0] NCCL INFO Connected all trees
c2:54954:54954 [0] NCCL INFO Connected all trees
c8:56349:56349 [0] NCCL INFO Connected all trees
c4:54561:54561 [0] NCCL INFO Connected all trees
c3:54849:54849 [0] NCCL INFO Connected all trees
c5:57880:57880 [0] NCCL INFO Connected all trees
c6:56755:56755 [0] NCCL INFO Connected all trees
c7:56580:56580 [0] NCCL INFO Connected all trees
c1:68612:68612 [0] NCCL INFO GPU Direct RDMA Enabled for GPU/0-884736 (rank 0) - NET/0-0 (distance 4 <= 9, read 0, mode Default)
c3:54849:54849 [0] NCCL INFO GPU Direct RDMA Enabled for GPU/0-1933312 (rank 2) - NET/0-0 (distance 4 <= 9, read 1, mode Default)
c4:54561:54561 [0] NCCL INFO GPU Direct RDMA Enabled for GPU/0-1769472 (rank 3) - NET/0-0 (distance 4 <= 9, read 0, mode Default)
c2:54954:54954 [0] NCCL INFO GPU Direct RDMA Enabled for GPU/0-720896 (rank 1) - NET/0-0 (distance 4 <= 9, read 0, mode Default)
c8:56349:56349 [0] NCCL INFO GPU Direct RDMA Enabled for GPU/0-1937408 (rank 7) - NET/0-0 (distance 4 <= 9, read 0, mode Default)
c7:56580:56580 [0] NCCL INFO GPU Direct RDMA Enabled for GPU/0-1777664 (rank 6) - NET/0-0 (distance 4 <= 9, read 1, mode Default)
c5:57880:57880 [0] NCCL INFO GPU Direct RDMA Enabled for GPU/0-729088 (rank 4) - NET/0-0 (distance 4 <= 9, read 0, mode Default)
c6:56755:56755 [0] NCCL INFO GPU Direct RDMA Enabled for GPU/0-888832 (rank 5) - NET/0-0 (distance 4 <= 9, read 0, mode Default)
c5:57880:57895 [0] NCCL INFO New proxy recv connection 8 from local rank 0, transport 2
c5:57880:57880 [0] NCCL INFO Connected to proxy localRank 0 -> connection 0x7049e00010e0
c8:56349:56364 [0] NCCL INFO New proxy recv connection 4 from local rank 0, transport 2
c8:56349:56349 [0] NCCL INFO Connected to proxy localRank 0 -> connection 0x76ee04000f00
c7:56580:56595 [0] NCCL INFO New proxy send connection 8 from local rank 0, transport 2
c7:56580:56580 [0] NCCL INFO Connected to proxy localRank 0 -> connection 0x758d280010e0
c6:56755:56770 [0] NCCL INFO New proxy recv connection 8 from local rank 0, transport 2
c6:56755:56755 [0] NCCL INFO Connected to proxy localRank 0 -> connection 0x7231040010e0
c6:56755:56755 [0] NCCL INFO Channel 00/0 : 4[0] -> 5[0] [receive] via NET/IB/0/GDRDMA
c3:54849:54864 [0] NCCL INFO New proxy send connection 8 from local rank 0, transport 2
c3:54849:54849 [0] NCCL INFO Connected to proxy localRank 0 -> connection 0x7d58dc0010e0
c7:56580:56580 [0] NCCL INFO Channel 01/0 : 6[0] -> 7[0] [send] via NET/IB/0/GDRDMA
c5:57880:57880 [0] NCCL INFO Channel 00/0 : 3[0] -> 4[0] [receive] via NET/IB/0/GDRDMA
c5:57880:57880 [0] NCCL INFO GPU Direct RDMA Enabled for GPU/0-729088 (rank 4) - NET/0-0 (distance 4 <= 9, read 0, mode Default)
c3:54849:54849 [0] NCCL INFO Channel 01/0 : 2[0] -> 3[0] [send] via NET/IB/0/GDRDMA
c4:54561:54576 [0] NCCL INFO New proxy recv connection 8 from local rank 0, transport 2
c4:54561:54561 [0] NCCL INFO Connected to proxy localRank 0 -> connection 0x760bd00010e0
c2:54954:54969 [0] NCCL INFO New proxy recv connection 8 from local rank 0, transport 2
c2:54954:54954 [0] NCCL INFO Connected to proxy localRank 0 -> connection 0x7462680010e0
c4:54561:54561 [0] NCCL INFO Channel 01/0 : 2[0] -> 3[0] [receive] via NET/IB/0/GDRDMA
c4:54561:54561 [0] NCCL INFO GPU Direct RDMA Enabled for GPU/0-1769472 (rank 3) - NET/0-0 (distance 4 <= 9, read 1, mode Default)
c2:54954:54954 [0] NCCL INFO Channel 00/0 : 0[0] -> 1[0] [receive] via NET/IB/0/GDRDMA
c5:57880:57895 [0] NCCL INFO New proxy recv connection 9 from local rank 0, transport 2
c5:57880:57880 [0] NCCL INFO Connected to proxy localRank 0 -> connection 0x7049e0001158
c1:68612:68647 [0] NCCL INFO New proxy recv connection 4 from local rank 0, transport 2
c1:68612:68612 [0] NCCL INFO Connected to proxy localRank 0 -> connection 0x76df90000f00
c4:54561:54576 [0] NCCL INFO New proxy send connection 9 from local rank 0, transport 2
c4:54561:54561 [0] NCCL INFO Connected to proxy localRank 0 -> connection 0x760bd0001158
c1:68612:68612 [0] NCCL INFO Channel 00/0 : 7[0] -> 0[0] [receive] via NET/IB/0/GDRDMA
c1:68612:68612 [0] NCCL INFO GPU Direct RDMA Enabled for GPU/0-884736 (rank 0) - NET/0-0 (distance 4 <= 9, read 0, mode Default)
c1:68612:68647 [0] NCCL INFO New proxy recv connection 5 from local rank 0, transport 2
c1:68612:68612 [0] NCCL INFO Connected to proxy localRank 0 -> connection 0x76df90000f78
c1:68612:68612 [0] NCCL INFO Channel 01/0 : 7[0] -> 0[0] [receive] via NET/IB/0/GDRDMA
c1:68612:68612 [0] NCCL INFO GPU Direct RDMA Enabled for GPU/0-884736 (rank 0) - NET/0-0 (distance 4 <= 9, read 1, mode Default)
c8:56349:56349 [0] NCCL INFO Channel 01/0 : 6[0] -> 7[0] [receive] via NET/IB/0/GDRDMA
c8:56349:56349 [0] NCCL INFO GPU Direct RDMA Enabled for GPU/0-1937408 (rank 7) - NET/0-0 (distance 4 <= 9, read 1, mode Default)
c4:54561:54561 [0] NCCL INFO Channel 00/0 : 3[0] -> 4[0] [send] via NET/IB/0/GDRDMA
c4:54561:54561 [0] NCCL INFO GPU Direct RDMA Enabled for GPU/0-1769472 (rank 3) - NET/0-0 (distance 4 <= 9, read 1, mode Default)
c4:54561:54576 [0] NCCL INFO New proxy send connection 10 from local rank 0, transport 2
c4:54561:54561 [0] NCCL INFO Connected to proxy localRank 0 -> connection 0x760bd00011d0
c4:54561:54561 [0] NCCL INFO Channel 01/0 : 3[0] -> 4[0] [send] via NET/IB/0/GDRDMA
c1:68612:68647 [0] NCCL INFO New proxy send connection 6 from local rank 0, transport 2
c1:68612:68612 [0] NCCL INFO Connected to proxy localRank 0 -> connection 0x76df90000ff0
c8:56349:56364 [0] NCCL INFO New proxy send connection 5 from local rank 0, transport 2
c8:56349:56349 [0] NCCL INFO Connected to proxy localRank 0 -> connection 0x76ee04000f78
c8:56349:56349 [0] NCCL INFO Channel 00/0 : 7[0] -> 0[0] [send] via NET/IB/0/GDRDMA
c8:56349:56349 [0] NCCL INFO GPU Direct RDMA Enabled for GPU/0-1937408 (rank 7) - NET/0-0 (distance 4 <= 9, read 1, mode Default)
c8:56349:56364 [0] NCCL INFO New proxy send connection 6 from local rank 0, transport 2
c8:56349:56349 [0] NCCL INFO Connected to proxy localRank 0 -> connection 0x76ee04000ff0
c8:56349:56349 [0] NCCL INFO Channel 01/0 : 7[0] -> 0[0] [send] via NET/IB/0/GDRDMA
c5:57880:57880 [0] NCCL INFO Channel 01/0 : 3[0] -> 4[0] [receive] via NET/IB/0/GDRDMA
c5:57880:57880 [0] NCCL INFO GPU Direct RDMA Enabled for GPU/0-729088 (rank 4) - NET/0-0 (distance 4 <= 9, read 1, mode Default)
c5:57880:57895 [0] NCCL INFO New proxy send connection 10 from local rank 0, transport 2
c5:57880:57880 [0] NCCL INFO Connected to proxy localRank 0 -> connection 0x7049e00011d0
c5:57880:57880 [0] NCCL INFO Channel 00/0 : 4[0] -> 5[0] [send] via NET/IB/0/GDRDMA
c4:54561:54576 [0] NCCL INFO NET/IB: NCCL Dev 0 IbDev 0 Port 1 qpn 15975 mtu 5 GID 3 (0/401000AFFFF0000) ctsFifoRkey=0x178e4d ctsFifoLkey=0x178e4d
c4:54561:54576 [0] NCCL INFO NET/IB: IbDev 0 Port 1 qpn 15975 query_ece={supported=1, vendor_id=0x15b3, options=0x30000002, comp_mask=0x0}
c4:54561:54576 [0] NCCL INFO NET/IB: NCCL Dev 0 IbDev 0 Port 1 qpn 15976 mtu 5 GID 3 (0/401000AFFFF0000) ctsFifoRkey=0x17cd8a ctsFifoLkey=0x17cd8a
c4:54561:54576 [0] NCCL INFO NET/IB: IbDev 0 Port 1 qpn 15976 query_ece={supported=1, vendor_id=0x15b3, options=0x30000002, comp_mask=0x0}
c3:54849:54864 [0] NCCL INFO NET/IB: NCCL Dev 0 IbDev 0 Port 1 qpn 15876 mtu 5 GID 3 (0/301000AFFFF0000) ctsFifoRkey=0x17d995 ctsFifoLkey=0x17d995
c3:54849:54864 [0] NCCL INFO NET/IB: IbDev 0 Port 1 qpn 15876 query_ece={supported=1, vendor_id=0x15b3, options=0x30000002, comp_mask=0x0}
c5:57880:57895 [0] NCCL INFO NET/IB: NCCL Dev 0 IbDev 0 Port 1 qpn 15573 mtu 5 GID 3 (0/502000AFFFF0000) ctsFifoRkey=0x17e4a1 ctsFifoLkey=0x17e4a1
c5:57880:57895 [0] NCCL INFO NET/IB: IbDev 0 Port 1 qpn 15573 query_ece={supported=1, vendor_id=0x15b3, options=0x30000002, comp_mask=0x0}
c1:68612:68612 [0] NCCL INFO Channel 00/0 : 0[0] -> 1[0] [send] via NET/IB/0/GDRDMA
c3:54849:54864 [0] NCCL INFO NET/IB: IbDev 0 Port 1 qpn 15876 set_ece={supported=1, vendor_id=0x15b3, options=0x30000002, comp_mask=0x0}
c4:54561:54576 [0] NCCL INFO NET/IB: IbDev 0 Port 1 qpn 15975 set_ece={supported=1, vendor_id=0x15b3, options=0x30000002, comp_mask=0x0}
c4:54561:54576 [0] NCCL INFO NET/IB: IbDev 0 Port 1 qpn 15976 set_ece={supported=1, vendor_id=0x15b3, options=0x30000002, comp_mask=0x0}
c5:57880:57895 [0] NCCL INFO NET/IB: IbDev 0 Port 1 qpn 15573 set_ece={supported=1, vendor_id=0x15b3, options=0x30000002, comp_mask=0x0}
c7:56580:56595 [0] NCCL INFO NET/IB: NCCL Dev 0 IbDev 0 Port 1 qpn 15452 mtu 5 GID 3 (0/702000AFFFF0000) ctsFifoRkey=0x17d894 ctsFifoLkey=0x17d894
c7:56580:56595 [0] NCCL INFO NET/IB: IbDev 0 Port 1 qpn 15452 query_ece={supported=1, vendor_id=0x15b3, options=0x30000002, comp_mask=0x0}
c1:68612:68647 [0] NCCL INFO NET/IB: NCCL Dev 0 IbDev 0 Port 1 qpn 15928 mtu 5 GID 3 (0/101000AFFFF0000) ctsFifoRkey=0x178f4c ctsFifoLkey=0x178f4c
c1:68612:68647 [0] NCCL INFO NET/IB: IbDev 0 Port 1 qpn 15928 query_ece={supported=1, vendor_id=0x15b3, options=0x30000002, comp_mask=0x0}
c8:56349:56364 [0] NCCL INFO NET/IB: NCCL Dev 0 IbDev 0 Port 1 qpn 15351 mtu 5 GID 3 (0/802000AFFFF0000) ctsFifoRkey=0x1807c4 ctsFifoLkey=0x1807c4
c8:56349:56364 [0] NCCL INFO NET/IB: IbDev 0 Port 1 qpn 15351 query_ece={supported=1, vendor_id=0x15b3, options=0x30000002, comp_mask=0x0}
c8:56349:56364 [0] NCCL INFO NET/IB: NCCL Dev 0 IbDev 0 Port 1 qpn 15352 mtu 5 GID 3 (0/802000AFFFF0000) ctsFifoRkey=0x17dd9a ctsFifoLkey=0x17dd9a
c8:56349:56364 [0] NCCL INFO NET/IB: IbDev 0 Port 1 qpn 15352 query_ece={supported=1, vendor_id=0x15b3, options=0x30000002, comp_mask=0x0}
c8:56349:56364 [0] NCCL INFO NET/IB: IbDev 0 Port 1 qpn 15351 set_ece={supported=1, vendor_id=0x15b3, options=0x30000002, comp_mask=0x0}
c7:56580:56595 [0] NCCL INFO NET/IB: IbDev 0 Port 1 qpn 15452 set_ece={supported=1, vendor_id=0x15b3, options=0x30000002, comp_mask=0x0}
c1:68612:68647 [0] NCCL INFO NET/IB: IbDev 0 Port 1 qpn 15928 set_ece={supported=1, vendor_id=0x15b3, options=0x30000002, comp_mask=0x0}
c8:56349:56364 [0] NCCL INFO NET/IB: IbDev 0 Port 1 qpn 15352 set_ece={supported=1, vendor_id=0x15b3, options=0x30000002, comp_mask=0x0}
c1:68612:68612 [0] NCCL INFO Connected all rings, use ring PXN 0 GDR 1
c8:56349:56349 [0] NCCL INFO Connected all rings, use ring PXN 0 GDR 1
c6:56755:56755 [0] NCCL INFO Connected all rings, use ring PXN 0 GDR 1
c4:54561:54561 [0] NCCL INFO Connected all rings, use ring PXN 0 GDR 1
c3:54849:54849 [0] NCCL INFO Connected all rings, use ring PXN 0 GDR 1
c2:54954:54954 [0] NCCL INFO Connected all rings, use ring PXN 0 GDR 1
c7:56580:56580 [0] NCCL INFO Connected all rings, use ring PXN 0 GDR 1
c5:57880:57880 [0] NCCL INFO Connected all rings, use ring PXN 0 GDR 1
        8192          2048     float     sum      -1   140.09    0.06    0.10       0   150.12    0.05    0.10       0
       16384          4096     float     sum      -1   129.14    0.13    0.22       0   120.15    0.14    0.24       0
       32768          8192     float     sum      -1   137.65    0.24    0.42       0   130.33    0.25    0.44       0
       65536         16384     float     sum      -1   154.59    0.42    0.74       0   140.68    0.47    0.82       0
      131072         32768     float     sum      -1   162.06    0.81    1.42       0   161.08    0.81    1.42       0
      262144         65536     float     sum      -1   316.68    0.83    1.45       0   263.01    1.00    1.74       0
      524288        131072     float     sum      -1   443.80    1.18    2.07       0   443.85    1.18    2.07       0
     1048576        262144     float     sum      -1   273.04    3.84    6.72       0   271.46    3.86    6.76       0
     2097152        524288     float     sum      -1   395.97    5.30    9.27       0   386.96    5.42    9.48       0
     4194304       1048576     float     sum      -1   643.38    6.52   11.41       0   621.12    6.75   11.82       0
     8388608       2097152     float     sum      -1  1361.98    6.16   10.78       0  1373.32    6.11   10.69       0
    16777216       4194304     float     sum      -1  2717.34    6.17   10.80       0  2599.45    6.45   11.29       0
    33554432       8388608     float     sum      -1  4484.15    7.48   13.10       0  4211.73    7.97   13.94       0
    67108864      16777216     float     sum      -1  8774.99    7.65   13.38       0  8596.40    7.81   13.66       0
   134217728      33554432     float     sum      -1  17175.6    7.81   13.68       0  17814.1    7.53   13.19       0
   268435456      67108864     float     sum      -1  34608.5    7.76   13.57       0  34594.3    7.76   13.58       0
   536870912     134217728     float     sum      -1  68979.0    7.78   13.62       0  68982.9    7.78   13.62       0
  1073741824     268435456     float     sum      -1   142002    7.56   13.23       0   138187    7.77   13.60       0
c5:57880:57880 [0] NCCL INFO comm 0x5fc1b91f4250 rank 4 nranks 8 cudaDev 0 busId b2000 - Destroy COMPLETE
c1:68612:68612 [0] NCCL INFO comm 0x59e7e964f8e0 rank 0 nranks 8 cudaDev 0 busId d8000 - Destroy COMPLETE
# Out of bounds values : 0 OK
# Avg bus bandwidth    : 7.62309 
#
# Collective test concluded: all_reduce_perf
#
c3:54849:54849 [0] NCCL INFO comm 0x5b29af49af40 rank 2 nranks 8 cudaDev 0 busId 1d8000 - Destroy COMPLETE
c6:56755:56755 [0] NCCL INFO comm 0x5dc0b8bee210 rank 5 nranks 8 cudaDev 0 busId d9000 - Destroy COMPLETE
c7:56580:56580 [0] NCCL INFO comm 0x563e231bade0 rank 6 nranks 8 cudaDev 0 busId 1b2000 - Destroy COMPLETE
c2:54954:54954 [0] NCCL INFO comm 0x5fea1c960540 rank 1 nranks 8 cudaDev 0 busId b0000 - Destroy COMPLETE
c8:56349:56349 [0] NCCL INFO comm 0x61458ff00070 rank 7 nranks 8 cudaDev 0 busId 1d9000 - Destroy COMPLETE
c4:54561:54561 [0] NCCL INFO comm 0x652aca6011d0 rank 3 nranks 8 cudaDev 0 busId 1b0000 - Destroy COMPLETE

c8:56349:56349 [0] NCCL INFO ENV/Plugin: Closing env plugin ncclEnvDefault
c7:56580:56580 [0] NCCL INFO ENV/Plugin: Closing env plugin ncclEnvDefault
c5:57880:57880 [0] NCCL INFO ENV/Plugin: Closing env plugin ncclEnvDefault
c1:68612:68612 [0] NCCL INFO ENV/Plugin: Closing env plugin ncclEnvDefault
c6:56755:56755 [0] NCCL INFO ENV/Plugin: Closing env plugin ncclEnvDefault
c2:54954:54954 [0] NCCL INFO ENV/Plugin: Closing env plugin ncclEnvDefault
c4:54561:54561 [0] NCCL INFO ENV/Plugin: Closing env plugin ncclEnvDefault
c3:54849:54849 [0] NCCL INFO ENV/Plugin: Closing env plugin ncclEnvDefault
