# nccl-tests version 2.17.9 nccl-headers=22902 nccl-library=22902
# Collective test starting: all_reduce_perf
# nThread 1 nGpus 1 minBytes 8192 maxBytes 1073741824 step: 2(factor) warmup iters: 1 iters: 20 agg iters: 1 validation: 1 graph: 0
#
# Using devices
#  Rank  0 Group  0 Pid  68428 on         c1 device  0 [0000:d8:00] NVIDIA RTX PRO 6000 Blackwell Server Edition
#  Rank  1 Group  0 Pid  54921 on         c2 device  0 [0000:b0:00] NVIDIA RTX PRO 6000 Blackwell Server Edition
#  Rank  2 Group  0 Pid  54816 on         c3 device  0 [0001:d8:00] NVIDIA RTX PRO 6000 Blackwell Server Edition
#  Rank  3 Group  0 Pid  54528 on         c4 device  0 [0001:b0:00] NVIDIA RTX PRO 6000 Blackwell Server Edition
#  Rank  4 Group  0 Pid  57846 on         c5 device  0 [0000:b2:00] NVIDIA RTX PRO 6000 Blackwell Server Edition
#  Rank  5 Group  0 Pid  56722 on         c6 device  0 [0000:d9:00] NVIDIA RTX PRO 6000 Blackwell Server Edition
#  Rank  6 Group  0 Pid  56547 on         c7 device  0 [0001:b2:00] NVIDIA RTX PRO 6000 Blackwell Server Edition
#  Rank  7 Group  0 Pid  56316 on         c8 device  0 [0001:d9:00] NVIDIA RTX PRO 6000 Blackwell Server Edition
c1:68428:68428 [0] NCCL INFO ENV/Plugin: Could not find: libnccl-env.so
c1:68428:68428 [0] NCCL INFO NCCL_SOCKET_IFNAME set to ns1pf0
c1:68428:68428 [0] NCCL INFO cudaDriverVersion 13000
c3:54816:54816 [0] NCCL INFO ENV/Plugin: Could not find: libnccl-env.so
c3:54816:54816 [0] NCCL INFO cudaDriverVersion 13000
c4:54528:54528 [0] NCCL INFO ENV/Plugin: Could not find: libnccl-env.so
c4:54528:54528 [0] NCCL INFO cudaDriverVersion 13000
c8:56316:56316 [0] NCCL INFO ENV/Plugin: Could not find: libnccl-env.so
c8:56316:56316 [0] NCCL INFO cudaDriverVersion 13000
c7:56547:56547 [0] NCCL INFO ENV/Plugin: Could not find: libnccl-env.so
c7:56547:56547 [0] NCCL INFO cudaDriverVersion 13000
c5:57846:57846 [0] NCCL INFO ENV/Plugin: Could not find: libnccl-env.so
c5:57846:57846 [0] NCCL INFO cudaDriverVersion 13000
c6:56722:56722 [0] NCCL INFO ENV/Plugin: Could not find: libnccl-env.so
c6:56722:56722 [0] NCCL INFO cudaDriverVersion 13000
c2:54921:54921 [0] NCCL INFO ENV/Plugin: Could not find: libnccl-env.so
c2:54921:54921 [0] NCCL INFO cudaDriverVersion 13000
c1:68428:68428 [0] NCCL INFO NCCL version 2.29.2+cuda13.1
c1:68428:68428 [0] NCCL INFO NCCL git version master 3266b26
c3:54816:54816 [0] NCCL INFO NCCL_SOCKET_IFNAME set to ns3pf0
c4:54528:54528 [0] NCCL INFO NCCL_SOCKET_IFNAME set to ns4pf0
c2:54921:54921 [0] NCCL INFO NCCL_SOCKET_IFNAME set to ns2pf0
c2:54921:54921 [0] NCCL INFO NCCL version 2.29.2+cuda13.1
c2:54921:54921 [0] NCCL INFO NCCL git version master 3266b26
c4:54528:54528 [0] NCCL INFO NCCL version 2.29.2+cuda13.1
c4:54528:54528 [0] NCCL INFO NCCL git version master 3266b26
c3:54816:54816 [0] NCCL INFO NCCL version 2.29.2+cuda13.1
c3:54816:54816 [0] NCCL INFO NCCL git version master 3266b26
c5:57846:57846 [0] NCCL INFO NCCL_SOCKET_IFNAME set to ns5pf0
c8:56316:56316 [0] NCCL INFO NCCL_SOCKET_IFNAME set to ns8pf0
c7:56547:56547 [0] NCCL INFO NCCL_SOCKET_IFNAME set to ns7pf0
c6:56722:56722 [0] NCCL INFO NCCL_SOCKET_IFNAME set to ns6pf0
c5:57846:57846 [0] NCCL INFO NCCL version 2.29.2+cuda13.1
c5:57846:57846 [0] NCCL INFO NCCL git version master 3266b26
c7:56547:56547 [0] NCCL INFO NCCL version 2.29.2+cuda13.1
c7:56547:56547 [0] NCCL INFO NCCL git version master 3266b26
c6:56722:56722 [0] NCCL INFO NCCL version 2.29.2+cuda13.1
c6:56722:56722 [0] NCCL INFO NCCL git version master 3266b26
c8:56316:56316 [0] NCCL INFO NCCL version 2.29.2+cuda13.1
c8:56316:56316 [0] NCCL INFO NCCL git version master 3266b26
c1:68428:68428 [0] NCCL INFO NET/Plugin: Could not find: libnccl-net.so
c2:54921:54921 [0] NCCL INFO NET/Plugin: Could not find: libnccl-net.so
c2:54921:54921 [0] NCCL INFO NCCL_IB_HCA set to mlx5_0
c1:68428:68428 [0] NCCL INFO NCCL_IB_HCA set to mlx5_2
c4:54528:54528 [0] NCCL INFO NET/Plugin: Could not find: libnccl-net.so
c4:54528:54528 [0] NCCL INFO NCCL_IB_HCA set to mlx5_4
c1:68428:68428 [0] NCCL INFO NET/IB: [0] mlx5_2:uverbs2:1/RoCE provider=Mlx5 speed=200000 context=0x5d9ece17ae60 pciPath=/sys/devices/pci0000:d3/0000:d3:02.0/0000:d4:00.0/0000:d5:00.0/0000:d6:00.0 ar=0
c1:68428:68428 [0] NCCL INFO NET/IB : Made virtual device [0] name=mlx5_2 speed=200000 ndevs=1
c2:54921:54921 [0] NCCL INFO NET/IB: [0] mlx5_0:uverbs0:1/RoCE provider=Mlx5 speed=200000 context=0x596dab587e80 pciPath=/sys/devices/pci0000:ab/0000:ab:02.0/0000:ac:00.0/0000:ad:00.0/0000:ae:00.0 ar=0
c2:54921:54921 [0] NCCL INFO NET/IB : Made virtual device [0] name=mlx5_0 speed=200000 ndevs=1
c4:54528:54528 [0] NCCL INFO NET/IB: [0] mlx5_4:uverbs4:1/RoCE provider=Mlx5 speed=200000 context=0x62de77fac5f0 pciPath=/sys/devices/pci0001:ab/0001:ab:02.0/0001:ac:00.0/0001:ad:00.0/0001:ae:00.0 ar=0
c4:54528:54528 [0] NCCL INFO NET/IB : Made virtual device [0] name=mlx5_4 speed=200000 ndevs=1
c1:68428:68428 [0] NCCL INFO NET/IB : Using [0]mlx5_2:1/RoCE [RO]; OOB ns1pf0:10.0.1.1<0>
c1:68428:68428 [0] NCCL INFO Initialized NET plugin IB
c1:68428:68428 [0] NCCL INFO Assigned NET plugin IB to comm
c1:68428:68428 [0] NCCL INFO Assigned RMA plugin GIN_IB_PROXY to comm
c1:68428:68428 [0] NCCL INFO Using network IB
c2:54921:54921 [0] NCCL INFO NET/IB : Using [0]mlx5_0:1/RoCE [RO]; OOB ns2pf0:10.0.1.2<0>
c2:54921:54921 [0] NCCL INFO Initialized NET plugin IB
c2:54921:54921 [0] NCCL INFO Assigned NET plugin IB to comm
c2:54921:54921 [0] NCCL INFO Assigned RMA plugin GIN_IB_PROXY to comm
c2:54921:54921 [0] NCCL INFO Using network IB
c3:54816:54816 [0] NCCL INFO NET/Plugin: Could not find: libnccl-net.so
c3:54816:54816 [0] NCCL INFO NCCL_IB_HCA set to mlx5_6
c4:54528:54528 [0] NCCL INFO NET/IB : Using [0]mlx5_4:1/RoCE [RO]; OOB ns4pf0:10.0.1.4<0>
c4:54528:54528 [0] NCCL INFO Initialized NET plugin IB
c4:54528:54528 [0] NCCL INFO Assigned NET plugin IB to comm
c4:54528:54528 [0] NCCL INFO Assigned RMA plugin GIN_IB_PROXY to comm
c4:54528:54528 [0] NCCL INFO Using network IB
c3:54816:54816 [0] NCCL INFO NET/IB: [0] mlx5_6:uverbs6:1/RoCE provider=Mlx5 speed=200000 context=0x5a416c4f2c20 pciPath=/sys/devices/pci0001:d3/0001:d3:02.0/0001:d4:00.0/0001:d5:00.0/0001:d6:00.0 ar=0
c3:54816:54816 [0] NCCL INFO NET/IB : Made virtual device [0] name=mlx5_6 speed=200000 ndevs=1
c3:54816:54816 [0] NCCL INFO NET/IB : Using [0]mlx5_6:1/RoCE [RO]; OOB ns3pf0:10.0.1.3<0>
c3:54816:54816 [0] NCCL INFO Initialized NET plugin IB
c3:54816:54816 [0] NCCL INFO Assigned NET plugin IB to comm
c3:54816:54816 [0] NCCL INFO Assigned RMA plugin GIN_IB_PROXY to comm
c3:54816:54816 [0] NCCL INFO Using network IB
c2:54921:54921 [0] NCCL INFO DMA-BUF is available on GPU device 0
c2:54921:54921 [0] NCCL INFO [Rank 1] ncclCommInitRankConfig comm 0x596da4f547f0 rank 1 nranks 8 cudaDev 0 nvmlDev 0 busId b0000 commId 0xaa10455eee4bf71a - Init START
c1:68428:68428 [0] NCCL INFO DMA-BUF is available on GPU device 0
c1:68428:68428 [0] NCCL INFO [Rank 0] ncclCommInitRankConfig comm 0x5d9ec7b54800 rank 0 nranks 8 cudaDev 0 nvmlDev 0 busId d8000 commId 0xaa10455eee4bf71a - Init START
c4:54528:54528 [0] NCCL INFO DMA-BUF is available on GPU device 0
c4:54528:54528 [0] NCCL INFO [Rank 3] ncclCommInitRankConfig comm 0x62de719790c0 rank 3 nranks 8 cudaDev 0 nvmlDev 0 busId 1b0000 commId 0xaa10455eee4bf71a - Init START
c3:54816:54816 [0] NCCL INFO DMA-BUF is available on GPU device 0
c3:54816:54816 [0] NCCL INFO [Rank 2] ncclCommInitRankConfig comm 0x5a4165ebbe40 rank 2 nranks 8 cudaDev 0 nvmlDev 0 busId 1d8000 commId 0xaa10455eee4bf71a - Init START
c3:54816:54816 [0] NCCL INFO RAS client listening socket at ::1<28028>
c2:54921:54921 [0] NCCL INFO RAS client listening socket at ::1<28028>
c5:57846:57846 [0] NCCL INFO NET/Plugin: Could not find: libnccl-net.so
c8:56316:56316 [0] NCCL INFO NET/Plugin: Could not find: libnccl-net.so
c8:56316:56316 [0] NCCL INFO NCCL_IB_HCA set to mlx5_6
c5:57846:57846 [0] NCCL INFO NCCL_IB_HCA set to mlx5_0
c6:56722:56722 [0] NCCL INFO NET/Plugin: Could not find: libnccl-net.so
c7:56547:56547 [0] NCCL INFO NET/Plugin: Could not find: libnccl-net.so
c7:56547:56547 [0] NCCL INFO NCCL_IB_HCA set to mlx5_4
c6:56722:56722 [0] NCCL INFO NCCL_IB_HCA set to mlx5_2
c8:56316:56316 [0] NCCL INFO NET/IB: [0] mlx5_6:uverbs6:1/RoCE provider=Mlx5 speed=200000 context=0x569242cf0800 pciPath=/sys/devices/pci0001:d4/0001:d4:02.0/0001:d5:00.0/0001:d6:00.0/0001:d7:00.0 ar=0
c8:56316:56316 [0] NCCL INFO NET/IB : Made virtual device [0] name=mlx5_6 speed=200000 ndevs=1
c5:57846:57846 [0] NCCL INFO NET/IB: [0] mlx5_0:uverbs0:1/RoCE provider=Mlx5 speed=200000 context=0x635c71ea58c0 pciPath=/sys/devices/pci0000:ad/0000:ad:02.0/0000:ae:00.0/0000:af:00.0/0000:b0:00.0 ar=0
c5:57846:57846 [0] NCCL INFO NET/IB : Made virtual device [0] name=mlx5_0 speed=200000 ndevs=1
c6:56722:56722 [0] NCCL INFO NET/IB: [0] mlx5_2:uverbs2:1/RoCE provider=Mlx5 speed=200000 context=0x57b562a636b0 pciPath=/sys/devices/pci0000:d4/0000:d4:02.0/0000:d5:00.0/0000:d6:00.0/0000:d7:00.0 ar=0
c6:56722:56722 [0] NCCL INFO NET/IB : Made virtual device [0] name=mlx5_2 speed=200000 ndevs=1
c7:56547:56547 [0] NCCL INFO NET/IB: [0] mlx5_4:uverbs4:1/RoCE provider=Mlx5 speed=200000 context=0x63918b4c1550 pciPath=/sys/devices/pci0001:ad/0001:ad:02.0/0001:ae:00.0/0001:af:00.0/0001:b0:00.0 ar=0
c7:56547:56547 [0] NCCL INFO NET/IB : Made virtual device [0] name=mlx5_4 speed=200000 ndevs=1
c5:57846:57846 [0] NCCL INFO NET/IB : Using [0]mlx5_0:1/RoCE [RO]; OOB ns5pf0:10.0.2.5<0>
c5:57846:57846 [0] NCCL INFO Initialized NET plugin IB
c5:57846:57846 [0] NCCL INFO Assigned NET plugin IB to comm
c5:57846:57846 [0] NCCL INFO Assigned RMA plugin GIN_IB_PROXY to comm
c5:57846:57846 [0] NCCL INFO Using network IB
c8:56316:56316 [0] NCCL INFO NET/IB : Using [0]mlx5_6:1/RoCE [RO]; OOB ns8pf0:10.0.2.8<0>
c8:56316:56316 [0] NCCL INFO Initialized NET plugin IB
c8:56316:56316 [0] NCCL INFO Assigned NET plugin IB to comm
c8:56316:56316 [0] NCCL INFO Assigned RMA plugin GIN_IB_PROXY to comm
c8:56316:56316 [0] NCCL INFO Using network IB
c7:56547:56547 [0] NCCL INFO NET/IB : Using [0]mlx5_4:1/RoCE [RO]; OOB ns7pf0:10.0.2.7<0>
c7:56547:56547 [0] NCCL INFO Initialized NET plugin IB
c7:56547:56547 [0] NCCL INFO Assigned NET plugin IB to comm
c7:56547:56547 [0] NCCL INFO Assigned RMA plugin GIN_IB_PROXY to comm
c7:56547:56547 [0] NCCL INFO Using network IB
c6:56722:56722 [0] NCCL INFO NET/IB : Using [0]mlx5_2:1/RoCE [RO]; OOB ns6pf0:10.0.2.6<0>
c6:56722:56722 [0] NCCL INFO Initialized NET plugin IB
c6:56722:56722 [0] NCCL INFO Assigned NET plugin IB to comm
c6:56722:56722 [0] NCCL INFO Assigned RMA plugin GIN_IB_PROXY to comm
c6:56722:56722 [0] NCCL INFO Using network IB
c5:57846:57846 [0] NCCL INFO DMA-BUF is available on GPU device 0
c5:57846:57846 [0] NCCL INFO [Rank 4] ncclCommInitRankConfig comm 0x635c6b86e640 rank 4 nranks 8 cudaDev 0 nvmlDev 0 busId b2000 commId 0xaa10455eee4bf71a - Init START
c8:56316:56316 [0] NCCL INFO DMA-BUF is available on GPU device 0
c8:56316:56316 [0] NCCL INFO [Rank 7] ncclCommInitRankConfig comm 0x56923c6b9e80 rank 7 nranks 8 cudaDev 0 nvmlDev 0 busId 1d9000 commId 0xaa10455eee4bf71a - Init START
c4:54528:54528 [0] NCCL INFO RAS client listening socket at ::1<28028>
c1:68428:68428 [0] NCCL INFO RAS client listening socket at ::1<28028>
c7:56547:56547 [0] NCCL INFO DMA-BUF is available on GPU device 0
c7:56547:56547 [0] NCCL INFO [Rank 6] ncclCommInitRankConfig comm 0x639184e8dd90 rank 6 nranks 8 cudaDev 0 nvmlDev 0 busId 1b2000 commId 0xaa10455eee4bf71a - Init START
c6:56722:56722 [0] NCCL INFO DMA-BUF is available on GPU device 0
c6:56722:56722 [0] NCCL INFO [Rank 5] ncclCommInitRankConfig comm 0x57b55c4302f0 rank 5 nranks 8 cudaDev 0 nvmlDev 0 busId d9000 commId 0xaa10455eee4bf71a - Init START
c8:56316:56316 [0] NCCL INFO RAS client listening socket at ::1<28028>
c5:57846:57846 [0] NCCL INFO RAS client listening socket at ::1<28028>
c6:56722:56722 [0] NCCL INFO RAS client listening socket at ::1<28028>
c7:56547:56547 [0] NCCL INFO RAS client listening socket at ::1<28028>
c1:68428:68428 [0] NCCL INFO NCCL_P2P_DISABLE set by environment to 1
c8:56316:56316 [0] NCCL INFO NCCL_P2P_DISABLE set by environment to 1
c6:56722:56722 [0] NCCL INFO NCCL_P2P_DISABLE set by environment to 1
c7:56547:56547 [0] NCCL INFO NCCL_P2P_DISABLE set by environment to 1
c2:54921:54921 [0] NCCL INFO NCCL_P2P_DISABLE set by environment to 1
c4:54528:54528 [0] NCCL INFO NCCL_P2P_DISABLE set by environment to 1
c3:54816:54816 [0] NCCL INFO NCCL_P2P_DISABLE set by environment to 1
c5:57846:57846 [0] NCCL INFO NCCL_P2P_DISABLE set by environment to 1
c1:68428:68428 [0] NCCL INFO TOPO/NET : Importing network plugins to topology
c1:68428:68428 [0] NCCL INFO NET/IB : GPU Direct RDMA Enabled for HCA 0 'mlx5_2'
c1:68428:68428 [0] NCCL INFO ncclTopoPopulateNics : Filled mlx5_2 in topo with pciPath=/sys/devices/pci0000:d3/0000:d3:02.0/0000:d4:00.0/0000:d5:00.0/0000:d6:00.0 keep=1 coll=(null)
c2:54921:54921 [0] NCCL INFO TOPO/NET : Importing network plugins to topology
c2:54921:54921 [0] NCCL INFO NET/IB : GPU Direct RDMA Enabled for HCA 0 'mlx5_0'
c2:54921:54921 [0] NCCL INFO ncclTopoPopulateNics : Filled mlx5_0 in topo with pciPath=/sys/devices/pci0000:ab/0000:ab:02.0/0000:ac:00.0/0000:ad:00.0/0000:ae:00.0 keep=1 coll=(null)
c3:54816:54816 [0] NCCL INFO TOPO/NET : Importing network plugins to topology
c3:54816:54816 [0] NCCL INFO NET/IB : GPU Direct RDMA Enabled for HCA 0 'mlx5_6'
c3:54816:54816 [0] NCCL INFO ncclTopoPopulateNics : Filled mlx5_6 in topo with pciPath=/sys/devices/pci0001:d3/0001:d3:02.0/0001:d4:00.0/0001:d5:00.0/0001:d6:00.0 keep=1 coll=(null)
c8:56316:56316 [0] NCCL INFO TOPO/NET : Importing network plugins to topology
c8:56316:56316 [0] NCCL INFO NET/IB : GPU Direct RDMA Enabled for HCA 0 'mlx5_6'
c8:56316:56316 [0] NCCL INFO ncclTopoPopulateNics : Filled mlx5_6 in topo with pciPath=/sys/devices/pci0001:d4/0001:d4:02.0/0001:d5:00.0/0001:d6:00.0/0001:d7:00.0 keep=1 coll=(null)
c4:54528:54528 [0] NCCL INFO TOPO/NET : Importing network plugins to topology
c4:54528:54528 [0] NCCL INFO NET/IB : GPU Direct RDMA Enabled for HCA 0 'mlx5_4'
c4:54528:54528 [0] NCCL INFO ncclTopoPopulateNics : Filled mlx5_4 in topo with pciPath=/sys/devices/pci0001:ab/0001:ab:02.0/0001:ac:00.0/0001:ad:00.0/0001:ae:00.0 keep=1 coll=(null)
c7:56547:56547 [0] NCCL INFO TOPO/NET : Importing network plugins to topology
c7:56547:56547 [0] NCCL INFO NET/IB : GPU Direct RDMA Enabled for HCA 0 'mlx5_4'
c7:56547:56547 [0] NCCL INFO ncclTopoPopulateNics : Filled mlx5_4 in topo with pciPath=/sys/devices/pci0001:ad/0001:ad:02.0/0001:ae:00.0/0001:af:00.0/0001:b0:00.0 keep=1 coll=(null)
c6:56722:56722 [0] NCCL INFO TOPO/NET : Importing network plugins to topology
c6:56722:56722 [0] NCCL INFO NET/IB : GPU Direct RDMA Enabled for HCA 0 'mlx5_2'
c6:56722:56722 [0] NCCL INFO ncclTopoPopulateNics : Filled mlx5_2 in topo with pciPath=/sys/devices/pci0000:d4/0000:d4:02.0/0000:d5:00.0/0000:d6:00.0/0000:d7:00.0 keep=1 coll=(null)
c5:57846:57846 [0] NCCL INFO TOPO/NET : Importing network plugins to topology
c5:57846:57846 [0] NCCL INFO NET/IB : GPU Direct RDMA Enabled for HCA 0 'mlx5_0'
c5:57846:57846 [0] NCCL INFO ncclTopoPopulateNics : Filled mlx5_0 in topo with pciPath=/sys/devices/pci0000:ad/0000:ad:02.0/0000:ae:00.0/0000:af:00.0/0000:b0:00.0 keep=1 coll=(null)
c1:68428:68428 [0] NCCL INFO NCCL_NET_GDR_LEVEL set by environment to SYS
c1:68428:68428 [0] NCCL INFO GPU Direct RDMA Enabled for GPU/0-884736 (rank 0) - NET/0-0 (distance 4 <= 9, read 0, mode Default)
c1:68428:68428 [0] NCCL INFO GPU Direct RDMA Enabled for GPU/0-884736 (rank 0) - NET/0-0 (distance 4 <= 9, read 0, mode Default)
c1:68428:68428 [0] NCCL INFO === System : maxBw 25.0 totalBw 48.0 ===
c1:68428:68428 [0] NCCL INFO CPU/0-0 (1/1/3)
c1:68428:68428 [0] NCCL INFO + PCI[48.0] - PCI/0-d4000 (1000c0301000100b)
c1:68428:68428 [0] NCCL INFO               + PCI[48.0] - NIC/0-d6000
c1:68428:68428 [0] NCCL INFO                             + NET[25.0] - NET/0-0 (0/e837e0003499ee8/1/25.000000)
c1:68428:68428 [0] NCCL INFO               + PCI[48.0] - GPU/0-d8000 (0)
c1:68428:68428 [0] NCCL INFO ==========================================
c1:68428:68428 [0] NCCL INFO GPU/0-d8000 :GPU/0-d8000 (0/5000.0/LOC) CPU/0-0 (2/48.0/PHB) NET/0-0 (3/25.0/PIX) 
c1:68428:68428 [0] NCCL INFO NET/0-0 :GPU/0-d8000 (3/25.0/PIX) CPU/0-0 (3/25.0/PHB) NET/0-0 (0/5000.0/LOC) 
c1:68428:68428 [0] NCCL INFO ncclTopoGetCpuAffinity: Affinity for GPU 0 is 1. (GPU affinity = 0-31,64-95 ; CPU affinity = 1).
c1:68428:68428 [0] NCCL INFO Pattern 4, crossNic 0, nChannels 1, bw 24.000000/24.000000, type LOC/PIX, sameChannels 1
c1:68428:68428 [0] NCCL INFO  0 : NET/0-0 GPU/0-d8000 NET/0-0
c1:68428:68428 [0] NCCL INFO Pattern 3, crossNic 0, nChannels 1, bw 48.000000/24.000000, type LOC/PIX, sameChannels 1
c1:68428:68428 [0] NCCL INFO  0 : NET/0-0 GPU/0-d8000 NET/0-0
c2:54921:54921 [0] NCCL INFO NCCL_NET_GDR_LEVEL set by environment to SYS
c2:54921:54921 [0] NCCL INFO GPU Direct RDMA Enabled for GPU/0-720896 (rank 1) - NET/0-0 (distance 4 <= 9, read 0, mode Default)
c2:54921:54921 [0] NCCL INFO GPU Direct RDMA Enabled for GPU/0-720896 (rank 1) - NET/0-0 (distance 4 <= 9, read 0, mode Default)
c2:54921:54921 [0] NCCL INFO === System : maxBw 25.0 totalBw 48.0 ===
c2:54921:54921 [0] NCCL INFO CPU/0-0 (1/1/3)
c2:54921:54921 [0] NCCL INFO + PCI[48.0] - PCI/0-ac000 (1000c0301000100b)
c2:54921:54921 [0] NCCL INFO               + PCI[48.0] - NIC/0-ae000
c2:54921:54921 [0] NCCL INFO                             + NET[25.0] - NET/0-0 (0/ae837e0003499ee8/1/25.000000)
c2:54921:54921 [0] NCCL INFO               + PCI[48.0] - GPU/0-b0000 (1)
c2:54921:54921 [0] NCCL INFO ==========================================
c2:54921:54921 [0] NCCL INFO GPU/0-b0000 :GPU/0-b0000 (0/5000.0/LOC) CPU/0-0 (2/48.0/PHB) NET/0-0 (3/25.0/PIX) 
c2:54921:54921 [0] NCCL INFO NET/0-0 :GPU/0-b0000 (3/25.0/PIX) CPU/0-0 (3/25.0/PHB) NET/0-0 (0/5000.0/LOC) 
c2:54921:54921 [0] NCCL INFO ncclTopoGetCpuAffinity: Affinity for GPU 0 is 16. (GPU affinity = 0-31,64-95 ; CPU affinity = 16).
c2:54921:54921 [0] NCCL INFO Pattern 4, crossNic 0, nChannels 1, bw 24.000000/24.000000, type LOC/PIX, sameChannels 1
c2:54921:54921 [0] NCCL INFO  0 : NET/0-0 GPU/0-b0000 NET/0-0
c2:54921:54921 [0] NCCL INFO Pattern 3, crossNic 0, nChannels 1, bw 48.000000/24.000000, type LOC/PIX, sameChannels 1
c2:54921:54921 [0] NCCL INFO  0 : NET/0-0 GPU/0-b0000 NET/0-0
c3:54816:54816 [0] NCCL INFO NCCL_NET_GDR_LEVEL set by environment to SYS
c3:54816:54816 [0] NCCL INFO GPU Direct RDMA Enabled for GPU/0-1933312 (rank 2) - NET/0-0 (distance 4 <= 9, read 0, mode Default)
c3:54816:54816 [0] NCCL INFO GPU Direct RDMA Enabled for GPU/0-1933312 (rank 2) - NET/0-0 (distance 4 <= 9, read 0, mode Default)
c3:54816:54816 [0] NCCL INFO === System : maxBw 25.0 totalBw 48.0 ===
c3:54816:54816 [0] NCCL INFO CPU/0-1 (1/1/3)
c3:54816:54816 [0] NCCL INFO + PCI[48.0] - PCI/0-1d4000 (1000c0301000100b)
c3:54816:54816 [0] NCCL INFO               + PCI[48.0] - NIC/0-1d6000
c3:54816:54816 [0] NCCL INFO                             + NET[25.0] - NET/0-0 (0/7819590003499ee8/1/25.000000)
c3:54816:54816 [0] NCCL INFO               + PCI[48.0] - GPU/0-1d8000 (2)
c3:54816:54816 [0] NCCL INFO ==========================================
c3:54816:54816 [0] NCCL INFO GPU/0-1d8000 :GPU/0-1d8000 (0/5000.0/LOC) CPU/0-1 (2/48.0/PHB) NET/0-0 (3/25.0/PIX) 
c3:54816:54816 [0] NCCL INFO NET/0-0 :GPU/0-1d8000 (3/25.0/PIX) CPU/0-1 (3/25.0/PHB) NET/0-0 (0/5000.0/LOC) 
c3:54816:54816 [0] NCCL INFO ncclTopoGetCpuAffinity: Affinity for GPU 0 is 32. (GPU affinity = 32-63,96-127 ; CPU affinity = 32).
c3:54816:54816 [0] NCCL INFO Pattern 4, crossNic 0, nChannels 1, bw 24.000000/24.000000, type LOC/PIX, sameChannels 1
c3:54816:54816 [0] NCCL INFO  0 : NET/0-0 GPU/0-1d8000 NET/0-0
c3:54816:54816 [0] NCCL INFO Pattern 3, crossNic 0, nChannels 1, bw 48.000000/24.000000, type LOC/PIX, sameChannels 1
c3:54816:54816 [0] NCCL INFO  0 : NET/0-0 GPU/0-1d8000 NET/0-0
c4:54528:54528 [0] NCCL INFO NCCL_NET_GDR_LEVEL set by environment to SYS
c4:54528:54528 [0] NCCL INFO GPU Direct RDMA Enabled for GPU/0-1769472 (rank 3) - NET/0-0 (distance 4 <= 9, read 0, mode Default)
c4:54528:54528 [0] NCCL INFO GPU Direct RDMA Enabled for GPU/0-1769472 (rank 3) - NET/0-0 (distance 4 <= 9, read 0, mode Default)
c4:54528:54528 [0] NCCL INFO === System : maxBw 25.0 totalBw 48.0 ===
c4:54528:54528 [0] NCCL INFO CPU/0-1 (1/1/3)
c4:54528:54528 [0] NCCL INFO + PCI[48.0] - PCI/0-1ac000 (1000c0301000100b)
c4:54528:54528 [0] NCCL INFO               + PCI[48.0] - NIC/0-1ae000
c4:54528:54528 [0] NCCL INFO                             + NET[25.0] - NET/0-0 (0/180d590003499ee8/1/25.000000)
c4:54528:54528 [0] NCCL INFO               + PCI[48.0] - GPU/0-1b0000 (3)
c4:54528:54528 [0] NCCL INFO ==========================================
c4:54528:54528 [0] NCCL INFO GPU/0-1b0000 :GPU/0-1b0000 (0/5000.0/LOC) CPU/0-1 (2/48.0/PHB) NET/0-0 (3/25.0/PIX) 
c4:54528:54528 [0] NCCL INFO NET/0-0 :GPU/0-1b0000 (3/25.0/PIX) CPU/0-1 (3/25.0/PHB) NET/0-0 (0/5000.0/LOC) 
c4:54528:54528 [0] NCCL INFO ncclTopoGetCpuAffinity: Affinity for GPU 0 is 48. (GPU affinity = 32-63,96-127 ; CPU affinity = 48).
c4:54528:54528 [0] NCCL INFO Pattern 4, crossNic 0, nChannels 1, bw 24.000000/24.000000, type LOC/PIX, sameChannels 1
c4:54528:54528 [0] NCCL INFO  0 : NET/0-0 GPU/0-1b0000 NET/0-0
c4:54528:54528 [0] NCCL INFO Pattern 3, crossNic 0, nChannels 1, bw 48.000000/24.000000, type LOC/PIX, sameChannels 1
c4:54528:54528 [0] NCCL INFO  0 : NET/0-0 GPU/0-1b0000 NET/0-0
c8:56316:56316 [0] NCCL INFO NCCL_NET_GDR_LEVEL set by environment to SYS
c8:56316:56316 [0] NCCL INFO GPU Direct RDMA Enabled for GPU/0-1937408 (rank 7) - NET/0-0 (distance 4 <= 9, read 0, mode Default)
c8:56316:56316 [0] NCCL INFO GPU Direct RDMA Enabled for GPU/0-1937408 (rank 7) - NET/0-0 (distance 4 <= 9, read 0, mode Default)
c8:56316:56316 [0] NCCL INFO === System : maxBw 25.0 totalBw 48.0 ===
c8:56316:56316 [0] NCCL INFO CPU/0-1 (1/1/3)
c8:56316:56316 [0] NCCL INFO + PCI[48.0] - PCI/0-1d5000 (1000c0301000100b)
c8:56316:56316 [0] NCCL INFO               + PCI[48.0] - NIC/0-1d7000
c8:56316:56316 [0] NCCL INFO                             + NET[25.0] - NET/0-0 (0/580d590003499ee8/1/25.000000)
c8:56316:56316 [0] NCCL INFO               + PCI[48.0] - GPU/0-1d9000 (7)
c8:56316:56316 [0] NCCL INFO ==========================================
c8:56316:56316 [0] NCCL INFO GPU/0-1d9000 :GPU/0-1d9000 (0/5000.0/LOC) CPU/0-1 (2/48.0/PHB) NET/0-0 (3/25.0/PIX) 
c8:56316:56316 [0] NCCL INFO NET/0-0 :GPU/0-1d9000 (3/25.0/PIX) CPU/0-1 (3/25.0/PHB) NET/0-0 (0/5000.0/LOC) 
c8:56316:56316 [0] NCCL INFO ncclTopoGetCpuAffinity: Affinity for GPU 0 is 96. (GPU affinity = 64-127,192-255 ; CPU affinity = 96).
c8:56316:56316 [0] NCCL INFO Pattern 4, crossNic 0, nChannels 1, bw 24.000000/24.000000, type LOC/PIX, sameChannels 1
c8:56316:56316 [0] NCCL INFO  0 : NET/0-0 GPU/0-1d9000 NET/0-0
c8:56316:56316 [0] NCCL INFO Pattern 3, crossNic 0, nChannels 1, bw 48.000000/24.000000, type LOC/PIX, sameChannels 1
c8:56316:56316 [0] NCCL INFO  0 : NET/0-0 GPU/0-1d9000 NET/0-0
c7:56547:56547 [0] NCCL INFO NCCL_NET_GDR_LEVEL set by environment to SYS
c7:56547:56547 [0] NCCL INFO GPU Direct RDMA Enabled for GPU/0-1777664 (rank 6) - NET/0-0 (distance 4 <= 9, read 0, mode Default)
c7:56547:56547 [0] NCCL INFO GPU Direct RDMA Enabled for GPU/0-1777664 (rank 6) - NET/0-0 (distance 4 <= 9, read 0, mode Default)
c7:56547:56547 [0] NCCL INFO === System : maxBw 25.0 totalBw 48.0 ===
c7:56547:56547 [0] NCCL INFO CPU/0-1 (1/1/3)
c7:56547:56547 [0] NCCL INFO + PCI[48.0] - PCI/0-1ae000 (1000c0301000100b)
c7:56547:56547 [0] NCCL INFO               + PCI[48.0] - NIC/0-1b0000
c7:56547:56547 [0] NCCL INFO                             + NET[25.0] - NET/0-0 (0/380d590003499ee8/1/25.000000)
c7:56547:56547 [0] NCCL INFO               + PCI[48.0] - GPU/0-1b2000 (6)
c7:56547:56547 [0] NCCL INFO ==========================================
c7:56547:56547 [0] NCCL INFO GPU/0-1b2000 :GPU/0-1b2000 (0/5000.0/LOC) CPU/0-1 (2/48.0/PHB) NET/0-0 (3/25.0/PIX) 
c7:56547:56547 [0] NCCL INFO NET/0-0 :GPU/0-1b2000 (3/25.0/PIX) CPU/0-1 (3/25.0/PHB) NET/0-0 (0/5000.0/LOC) 
c7:56547:56547 [0] NCCL INFO ncclTopoGetCpuAffinity: Affinity for GPU 0 is 64. (GPU affinity = 64-127,192-255 ; CPU affinity = 64).
c7:56547:56547 [0] NCCL INFO Pattern 4, crossNic 0, nChannels 1, bw 24.000000/24.000000, type LOC/PIX, sameChannels 1
c7:56547:56547 [0] NCCL INFO  0 : NET/0-0 GPU/0-1b2000 NET/0-0
c7:56547:56547 [0] NCCL INFO Pattern 3, crossNic 0, nChannels 1, bw 48.000000/24.000000, type LOC/PIX, sameChannels 1
c7:56547:56547 [0] NCCL INFO  0 : NET/0-0 GPU/0-1b2000 NET/0-0
c6:56722:56722 [0] NCCL INFO NCCL_NET_GDR_LEVEL set by environment to SYS
c6:56722:56722 [0] NCCL INFO GPU Direct RDMA Enabled for GPU/0-888832 (rank 5) - NET/0-0 (distance 4 <= 9, read 0, mode Default)
c6:56722:56722 [0] NCCL INFO GPU Direct RDMA Enabled for GPU/0-888832 (rank 5) - NET/0-0 (distance 4 <= 9, read 0, mode Default)
c6:56722:56722 [0] NCCL INFO === System : maxBw 25.0 totalBw 48.0 ===
c6:56722:56722 [0] NCCL INFO CPU/0-0 (1/1/3)
c6:56722:56722 [0] NCCL INFO + PCI[48.0] - PCI/0-d5000 (1000c0301000100b)
c6:56722:56722 [0] NCCL INFO               + PCI[48.0] - NIC/0-d7000
c6:56722:56722 [0] NCCL INFO                             + NET[25.0] - NET/0-0 (0/4e837e0003499ee8/1/25.000000)
c6:56722:56722 [0] NCCL INFO               + PCI[48.0] - GPU/0-d9000 (5)
c6:56722:56722 [0] NCCL INFO ==========================================
c6:56722:56722 [0] NCCL INFO GPU/0-d9000 :GPU/0-d9000 (0/5000.0/LOC) CPU/0-0 (2/48.0/PHB) NET/0-0 (3/25.0/PIX) 
c6:56722:56722 [0] NCCL INFO NET/0-0 :GPU/0-d9000 (3/25.0/PIX) CPU/0-0 (3/25.0/PHB) NET/0-0 (0/5000.0/LOC) 
c6:56722:56722 [0] NCCL INFO ncclTopoGetCpuAffinity: Affinity for GPU 0 is 32. (GPU affinity = 0-63,128-191 ; CPU affinity = 32).
c6:56722:56722 [0] NCCL INFO Pattern 4, crossNic 0, nChannels 1, bw 24.000000/24.000000, type LOC/PIX, sameChannels 1
c6:56722:56722 [0] NCCL INFO  0 : NET/0-0 GPU/0-d9000 NET/0-0
c6:56722:56722 [0] NCCL INFO Pattern 3, crossNic 0, nChannels 1, bw 48.000000/24.000000, type LOC/PIX, sameChannels 1
c6:56722:56722 [0] NCCL INFO  0 : NET/0-0 GPU/0-d9000 NET/0-0
c5:57846:57846 [0] NCCL INFO NCCL_NET_GDR_LEVEL set by environment to SYS
c5:57846:57846 [0] NCCL INFO GPU Direct RDMA Enabled for GPU/0-729088 (rank 4) - NET/0-0 (distance 4 <= 9, read 0, mode Default)
c5:57846:57846 [0] NCCL INFO GPU Direct RDMA Enabled for GPU/0-729088 (rank 4) - NET/0-0 (distance 4 <= 9, read 0, mode Default)
c5:57846:57846 [0] NCCL INFO === System : maxBw 25.0 totalBw 48.0 ===
c5:57846:57846 [0] NCCL INFO CPU/0-0 (1/1/3)
c5:57846:57846 [0] NCCL INFO + PCI[48.0] - PCI/0-ae000 (1000c0301000100b)
c5:57846:57846 [0] NCCL INFO               + PCI[48.0] - NIC/0-b0000
c5:57846:57846 [0] NCCL INFO                             + NET[25.0] - NET/0-0 (0/6e837e0003499ee8/1/25.000000)
c5:57846:57846 [0] NCCL INFO               + PCI[48.0] - GPU/0-b2000 (4)
c5:57846:57846 [0] NCCL INFO ==========================================
c5:57846:57846 [0] NCCL INFO GPU/0-b2000 :GPU/0-b2000 (0/5000.0/LOC) CPU/0-0 (2/48.0/PHB) NET/0-0 (3/25.0/PIX) 
c5:57846:57846 [0] NCCL INFO NET/0-0 :GPU/0-b2000 (3/25.0/PIX) CPU/0-0 (3/25.0/PHB) NET/0-0 (0/5000.0/LOC) 
c5:57846:57846 [0] NCCL INFO ncclTopoGetCpuAffinity: Affinity for GPU 0 is 1. (GPU affinity = 0-63,128-191 ; CPU affinity = 1).
c5:57846:57846 [0] NCCL INFO Pattern 4, crossNic 0, nChannels 1, bw 24.000000/24.000000, type LOC/PIX, sameChannels 1
c5:57846:57846 [0] NCCL INFO  0 : NET/0-0 GPU/0-b2000 NET/0-0
c5:57846:57846 [0] NCCL INFO Pattern 3, crossNic 0, nChannels 1, bw 48.000000/24.000000, type LOC/PIX, sameChannels 1
c5:57846:57846 [0] NCCL INFO  0 : NET/0-0 GPU/0-b2000 NET/0-0
c1:68428:68428 [0] NCCL INFO comm 0x5d9ec7b54800 rank 0 nRanks 8 nNodes 8 localRanks 1 localRank 0 MNNVL 0
c1:68428:68428 [0] NCCL INFO Tree 0 : -1 -> 0 -> 4/-1/-1
c1:68428:68428 [0] NCCL INFO Tree 1 : 1 -> 0 -> -1/-1/-1
c1:68428:68428 [0] NCCL INFO Channel 00/02 : 0 1 2 3 4 5 6 7
c1:68428:68428 [0] NCCL INFO Channel 01/02 : 0 1 2 3 4 5 6 7
c1:68428:68428 [0] NCCL INFO Ring 00 : 7 -> 0 -> 1
c1:68428:68428 [0] NCCL INFO Ring 01 : 7 -> 0 -> 1
c1:68428:68428 [0] NCCL INFO Trees [0] 4/-1/-1->0->-1 [1] -1/-1/-1->0->1
c1:68428:68428 [0] NCCL INFO P2P Chunksize set to 131072
c1:68428:68428 [0] NCCL INFO PROFILER/Plugin: Could not find: libnccl-profiler.so
c1:68428:68428 [0] NCCL INFO Check P2P Type isAllDirectP2p 1 directMode 0 isAllCudaP2p 1
c2:54921:54921 [0] NCCL INFO comm 0x596da4f547f0 rank 1 nRanks 8 nNodes 8 localRanks 1 localRank 0 MNNVL 0
c2:54921:54921 [0] NCCL INFO Tree 0 : 2 -> 1 -> -1/-1/-1
c2:54921:54921 [0] NCCL INFO Tree 1 : 3 -> 1 -> 2/0/-1
c2:54921:54921 [0] NCCL INFO Ring 00 : 0 -> 1 -> 2
c2:54921:54921 [0] NCCL INFO Ring 01 : 0 -> 1 -> 2
c2:54921:54921 [0] NCCL INFO Trees [0] -1/-1/-1->1->2 [1] 2/0/-1->1->3
c2:54921:54921 [0] NCCL INFO P2P Chunksize set to 131072
c1:68428:68428 [0] NCCL INFO ncclP2pSchedule: group size used is 1
c2:54921:54921 [0] NCCL INFO PROFILER/Plugin: Could not find: libnccl-profiler.so
c2:54921:54921 [0] NCCL INFO Check P2P Type isAllDirectP2p 1 directMode 0 isAllCudaP2p 1
c2:54921:54921 [0] NCCL INFO ncclP2pSchedule: group size used is 1
c8:56316:56316 [0] NCCL INFO comm 0x56923c6b9e80 rank 7 nRanks 8 nNodes 8 localRanks 1 localRank 0 MNNVL 0
c8:56316:56316 [0] NCCL INFO Tree 0 : 6 -> 7 -> -1/-1/-1
c8:56316:56316 [0] NCCL INFO Tree 1 : -1 -> 7 -> 3/-1/-1
c8:56316:56316 [0] NCCL INFO Ring 00 : 6 -> 7 -> 0
c8:56316:56316 [0] NCCL INFO Ring 01 : 6 -> 7 -> 0
c8:56316:56316 [0] NCCL INFO Trees [0] -1/-1/-1->7->6 [1] 3/-1/-1->7->-1
c8:56316:56316 [0] NCCL INFO P2P Chunksize set to 131072
c6:56722:56722 [0] NCCL INFO comm 0x57b55c4302f0 rank 5 nRanks 8 nNodes 8 localRanks 1 localRank 0 MNNVL 0
c6:56722:56722 [0] NCCL INFO Tree 0 : 6 -> 5 -> -1/-1/-1
c6:56722:56722 [0] NCCL INFO Tree 1 : 3 -> 5 -> 6/4/-1
c6:56722:56722 [0] NCCL INFO Ring 00 : 4 -> 5 -> 6
c6:56722:56722 [0] NCCL INFO Ring 01 : 4 -> 5 -> 6
c6:56722:56722 [0] NCCL INFO Trees [0] -1/-1/-1->5->6 [1] 6/4/-1->5->3
c6:56722:56722 [0] NCCL INFO P2P Chunksize set to 131072
c2:54921:54936 [0] NCCL INFO [Proxy Service] Device 0 CPU core 16
c2:54921:54937 [0] NCCL INFO [Proxy Service UDS] Device 0 CPU core 16
c8:56316:56316 [0] NCCL INFO PROFILER/Plugin: Could not find: libnccl-profiler.so
c8:56316:56316 [0] NCCL INFO Check P2P Type isAllDirectP2p 1 directMode 0 isAllCudaP2p 1
c5:57846:57846 [0] NCCL INFO comm 0x635c6b86e640 rank 4 nRanks 8 nNodes 8 localRanks 1 localRank 0 MNNVL 0
c5:57846:57846 [0] NCCL INFO Tree 0 : 0 -> 4 -> 2/6/-1
c5:57846:57846 [0] NCCL INFO Tree 1 : 5 -> 4 -> -1/-1/-1
c5:57846:57846 [0] NCCL INFO Ring 00 : 3 -> 4 -> 5
c5:57846:57846 [0] NCCL INFO Ring 01 : 3 -> 4 -> 5
c5:57846:57846 [0] NCCL INFO Trees [0] 2/6/-1->4->0 [1] -1/-1/-1->4->5
c5:57846:57846 [0] NCCL INFO P2P Chunksize set to 131072
c8:56316:56316 [0] NCCL INFO ncclP2pSchedule: group size used is 1
c5:57846:57846 [0] NCCL INFO PROFILER/Plugin: Could not find: libnccl-profiler.so
c5:57846:57846 [0] NCCL INFO Check P2P Type isAllDirectP2p 1 directMode 0 isAllCudaP2p 1
c6:56722:56722 [0] NCCL INFO PROFILER/Plugin: Could not find: libnccl-profiler.so
c6:56722:56722 [0] NCCL INFO Check P2P Type isAllDirectP2p 1 directMode 0 isAllCudaP2p 1
c6:56722:56722 [0] NCCL INFO ncclP2pSchedule: group size used is 1
c7:56547:56547 [0] NCCL INFO comm 0x639184e8dd90 rank 6 nRanks 8 nNodes 8 localRanks 1 localRank 0 MNNVL 0
c7:56547:56547 [0] NCCL INFO Tree 0 : 4 -> 6 -> 5/7/-1
c7:56547:56547 [0] NCCL INFO Tree 1 : 5 -> 6 -> -1/-1/-1
c7:56547:56547 [0] NCCL INFO Ring 00 : 5 -> 6 -> 7
c7:56547:56547 [0] NCCL INFO Ring 01 : 5 -> 6 -> 7
c7:56547:56547 [0] NCCL INFO Trees [0] 5/7/-1->6->4 [1] -1/-1/-1->6->5
c7:56547:56547 [0] NCCL INFO P2P Chunksize set to 131072
c3:54816:54816 [0] NCCL INFO comm 0x5a4165ebbe40 rank 2 nRanks 8 nNodes 8 localRanks 1 localRank 0 MNNVL 0
c3:54816:54816 [0] NCCL INFO Tree 0 : 4 -> 2 -> 1/3/-1
c3:54816:54816 [0] NCCL INFO Tree 1 : 1 -> 2 -> -1/-1/-1
c3:54816:54816 [0] NCCL INFO Ring 00 : 1 -> 2 -> 3
c3:54816:54816 [0] NCCL INFO Ring 01 : 1 -> 2 -> 3
c3:54816:54816 [0] NCCL INFO Trees [0] 1/3/-1->2->4 [1] -1/-1/-1->2->1
c3:54816:54816 [0] NCCL INFO P2P Chunksize set to 131072
c3:54816:54816 [0] NCCL INFO PROFILER/Plugin: Could not find: libnccl-profiler.so
c3:54816:54816 [0] NCCL INFO Check P2P Type isAllDirectP2p 1 directMode 0 isAllCudaP2p 1
c1:68428:68467 [0] NCCL INFO [Proxy Service] Device 0 CPU core 1
c1:68428:68468 [0] NCCL INFO [Proxy Service UDS] Device 0 CPU core 1
c3:54816:54816 [0] NCCL INFO ncclP2pSchedule: group size used is 1
c3:54816:54831 [0] NCCL INFO [Proxy Service] Device 0 CPU core 32
c3:54816:54832 [0] NCCL INFO [Proxy Service UDS] Device 0 CPU core 32
c5:57846:57846 [0] NCCL INFO ncclP2pSchedule: group size used is 1
c4:54528:54528 [0] NCCL INFO comm 0x62de719790c0 rank 3 nRanks 8 nNodes 8 localRanks 1 localRank 0 MNNVL 0
c4:54528:54528 [0] NCCL INFO Tree 0 : 2 -> 3 -> -1/-1/-1
c4:54528:54528 [0] NCCL INFO Tree 1 : 7 -> 3 -> 5/1/-1
c4:54528:54528 [0] NCCL INFO Ring 00 : 2 -> 3 -> 4
c4:54528:54528 [0] NCCL INFO Ring 01 : 2 -> 3 -> 4
c4:54528:54528 [0] NCCL INFO Trees [0] -1/-1/-1->3->2 [1] 5/1/-1->3->7
c4:54528:54528 [0] NCCL INFO P2P Chunksize set to 131072
c4:54528:54528 [0] NCCL INFO PROFILER/Plugin: Could not find: libnccl-profiler.so
c4:54528:54528 [0] NCCL INFO Check P2P Type isAllDirectP2p 1 directMode 0 isAllCudaP2p 1
c4:54528:54528 [0] NCCL INFO ncclP2pSchedule: group size used is 1
c8:56316:56331 [0] NCCL INFO [Proxy Service] Device 0 CPU core 96
c8:56316:56332 [0] NCCL INFO [Proxy Service UDS] Device 0 CPU core 96
c7:56547:56547 [0] NCCL INFO PROFILER/Plugin: Could not find: libnccl-profiler.so
c7:56547:56547 [0] NCCL INFO Check P2P Type isAllDirectP2p 1 directMode 0 isAllCudaP2p 1
c7:56547:56547 [0] NCCL INFO ncclP2pSchedule: group size used is 1
c4:54528:54543 [0] NCCL INFO [Proxy Service] Device 0 CPU core 48
c4:54528:54544 [0] NCCL INFO [Proxy Service UDS] Device 0 CPU core 48
c6:56722:56737 [0] NCCL INFO [Proxy Service] Device 0 CPU core 32
c6:56722:56738 [0] NCCL INFO [Proxy Service UDS] Device 0 CPU core 32
c7:56547:56562 [0] NCCL INFO [Proxy Service] Device 0 CPU core 64
c7:56547:56563 [0] NCCL INFO [Proxy Service UDS] Device 0 CPU core 64
c5:57846:57861 [0] NCCL INFO [Proxy Service] Device 0 CPU core 1
c5:57846:57862 [0] NCCL INFO [Proxy Service UDS] Device 0 CPU core 1
c1:68428:68428 [0] NCCL INFO TUNER/Plugin: Could not find: libnccl-tuner.so
c1:68428:68428 [0] NCCL INFO threadThresholds 8/8/64 | 64/8/64 | 512 | 512
c1:68428:68428 [0] NCCL INFO 2 coll channels, 2 collnet channels, 0 nvls channels, 2 p2p channels, 2 p2p channels per peer
c1:68428:68428 [0] NCCL INFO Symmetric memory is not supported. cuMemEnable 1, ginSupport 0, globalNicFused 0
c3:54816:54816 [0] NCCL INFO TUNER/Plugin: Could not find: libnccl-tuner.so
c3:54816:54816 [0] NCCL INFO threadThresholds 8/8/64 | 64/8/64 | 512 | 512
c3:54816:54816 [0] NCCL INFO 2 coll channels, 2 collnet channels, 0 nvls channels, 2 p2p channels, 2 p2p channels per peer
c3:54816:54816 [0] NCCL INFO Symmetric memory is not supported. cuMemEnable 1, ginSupport 0, globalNicFused 0
c2:54921:54921 [0] NCCL INFO TUNER/Plugin: Could not find: libnccl-tuner.so
c2:54921:54921 [0] NCCL INFO threadThresholds 8/8/64 | 64/8/64 | 512 | 512
c2:54921:54921 [0] NCCL INFO 2 coll channels, 2 collnet channels, 0 nvls channels, 2 p2p channels, 2 p2p channels per peer
c2:54921:54921 [0] NCCL INFO Symmetric memory is not supported. cuMemEnable 1, ginSupport 0, globalNicFused 0
c1:68428:68428 [0] NCCL INFO CC Off, workFifoBytes 1048576
c1:68428:68428 [0] NCCL INFO ncclCommInitRankConfig comm 0x5d9ec7b54800 rank 0 nranks 8 cudaDev 0 nvmlDev 0 busId d8000 commId 0xaa10455eee4bf71a - Init COMPLETE
c1:68428:68428 [0] NCCL INFO Init timings - ncclCommInitRankConfig: rank 0 nranks 8 total 0.45 (kernels 0.26, alloc 0.03, bootstrap 0.15, allgathers 0.01, topo 0.00, graphs 0.00, connections 0.00, rest 0.00)
c4:54528:54528 [0] NCCL INFO TUNER/Plugin: Could not find: libnccl-tuner.so
c4:54528:54528 [0] NCCL INFO threadThresholds 8/8/64 | 64/8/64 | 512 | 512
c4:54528:54528 [0] NCCL INFO 2 coll channels, 2 collnet channels, 0 nvls channels, 2 p2p channels, 2 p2p channels per peer
c4:54528:54528 [0] NCCL INFO Symmetric memory is not supported. cuMemEnable 1, ginSupport 0, globalNicFused 0
c8:56316:56316 [0] NCCL INFO TUNER/Plugin: Could not find: libnccl-tuner.so
c8:56316:56316 [0] NCCL INFO threadThresholds 8/8/64 | 64/8/64 | 512 | 512
c8:56316:56316 [0] NCCL INFO 2 coll channels, 2 collnet channels, 0 nvls channels, 2 p2p channels, 2 p2p channels per peer
c8:56316:56316 [0] NCCL INFO Symmetric memory is not supported. cuMemEnable 1, ginSupport 0, globalNicFused 0
c2:54921:54921 [0] NCCL INFO ncclCommInitRankConfig comm 0x596da4f547f0 rank 1 nranks 8 cudaDev 0 nvmlDev 0 busId b0000 commId 0xaa10455eee4bf71a - Init COMPLETE
c2:54921:54921 [0] NCCL INFO Init timings - ncclCommInitRankConfig: rank 1 nranks 8 total 0.45 (kernels 0.26, alloc 0.03, bootstrap 0.15, allgathers 0.01, topo 0.00, graphs 0.00, connections 0.00, rest 0.00)
c7:56547:56547 [0] NCCL INFO TUNER/Plugin: Could not find: libnccl-tuner.so
c7:56547:56547 [0] NCCL INFO threadThresholds 8/8/64 | 64/8/64 | 512 | 512
c7:56547:56547 [0] NCCL INFO 2 coll channels, 2 collnet channels, 0 nvls channels, 2 p2p channels, 2 p2p channels per peer
c7:56547:56547 [0] NCCL INFO Symmetric memory is not supported. cuMemEnable 1, ginSupport 0, globalNicFused 0
c6:56722:56722 [0] NCCL INFO TUNER/Plugin: Could not find: libnccl-tuner.so
c6:56722:56722 [0] NCCL INFO threadThresholds 8/8/64 | 64/8/64 | 512 | 512
c6:56722:56722 [0] NCCL INFO 2 coll channels, 2 collnet channels, 0 nvls channels, 2 p2p channels, 2 p2p channels per peer
c6:56722:56722 [0] NCCL INFO Symmetric memory is not supported. cuMemEnable 1, ginSupport 0, globalNicFused 0
c4:54528:54528 [0] NCCL INFO ncclCommInitRankConfig comm 0x62de719790c0 rank 3 nranks 8 cudaDev 0 nvmlDev 0 busId 1b0000 commId 0xaa10455eee4bf71a - Init COMPLETE
c4:54528:54528 [0] NCCL INFO Init timings - ncclCommInitRankConfig: rank 3 nranks 8 total 0.45 (kernels 0.26, alloc 0.03, bootstrap 0.15, allgathers 0.01, topo 0.00, graphs 0.00, connections 0.00, rest 0.00)
c3:54816:54816 [0] NCCL INFO ncclCommInitRankConfig comm 0x5a4165ebbe40 rank 2 nranks 8 cudaDev 0 nvmlDev 0 busId 1d8000 commId 0xaa10455eee4bf71a - Init COMPLETE
c3:54816:54816 [0] NCCL INFO Init timings - ncclCommInitRankConfig: rank 2 nranks 8 total 0.45 (kernels 0.27, alloc 0.02, bootstrap 0.14, allgathers 0.01, topo 0.00, graphs 0.00, connections 0.01, rest 0.00)
c5:57846:57846 [0] NCCL INFO TUNER/Plugin: Could not find: libnccl-tuner.so
c5:57846:57846 [0] NCCL INFO threadThresholds 8/8/64 | 64/8/64 | 512 | 512
c5:57846:57846 [0] NCCL INFO 2 coll channels, 2 collnet channels, 0 nvls channels, 2 p2p channels, 2 p2p channels per peer
c5:57846:57846 [0] NCCL INFO Symmetric memory is not supported. cuMemEnable 1, ginSupport 0, globalNicFused 0
c8:56316:56316 [0] NCCL INFO ncclCommInitRankConfig comm 0x56923c6b9e80 rank 7 nranks 8 cudaDev 0 nvmlDev 0 busId 1d9000 commId 0xaa10455eee4bf71a - Init COMPLETE
c8:56316:56316 [0] NCCL INFO Init timings - ncclCommInitRankConfig: rank 7 nranks 8 total 0.45 (kernels 0.38, alloc 0.04, bootstrap 0.01, allgathers 0.00, topo 0.01, graphs 0.00, connections 0.01, rest 0.00)
c6:56722:56722 [0] NCCL INFO ncclCommInitRankConfig comm 0x57b55c4302f0 rank 5 nranks 8 cudaDev 0 nvmlDev 0 busId d9000 commId 0xaa10455eee4bf71a - Init COMPLETE
c6:56722:56722 [0] NCCL INFO Init timings - ncclCommInitRankConfig: rank 5 nranks 8 total 0.45 (kernels 0.39, alloc 0.04, bootstrap 0.00, allgathers 0.00, topo 0.01, graphs 0.00, connections 0.01, rest 0.00)
c7:56547:56547 [0] NCCL INFO ncclCommInitRankConfig comm 0x639184e8dd90 rank 6 nranks 8 cudaDev 0 nvmlDev 0 busId 1b2000 commId 0xaa10455eee4bf71a - Init COMPLETE
c7:56547:56547 [0] NCCL INFO Init timings - ncclCommInitRankConfig: rank 6 nranks 8 total 0.45 (kernels 0.39, alloc 0.04, bootstrap 0.01, allgathers 0.00, topo 0.01, graphs 0.00, connections 0.01, rest 0.00)
c5:57846:57846 [0] NCCL INFO ncclCommInitRankConfig comm 0x635c6b86e640 rank 4 nranks 8 cudaDev 0 nvmlDev 0 busId b2000 commId 0xaa10455eee4bf71a - Init COMPLETE
c5:57846:57846 [0] NCCL INFO Init timings - ncclCommInitRankConfig: rank 4 nranks 8 total 0.45 (kernels 0.38, alloc 0.04, bootstrap 0.01, allgathers 0.00, topo 0.01, graphs 0.00, connections 0.01, rest 0.00)
#
#                                                              out-of-place                       in-place          
#       size         count      type   redop    root     time   algbw   busbw  #wrong     time   algbw   busbw  #wrong 
#        (B)    (elements)                               (us)  (GB/s)  (GB/s)             (us)  (GB/s)  (GB/s)         
c3:54816:54816 [0] NCCL INFO GPU Direct RDMA Enabled for GPU/0-1933312 (rank 2) - NET/0-0 (distance 4 <= 9, read 0, mode Default)
c7:56547:56547 [0] NCCL INFO GPU Direct RDMA Enabled for GPU/0-1777664 (rank 6) - NET/0-0 (distance 4 <= 9, read 0, mode Default)
c6:56722:56722 [0] NCCL INFO GPU Direct RDMA Enabled for GPU/0-888832 (rank 5) - NET/0-0 (distance 4 <= 9, read 0, mode Default)
c8:56316:56316 [0] NCCL INFO GPU Direct RDMA Enabled for GPU/0-1937408 (rank 7) - NET/0-0 (distance 4 <= 9, read 0, mode Default)
c2:54921:54921 [0] NCCL INFO GPU Direct RDMA Enabled for GPU/0-720896 (rank 1) - NET/0-0 (distance 4 <= 9, read 0, mode Default)
c4:54528:54528 [0] NCCL INFO GPU Direct RDMA Enabled for GPU/0-1769472 (rank 3) - NET/0-0 (distance 4 <= 9, read 0, mode Default)
c1:68428:68467 [0] NCCL INFO New proxy send connection 0 from local rank 0, transport 2
c1:68428:68469 [0] NCCL INFO [Proxy Progress] Device 0 CPU core 1
c1:68428:68428 [0] NCCL INFO Connected to proxy localRank 0 -> connection 0x785ce0000d20
c4:54528:54543 [0] NCCL INFO New proxy recv connection 0 from local rank 0, transport 2
c4:54528:54528 [0] NCCL INFO Connected to proxy localRank 0 -> connection 0x76de90000d20
c3:54816:54831 [0] NCCL INFO New proxy recv connection 0 from local rank 0, transport 2
c3:54816:54833 [0] NCCL INFO [Proxy Progress] Device 0 CPU core 32
c3:54816:54816 [0] NCCL INFO Connected to proxy localRank 0 -> connection 0x74f2d8000d20
c2:54921:54936 [0] NCCL INFO New proxy recv connection 0 from local rank 0, transport 2
c2:54921:54938 [0] NCCL INFO [Proxy Progress] Device 0 CPU core 16
c2:54921:54921 [0] NCCL INFO Connected to proxy localRank 0 -> connection 0x7d42fc000d20
c1:68428:68428 [0] NCCL INFO Channel 01/0 : 0[0] -> 1[0] [send] via NET/IB/0
c4:54528:54545 [0] NCCL INFO [Proxy Progress] Device 0 CPU core 48
c4:54528:54528 [0] NCCL INFO Channel 00/0 : 2[0] -> 3[0] [receive] via NET/IB/0/GDRDMA
c6:56722:56737 [0] NCCL INFO New proxy recv connection 0 from local rank 0, transport 2
c6:56722:56722 [0] NCCL INFO Connected to proxy localRank 0 -> connection 0x710a2c000d20
c7:56547:56562 [0] NCCL INFO New proxy recv connection 0 from local rank 0, transport 2
c7:56547:56547 [0] NCCL INFO Connected to proxy localRank 0 -> connection 0x75d88c000d20
c2:54921:54921 [0] NCCL INFO Channel 01/0 : 0[0] -> 1[0] [receive] via NET/IB/0/GDRDMA
c8:56316:56331 [0] NCCL INFO New proxy recv connection 0 from local rank 0, transport 2
c8:56316:56333 [0] NCCL INFO [Proxy Progress] Device 0 CPU core 96
c8:56316:56316 [0] NCCL INFO Connected to proxy localRank 0 -> connection 0x7c8210000d20
c6:56722:56739 [0] NCCL INFO [Proxy Progress] Device 0 CPU core 32
c6:56722:56722 [0] NCCL INFO Channel 01/0 : 4[0] -> 5[0] [receive] via NET/IB/0/GDRDMA
c7:56547:56564 [0] NCCL INFO [Proxy Progress] Device 0 CPU core 64
c7:56547:56547 [0] NCCL INFO Channel 00/0 : 5[0] -> 6[0] [receive] via NET/IB/0/GDRDMA
c7:56547:56547 [0] NCCL INFO GPU Direct RDMA Enabled for GPU/0-1777664 (rank 6) - NET/0-0 (distance 4 <= 9, read 0, mode Default)
c3:54816:54816 [0] NCCL INFO Channel 00/0 : 1[0] -> 2[0] [receive] via NET/IB/0/GDRDMA
c3:54816:54816 [0] NCCL INFO GPU Direct RDMA Enabled for GPU/0-1933312 (rank 2) - NET/0-0 (distance 4 <= 9, read 0, mode Default)
c5:57846:57861 [0] NCCL INFO New proxy send connection 0 from local rank 0, transport 2
c5:57846:57846 [0] NCCL INFO Connected to proxy localRank 0 -> connection 0x7acedc000d20
c2:54921:54936 [0] NCCL INFO New proxy send connection 1 from local rank 0, transport 2
c2:54921:54921 [0] NCCL INFO Connected to proxy localRank 0 -> connection 0x7d42fc000d98
c5:57846:57863 [0] NCCL INFO [Proxy Progress] Device 0 CPU core 1
c5:57846:57846 [0] NCCL INFO Channel 01/0 : 4[0] -> 5[0] [send] via NET/IB/0
c6:56722:56737 [0] NCCL INFO New proxy send connection 1 from local rank 0, transport 2
c6:56722:56722 [0] NCCL INFO Connected to proxy localRank 0 -> connection 0x710a2c000d98
c7:56547:56562 [0] NCCL INFO New proxy recv connection 1 from local rank 0, transport 2
c7:56547:56547 [0] NCCL INFO Connected to proxy localRank 0 -> connection 0x75d88c000d98
c3:54816:54831 [0] NCCL INFO New proxy recv connection 1 from local rank 0, transport 2
c3:54816:54816 [0] NCCL INFO Connected to proxy localRank 0 -> connection 0x74f2d8000d98
c8:56316:56316 [0] NCCL INFO Channel 00/0 : 6[0] -> 7[0] [receive] via NET/IB/0/GDRDMA
c2:54921:54921 [0] NCCL INFO Channel 00/0 : 1[0] -> 2[0] [send] via NET/IB/0
c6:56722:56722 [0] NCCL INFO Channel 00/0 : 5[0] -> 6[0] [send] via NET/IB/0
c7:56547:56547 [0] NCCL INFO Channel 01/0 : 5[0] -> 6[0] [receive] via NET/IB/0/GDRDMA
c3:54816:54816 [0] NCCL INFO Channel 01/0 : 1[0] -> 2[0] [receive] via NET/IB/0/GDRDMA
c2:54921:54936 [0] NCCL INFO New proxy send connection 2 from local rank 0, transport 2
c2:54921:54921 [0] NCCL INFO Connected to proxy localRank 0 -> connection 0x7d42fc000e10
c6:56722:56737 [0] NCCL INFO New proxy send connection 2 from local rank 0, transport 2
c6:56722:56722 [0] NCCL INFO Connected to proxy localRank 0 -> connection 0x710a2c000e10
c7:56547:56562 [0] NCCL INFO New proxy send connection 2 from local rank 0, transport 2
c7:56547:56547 [0] NCCL INFO Connected to proxy localRank 0 -> connection 0x75d88c000e10
c3:54816:54831 [0] NCCL INFO New proxy send connection 2 from local rank 0, transport 2
c3:54816:54816 [0] NCCL INFO Connected to proxy localRank 0 -> connection 0x74f2d8000e10
c1:68428:68428 [0] NCCL INFO GPU Direct RDMA Enabled for GPU/0-884736 (rank 0) - NET/0-0 (distance 4 <= 9, read 0, mode Default)
c2:54921:54921 [0] NCCL INFO Channel 01/0 : 1[0] -> 2[0] [send] via NET/IB/0
c6:56722:56722 [0] NCCL INFO Channel 01/0 : 5[0] -> 6[0] [send] via NET/IB/0
c7:56547:56547 [0] NCCL INFO Channel 00/0 : 6[0] -> 7[0] [send] via NET/IB/0
c3:54816:54816 [0] NCCL INFO Channel 00/0 : 2[0] -> 3[0] [send] via NET/IB/0
c5:57846:57846 [0] NCCL INFO GPU Direct RDMA Enabled for GPU/0-729088 (rank 4) - NET/0-0 (distance 4 <= 9, read 0, mode Default)
c8:56316:56316 [0] NCCL INFO GPU Direct RDMA Enabled for GPU/0-1937408 (rank 7) - NET/0-0 (distance 4 <= 9, read 0, mode Default)
c6:56722:56722 [0] NCCL INFO GPU Direct RDMA Enabled for GPU/0-888832 (rank 5) - NET/0-0 (distance 4 <= 9, read 0, mode Default)
c7:56547:56547 [0] NCCL INFO GPU Direct RDMA Enabled for GPU/0-1777664 (rank 6) - NET/0-0 (distance 4 <= 9, read 0, mode Default)
c4:54528:54528 [0] NCCL INFO GPU Direct RDMA Enabled for GPU/0-1769472 (rank 3) - NET/0-0 (distance 4 <= 9, read 0, mode Default)
c7:56547:56562 [0] NCCL INFO New proxy recv connection 3 from local rank 0, transport 2
c7:56547:56547 [0] NCCL INFO Connected to proxy localRank 0 -> connection 0x75d88c000e88
c4:54528:54543 [0] NCCL INFO New proxy recv connection 1 from local rank 0, transport 2
c4:54528:54528 [0] NCCL INFO Connected to proxy localRank 0 -> connection 0x76de90000d98
c6:56722:56737 [0] NCCL INFO New proxy recv connection 3 from local rank 0, transport 2
c6:56722:56722 [0] NCCL INFO Connected to proxy localRank 0 -> connection 0x710a2c000e88
c8:56316:56331 [0] NCCL INFO New proxy recv connection 1 from local rank 0, transport 2
c8:56316:56316 [0] NCCL INFO Connected to proxy localRank 0 -> connection 0x7c8210000d98
c1:68428:68467 [0] NCCL INFO New proxy recv connection 1 from local rank 0, transport 2
c1:68428:68428 [0] NCCL INFO Connected to proxy localRank 0 -> connection 0x785ce0000d98
c3:54816:54831 [0] NCCL INFO New proxy send connection 3 from local rank 0, transport 2
c3:54816:54816 [0] NCCL INFO Connected to proxy localRank 0 -> connection 0x74f2d8000e88
c2:54921:54936 [0] NCCL INFO New proxy send connection 3 from local rank 0, transport 2
c2:54921:54921 [0] NCCL INFO Connected to proxy localRank 0 -> connection 0x7d42fc000e88
c5:57846:57861 [0] NCCL INFO New proxy recv connection 1 from local rank 0, transport 2
c5:57846:57846 [0] NCCL INFO Connected to proxy localRank 0 -> connection 0x7acedc000d98
c7:56547:56547 [0] NCCL INFO Channel 00/0 : 4[0] -> 6[0] [receive] via NET/IB/0/GDRDMA
c6:56722:56722 [0] NCCL INFO Channel 01/0 : 3[0] -> 5[0] [receive] via NET/IB/0/GDRDMA
c8:56316:56316 [0] NCCL INFO Channel 01/0 : 3[0] -> 7[0] [receive] via NET/IB/0/GDRDMA
c1:68428:68428 [0] NCCL INFO Channel 00/0 : 4[0] -> 0[0] [receive] via NET/IB/0/GDRDMA
c3:54816:54816 [0] NCCL INFO Channel 00/0 : 2[0] -> 4[0] [send] via NET/IB/0
c2:54921:54921 [0] NCCL INFO Channel 01/0 : 1[0] -> 3[0] [send] via NET/IB/0
c4:54528:54528 [0] NCCL INFO Channel 01/0 : 1[0] -> 3[0] [receive] via NET/IB/0/GDRDMA
c5:57846:57846 [0] NCCL INFO Channel 00/0 : 2[0] -> 4[0] [receive] via NET/IB/0/GDRDMA
c1:68428:68467 [0] NCCL INFO New proxy send connection 2 from local rank 0, transport 2
c1:68428:68428 [0] NCCL INFO Connected to proxy localRank 0 -> connection 0x785ce0000e10
c8:56316:56331 [0] NCCL INFO New proxy send connection 2 from local rank 0, transport 2
c8:56316:56316 [0] NCCL INFO Connected to proxy localRank 0 -> connection 0x7c8210000e10
c4:54528:54543 [0] NCCL INFO New proxy send connection 2 from local rank 0, transport 2
c4:54528:54528 [0] NCCL INFO Connected to proxy localRank 0 -> connection 0x76de90000e10
c5:57846:57861 [0] NCCL INFO New proxy send connection 2 from local rank 0, transport 2
c5:57846:57846 [0] NCCL INFO Connected to proxy localRank 0 -> connection 0x7acedc000e10
c1:68428:68428 [0] NCCL INFO Channel 00/0 : 0[0] -> 4[0] [send] via NET/IB/0
c8:56316:56316 [0] NCCL INFO Channel 01/0 : 7[0] -> 3[0] [send] via NET/IB/0
c4:54528:54528 [0] NCCL INFO Channel 01/0 : 3[0] -> 5[0] [send] via NET/IB/0
c2:54921:54921 [0] NCCL INFO GPU Direct RDMA Enabled for GPU/0-720896 (rank 1) - NET/0-0 (distance 4 <= 9, read 0, mode Default)
c4:54528:54528 [0] NCCL INFO GPU Direct RDMA Enabled for GPU/0-1769472 (rank 3) - NET/0-0 (distance 4 <= 9, read 0, mode Default)
c5:57846:57846 [0] NCCL INFO Channel 00/0 : 4[0] -> 6[0] [send] via NET/IB/0
c3:54816:54816 [0] NCCL INFO GPU Direct RDMA Enabled for GPU/0-1933312 (rank 2) - NET/0-0 (distance 4 <= 9, read 0, mode Default)
c5:57846:57846 [0] NCCL INFO GPU Direct RDMA Enabled for GPU/0-729088 (rank 4) - NET/0-0 (distance 4 <= 9, read 0, mode Default)
c4:54528:54543 [0] NCCL INFO New proxy recv connection 3 from local rank 0, transport 2
c4:54528:54528 [0] NCCL INFO Connected to proxy localRank 0 -> connection 0x76de90000e88
c7:56547:56562 [0] NCCL INFO New proxy send connection 4 from local rank 0, transport 2
c7:56547:56547 [0] NCCL INFO Connected to proxy localRank 0 -> connection 0x75d88c000f00
c2:54921:54936 [0] NCCL INFO New proxy recv connection 4 from local rank 0, transport 2
c2:54921:54921 [0] NCCL INFO Connected to proxy localRank 0 -> connection 0x7d42fc000f00
c6:56722:56737 [0] NCCL INFO New proxy send connection 4 from local rank 0, transport 2
c6:56722:56722 [0] NCCL INFO Connected to proxy localRank 0 -> connection 0x710a2c000f00
c3:54816:54831 [0] NCCL INFO New proxy recv connection 4 from local rank 0, transport 2
c3:54816:54816 [0] NCCL INFO Connected to proxy localRank 0 -> connection 0x74f2d8000f00
c5:57846:57861 [0] NCCL INFO New proxy recv connection 3 from local rank 0, transport 2
c5:57846:57846 [0] NCCL INFO Connected to proxy localRank 0 -> connection 0x7acedc000e88
c4:54528:54528 [0] NCCL INFO Channel 01/0 : 7[0] -> 3[0] [receive] via NET/IB/0/GDRDMA
c2:54921:54921 [0] NCCL INFO Channel 01/0 : 3[0] -> 1[0] [receive] via NET/IB/0/GDRDMA
c3:54816:54816 [0] NCCL INFO Channel 00/0 : 4[0] -> 2[0] [receive] via NET/IB/0/GDRDMA
c5:57846:57846 [0] NCCL INFO Channel 00/0 : 0[0] -> 4[0] [receive] via NET/IB/0/GDRDMA
c7:56547:56547 [0] NCCL INFO Channel 00/0 : 6[0] -> 4[0] [send] via NET/IB/0
c6:56722:56722 [0] NCCL INFO Channel 01/0 : 5[0] -> 3[0] [send] via NET/IB/0
c4:54528:54543 [0] NCCL INFO New proxy send connection 4 from local rank 0, transport 2
c4:54528:54528 [0] NCCL INFO Connected to proxy localRank 0 -> connection 0x76de90000f00
c5:57846:57861 [0] NCCL INFO New proxy send connection 4 from local rank 0, transport 2
c5:57846:57846 [0] NCCL INFO Connected to proxy localRank 0 -> connection 0x7acedc000f00
c4:54528:54528 [0] NCCL INFO Channel 01/0 : 3[0] -> 7[0] [send] via NET/IB/0
c4:54528:54528 [0] NCCL INFO GPU Direct RDMA Enabled for GPU/0-1769472 (rank 3) - NET/0-0 (distance 4 <= 9, read 0, mode Default)
c5:57846:57846 [0] NCCL INFO Channel 00/0 : 4[0] -> 0[0] [send] via NET/IB/0
c1:68428:68428 [0] NCCL INFO GPU Direct RDMA Enabled for GPU/0-884736 (rank 0) - NET/0-0 (distance 4 <= 9, read 0, mode Default)
c5:57846:57846 [0] NCCL INFO GPU Direct RDMA Enabled for GPU/0-729088 (rank 4) - NET/0-0 (distance 4 <= 9, read 0, mode Default)
c8:56316:56331 [0] NCCL INFO New proxy send connection 3 from local rank 0, transport 2
c8:56316:56316 [0] NCCL INFO Connected to proxy localRank 0 -> connection 0x7c8210000e88
c4:54528:54543 [0] NCCL INFO New proxy recv connection 5 from local rank 0, transport 2
c4:54528:54528 [0] NCCL INFO Connected to proxy localRank 0 -> connection 0x76de90000f78
c5:57846:57861 [0] NCCL INFO New proxy recv connection 5 from local rank 0, transport 2
c5:57846:57846 [0] NCCL INFO Connected to proxy localRank 0 -> connection 0x7acedc000f78
c1:68428:68467 [0] NCCL INFO New proxy recv connection 3 from local rank 0, transport 2
c1:68428:68428 [0] NCCL INFO Connected to proxy localRank 0 -> connection 0x785ce0000e88
c8:56316:56316 [0] NCCL INFO Channel 00/0 : 7[0] -> 6[0] [send] via NET/IB/0
c4:54528:54528 [0] NCCL INFO Channel 01/0 : 5[0] -> 3[0] [receive] via NET/IB/0/GDRDMA
c5:57846:57846 [0] NCCL INFO Channel 00/0 : 6[0] -> 4[0] [receive] via NET/IB/0/GDRDMA
c1:68428:68428 [0] NCCL INFO Channel 01/0 : 1[0] -> 0[0] [receive] via NET/IB/0/GDRDMA
c4:54528:54543 [0] NCCL INFO New proxy send connection 6 from local rank 0, transport 2
c4:54528:54528 [0] NCCL INFO Connected to proxy localRank 0 -> connection 0x76de90000ff0
c5:57846:57861 [0] NCCL INFO New proxy send connection 6 from local rank 0, transport 2
c5:57846:57846 [0] NCCL INFO Connected to proxy localRank 0 -> connection 0x7acedc000ff0
c4:54528:54528 [0] NCCL INFO Channel 01/0 : 3[0] -> 1[0] [send] via NET/IB/0
c6:56722:56722 [0] NCCL INFO GPU Direct RDMA Enabled for GPU/0-888832 (rank 5) - NET/0-0 (distance 4 <= 9, read 0, mode Default)
c2:54921:54921 [0] NCCL INFO GPU Direct RDMA Enabled for GPU/0-720896 (rank 1) - NET/0-0 (distance 4 <= 9, read 0, mode Default)
c5:57846:57846 [0] NCCL INFO Channel 00/0 : 4[0] -> 2[0] [send] via NET/IB/0
c7:56547:56547 [0] NCCL INFO GPU Direct RDMA Enabled for GPU/0-1777664 (rank 6) - NET/0-0 (distance 4 <= 9, read 0, mode Default)
c5:57846:57846 [0] NCCL INFO GPU Direct RDMA Enabled for GPU/0-729088 (rank 4) - NET/0-0 (distance 4 <= 9, read 0, mode Default)
c3:54816:54816 [0] NCCL INFO GPU Direct RDMA Enabled for GPU/0-1933312 (rank 2) - NET/0-0 (distance 4 <= 9, read 0, mode Default)
c7:56547:56562 [0] NCCL INFO New proxy recv connection 5 from local rank 0, transport 2
c7:56547:56547 [0] NCCL INFO Connected to proxy localRank 0 -> connection 0x75d88c000f78
c4:54528:54543 [0] NCCL INFO New proxy send connection 7 from local rank 0, transport 2
c4:54528:54528 [0] NCCL INFO Connected to proxy localRank 0 -> connection 0x76de90001068
c2:54921:54936 [0] NCCL INFO New proxy recv connection 5 from local rank 0, transport 2
c2:54921:54921 [0] NCCL INFO Connected to proxy localRank 0 -> connection 0x7d42fc000f78
c3:54816:54831 [0] NCCL INFO New proxy recv connection 5 from local rank 0, transport 2
c3:54816:54816 [0] NCCL INFO Connected to proxy localRank 0 -> connection 0x74f2d8000f78
c5:57846:57861 [0] NCCL INFO New proxy recv connection 7 from local rank 0, transport 2
c5:57846:57846 [0] NCCL INFO Connected to proxy localRank 0 -> connection 0x7acedc001068
c6:56722:56737 [0] NCCL INFO New proxy recv connection 5 from local rank 0, transport 2
c6:56722:56722 [0] NCCL INFO Connected to proxy localRank 0 -> connection 0x710a2c000f78
c4:54528:54528 [0] NCCL INFO Channel 00/0 : 3[0] -> 2[0] [send] via NET/IB/0
c7:56547:56547 [0] NCCL INFO Channel 00/0 : 7[0] -> 6[0] [receive] via NET/IB/0/GDRDMA
c2:54921:54921 [0] NCCL INFO Channel 00/0 : 2[0] -> 1[0] [receive] via NET/IB/0/GDRDMA
c2:54921:54921 [0] NCCL INFO GPU Direct RDMA Enabled for GPU/0-720896 (rank 1) - NET/0-0 (distance 4 <= 9, read 0, mode Default)
c3:54816:54816 [0] NCCL INFO Channel 00/0 : 3[0] -> 2[0] [receive] via NET/IB/0/GDRDMA
c5:57846:57846 [0] NCCL INFO Channel 01/0 : 5[0] -> 4[0] [receive] via NET/IB/0/GDRDMA
c6:56722:56722 [0] NCCL INFO Channel 00/0 : 6[0] -> 5[0] [receive] via NET/IB/0/GDRDMA
c6:56722:56722 [0] NCCL INFO GPU Direct RDMA Enabled for GPU/0-888832 (rank 5) - NET/0-0 (distance 4 <= 9, read 0, mode Default)
c7:56547:56562 [0] NCCL INFO New proxy send connection 6 from local rank 0, transport 2
c7:56547:56547 [0] NCCL INFO Connected to proxy localRank 0 -> connection 0x75d88c000ff0
c2:54921:54936 [0] NCCL INFO New proxy recv connection 6 from local rank 0, transport 2
c2:54921:54921 [0] NCCL INFO Connected to proxy localRank 0 -> connection 0x7d42fc000ff0
c3:54816:54831 [0] NCCL INFO New proxy send connection 6 from local rank 0, transport 2
c3:54816:54816 [0] NCCL INFO Connected to proxy localRank 0 -> connection 0x74f2d8000ff0
c6:56722:56737 [0] NCCL INFO New proxy recv connection 6 from local rank 0, transport 2
c6:56722:56722 [0] NCCL INFO Connected to proxy localRank 0 -> connection 0x710a2c000ff0
c2:54921:54921 [0] NCCL INFO Channel 01/0 : 2[0] -> 1[0] [receive] via NET/IB/0/GDRDMA
c7:56547:56547 [0] NCCL INFO Channel 00/0 : 6[0] -> 5[0] [send] via NET/IB/0
c3:54816:54816 [0] NCCL INFO Channel 00/0 : 2[0] -> 1[0] [send] via NET/IB/0
c6:56722:56722 [0] NCCL INFO Channel 01/0 : 6[0] -> 5[0] [receive] via NET/IB/0/GDRDMA
c2:54921:54936 [0] NCCL INFO New proxy send connection 7 from local rank 0, transport 2
c2:54921:54921 [0] NCCL INFO Connected to proxy localRank 0 -> connection 0x7d42fc001068
c7:56547:56562 [0] NCCL INFO New proxy send connection 7 from local rank 0, transport 2
c7:56547:56547 [0] NCCL INFO Connected to proxy localRank 0 -> connection 0x75d88c001068
c3:54816:54831 [0] NCCL INFO New proxy send connection 7 from local rank 0, transport 2
c3:54816:54816 [0] NCCL INFO Connected to proxy localRank 0 -> connection 0x74f2d8001068
c6:56722:56737 [0] NCCL INFO New proxy send connection 7 from local rank 0, transport 2
c6:56722:56722 [0] NCCL INFO Connected to proxy localRank 0 -> connection 0x710a2c001068
c2:54921:54921 [0] NCCL INFO Channel 01/0 : 1[0] -> 0[0] [send] via NET/IB/0
c7:56547:56547 [0] NCCL INFO Channel 01/0 : 6[0] -> 5[0] [send] via NET/IB/0
c3:54816:54816 [0] NCCL INFO Channel 01/0 : 2[0] -> 1[0] [send] via NET/IB/0
c6:56722:56722 [0] NCCL INFO Channel 01/0 : 5[0] -> 4[0] [send] via NET/IB/0
c3:54816:54831 [0] NCCL INFO NET/IB: NCCL Dev 0 IbDev 0 Port 1 qpn 15849 mtu 5 GID 3 (0/301000AFFFF0000) ctsFifoRkey=0x17a665 ctsFifoLkey=0x17a665
c3:54816:54831 [0] NCCL INFO NET/IB: IbDev 0 Port 1 qpn 15849 query_ece={supported=1, vendor_id=0x15b3, options=0x30000002, comp_mask=0x0}
c4:54528:54543 [0] NCCL INFO NET/IB: NCCL Dev 0 IbDev 0 Port 1 qpn 15945 mtu 5 GID 3 (0/401000AFFFF0000) ctsFifoRkey=0x178340 ctsFifoLkey=0x178340
c4:54528:54543 [0] NCCL INFO NET/IB: IbDev 0 Port 1 qpn 15945 query_ece={supported=1, vendor_id=0x15b3, options=0x30000002, comp_mask=0x0}
c3:54816:54831 [0] NCCL INFO NET/IB: NCCL Dev 0 IbDev 0 Port 1 qpn 15850 mtu 5 GID 3 (0/301000AFFFF0000) ctsFifoRkey=0x17f1ae ctsFifoLkey=0x17f1ae
c3:54816:54831 [0] NCCL INFO NET/IB: IbDev 0 Port 1 qpn 15850 query_ece={supported=1, vendor_id=0x15b3, options=0x30000002, comp_mask=0x0}
c4:54528:54543 [0] NCCL INFO NET/IB: NCCL Dev 0 IbDev 0 Port 1 qpn 15946 mtu 5 GID 3 (0/401000AFFFF0000) ctsFifoRkey=0x17fbbb ctsFifoLkey=0x17fbbb
c4:54528:54543 [0] NCCL INFO NET/IB: IbDev 0 Port 1 qpn 15946 query_ece={supported=1, vendor_id=0x15b3, options=0x30000002, comp_mask=0x0}
c1:68428:68467 [0] NCCL INFO NET/IB: NCCL Dev 0 IbDev 0 Port 1 qpn 15909 mtu 5 GID 3 (0/101000AFFFF0000) ctsFifoRkey=0x1806c3 ctsFifoLkey=0x1806c3
c1:68428:68467 [0] NCCL INFO NET/IB: IbDev 0 Port 1 qpn 15909 query_ece={supported=1, vendor_id=0x15b3, options=0x30000002, comp_mask=0x0}
c2:54921:54936 [0] NCCL INFO NET/IB: NCCL Dev 0 IbDev 0 Port 1 qpn 15985 mtu 5 GID 3 (0/201000AFFFF0000) ctsFifoRkey=0x1801bf ctsFifoLkey=0x1801bf
c2:54921:54936 [0] NCCL INFO NET/IB: IbDev 0 Port 1 qpn 15985 query_ece={supported=1, vendor_id=0x15b3, options=0x30000002, comp_mask=0x0}
c6:56722:56737 [0] NCCL INFO NET/IB: NCCL Dev 0 IbDev 0 Port 1 qpn 15458 mtu 5 GID 3 (0/602000AFFFF0000) ctsFifoRkey=0x17f3af ctsFifoLkey=0x17f3af
c6:56722:56737 [0] NCCL INFO NET/IB: IbDev 0 Port 1 qpn 15458 query_ece={supported=1, vendor_id=0x15b3, options=0x30000002, comp_mask=0x0}
c5:57846:57861 [0] NCCL INFO NET/IB: NCCL Dev 0 IbDev 0 Port 1 qpn 15542 mtu 5 GID 3 (0/502000AFFFF0000) ctsFifoRkey=0x17e4a1 ctsFifoLkey=0x17e4a1
c5:57846:57861 [0] NCCL INFO NET/IB: IbDev 0 Port 1 qpn 15542 query_ece={supported=1, vendor_id=0x15b3, options=0x30000002, comp_mask=0x0}
c2:54921:54936 [0] NCCL INFO NET/IB: NCCL Dev 0 IbDev 0 Port 1 qpn 15986 mtu 5 GID 3 (0/201000AFFFF0000) ctsFifoRkey=0x17e19c ctsFifoLkey=0x17e19c
c2:54921:54936 [0] NCCL INFO NET/IB: IbDev 0 Port 1 qpn 15986 query_ece={supported=1, vendor_id=0x15b3, options=0x30000002, comp_mask=0x0}
c6:56722:56737 [0] NCCL INFO NET/IB: NCCL Dev 0 IbDev 0 Port 1 qpn 15459 mtu 5 GID 3 (0/602000AFFFF0000) ctsFifoRkey=0x17b674 ctsFifoLkey=0x17b674
c6:56722:56737 [0] NCCL INFO NET/IB: IbDev 0 Port 1 qpn 15459 query_ece={supported=1, vendor_id=0x15b3, options=0x30000002, comp_mask=0x0}
c5:57846:57861 [0] NCCL INFO NET/IB: NCCL Dev 0 IbDev 0 Port 1 qpn 15543 mtu 5 GID 3 (0/502000AFFFF0000) ctsFifoRkey=0x17a764 ctsFifoLkey=0x17a764
c5:57846:57861 [0] NCCL INFO NET/IB: IbDev 0 Port 1 qpn 15543 query_ece={supported=1, vendor_id=0x15b3, options=0x30000002, comp_mask=0x0}
c4:54528:54543 [0] NCCL INFO NET/IB: NCCL Dev 0 IbDev 0 Port 1 qpn 15949 mtu 5 GID 3 (0/401000AFFFF0000) ctsFifoRkey=0x17cd8a ctsFifoLkey=0x17cd8a
c4:54528:54543 [0] NCCL INFO NET/IB: IbDev 0 Port 1 qpn 15949 query_ece={supported=1, vendor_id=0x15b3, options=0x30000002, comp_mask=0x0}
c4:54528:54543 [0] NCCL INFO NET/IB: IbDev 0 Port 1 qpn 15945 set_ece={supported=1, vendor_id=0x15b3, options=0x30000002, comp_mask=0x0}
c8:56316:56331 [0] NCCL INFO NET/IB: NCCL Dev 0 IbDev 0 Port 1 qpn 15335 mtu 5 GID 3 (0/802000AFFFF0000) ctsFifoRkey=0x17e8a5 ctsFifoLkey=0x17e8a5
c8:56316:56331 [0] NCCL INFO NET/IB: IbDev 0 Port 1 qpn 15335 query_ece={supported=1, vendor_id=0x15b3, options=0x30000002, comp_mask=0x0}
c3:54816:54831 [0] NCCL INFO NET/IB: IbDev 0 Port 1 qpn 15849 set_ece={supported=1, vendor_id=0x15b3, options=0x30000002, comp_mask=0x0}
c1:68428:68467 [0] NCCL INFO NET/IB: IbDev 0 Port 1 qpn 15909 set_ece={supported=1, vendor_id=0x15b3, options=0x30000002, comp_mask=0x0}
c2:54921:54936 [0] NCCL INFO NET/IB: NCCL Dev 0 IbDev 0 Port 1 qpn 15989 mtu 5 GID 3 (0/201000AFFFF0000) ctsFifoRkey=0x17f5b3 ctsFifoLkey=0x17f5b3
c2:54921:54936 [0] NCCL INFO NET/IB: IbDev 0 Port 1 qpn 15989 query_ece={supported=1, vendor_id=0x15b3, options=0x30000002, comp_mask=0x0}
c8:56316:56331 [0] NCCL INFO NET/IB: NCCL Dev 0 IbDev 0 Port 1 qpn 15336 mtu 5 GID 3 (0/802000AFFFF0000) ctsFifoRkey=0x1807c4 ctsFifoLkey=0x1807c4
c8:56316:56331 [0] NCCL INFO NET/IB: IbDev 0 Port 1 qpn 15336 query_ece={supported=1, vendor_id=0x15b3, options=0x30000002, comp_mask=0x0}
c5:57846:57861 [0] NCCL INFO NET/IB: NCCL Dev 0 IbDev 0 Port 1 qpn 15546 mtu 5 GID 3 (0/502000AFFFF0000) ctsFifoRkey=0x17d795 ctsFifoLkey=0x17d795
c5:57846:57861 [0] NCCL INFO NET/IB: IbDev 0 Port 1 qpn 15546 query_ece={supported=1, vendor_id=0x15b3, options=0x30000002, comp_mask=0x0}
c5:57846:57861 [0] NCCL INFO NET/IB: IbDev 0 Port 1 qpn 15542 set_ece={supported=1, vendor_id=0x15b3, options=0x30000002, comp_mask=0x0}
c6:56722:56737 [0] NCCL INFO NET/IB: NCCL Dev 0 IbDev 0 Port 1 qpn 15464 mtu 5 GID 3 (0/602000AFFFF0000) ctsFifoRkey=0x180ac7 ctsFifoLkey=0x180ac7
c6:56722:56737 [0] NCCL INFO NET/IB: IbDev 0 Port 1 qpn 15464 query_ece={supported=1, vendor_id=0x15b3, options=0x30000002, comp_mask=0x0}
c6:56722:56737 [0] NCCL INFO NET/IB: IbDev 0 Port 1 qpn 15458 set_ece={supported=1, vendor_id=0x15b3, options=0x30000002, comp_mask=0x0}
c2:54921:54936 [0] NCCL INFO NET/IB: NCCL Dev 0 IbDev 0 Port 1 qpn 15992 mtu 5 GID 3 (0/201000AFFFF0000) ctsFifoRkey=0x17eaa8 ctsFifoLkey=0x17eaa8
c2:54921:54936 [0] NCCL INFO NET/IB: IbDev 0 Port 1 qpn 15992 query_ece={supported=1, vendor_id=0x15b3, options=0x30000002, comp_mask=0x0}
c2:54921:54936 [0] NCCL INFO NET/IB: IbDev 0 Port 1 qpn 15985 set_ece={supported=1, vendor_id=0x15b3, options=0x30000002, comp_mask=0x0}
c3:54816:54831 [0] NCCL INFO NET/IB: IbDev 0 Port 1 qpn 15850 set_ece={supported=1, vendor_id=0x15b3, options=0x30000002, comp_mask=0x0}
c4:54528:54543 [0] NCCL INFO NET/IB: IbDev 0 Port 1 qpn 15946 set_ece={supported=1, vendor_id=0x15b3, options=0x30000002, comp_mask=0x0}
c8:56316:56331 [0] NCCL INFO NET/IB: IbDev 0 Port 1 qpn 15336 set_ece={supported=1, vendor_id=0x15b3, options=0x30000002, comp_mask=0x0}
c1:68428:68467 [0] NCCL INFO NET/IB: NCCL Dev 0 IbDev 0 Port 1 qpn 15910 mtu 5 GID 3 (0/101000AFFFF0000) ctsFifoRkey=0x178f4c ctsFifoLkey=0x178f4c
c1:68428:68467 [0] NCCL INFO NET/IB: IbDev 0 Port 1 qpn 15910 query_ece={supported=1, vendor_id=0x15b3, options=0x30000002, comp_mask=0x0}
c7:56547:56562 [0] NCCL INFO NET/IB: NCCL Dev 0 IbDev 0 Port 1 qpn 15431 mtu 5 GID 3 (0/702000AFFFF0000) ctsFifoRkey=0x17ca87 ctsFifoLkey=0x17ca87
c7:56547:56562 [0] NCCL INFO NET/IB: IbDev 0 Port 1 qpn 15431 query_ece={supported=1, vendor_id=0x15b3, options=0x30000002, comp_mask=0x0}
c5:57846:57861 [0] NCCL INFO NET/IB: IbDev 0 Port 1 qpn 15543 set_ece={supported=1, vendor_id=0x15b3, options=0x30000002, comp_mask=0x0}
c2:54921:54936 [0] NCCL INFO NET/IB: IbDev 0 Port 1 qpn 15986 set_ece={supported=1, vendor_id=0x15b3, options=0x30000002, comp_mask=0x0}
c6:56722:56737 [0] NCCL INFO NET/IB: IbDev 0 Port 1 qpn 15459 set_ece={supported=1, vendor_id=0x15b3, options=0x30000002, comp_mask=0x0}
c7:56547:56562 [0] NCCL INFO NET/IB: NCCL Dev 0 IbDev 0 Port 1 qpn 15434 mtu 5 GID 3 (0/702000AFFFF0000) ctsFifoRkey=0x17feba ctsFifoLkey=0x17feba
c7:56547:56562 [0] NCCL INFO NET/IB: IbDev 0 Port 1 qpn 15434 query_ece={supported=1, vendor_id=0x15b3, options=0x30000002, comp_mask=0x0}
c7:56547:56562 [0] NCCL INFO NET/IB: NCCL Dev 0 IbDev 0 Port 1 qpn 15435 mtu 5 GID 3 (0/702000AFFFF0000) ctsFifoRkey=0x17f0ad ctsFifoLkey=0x17f0ad
c7:56547:56562 [0] NCCL INFO NET/IB: IbDev 0 Port 1 qpn 15435 query_ece={supported=1, vendor_id=0x15b3, options=0x30000002, comp_mask=0x0}
c3:54816:54831 [0] NCCL INFO NET/IB: NCCL Dev 0 IbDev 0 Port 1 qpn 15855 mtu 5 GID 3 (0/301000AFFFF0000) ctsFifoRkey=0x1809c6 ctsFifoLkey=0x1809c6
c3:54816:54831 [0] NCCL INFO NET/IB: IbDev 0 Port 1 qpn 15855 query_ece={supported=1, vendor_id=0x15b3, options=0x30000002, comp_mask=0x0}
c8:56316:56331 [0] NCCL INFO NET/IB: IbDev 0 Port 1 qpn 15335 set_ece={supported=1, vendor_id=0x15b3, options=0x30000002, comp_mask=0x0}
c4:54528:54543 [0] NCCL INFO NET/IB: NCCL Dev 0 IbDev 0 Port 1 qpn 15954 mtu 5 GID 3 (0/401000AFFFF0000) ctsFifoRkey=0x17d896 ctsFifoLkey=0x17d896
c4:54528:54543 [0] NCCL INFO NET/IB: IbDev 0 Port 1 qpn 15954 query_ece={supported=1, vendor_id=0x15b3, options=0x30000002, comp_mask=0x0}
c4:54528:54543 [0] NCCL INFO NET/IB: IbDev 0 Port 1 qpn 15949 set_ece={supported=1, vendor_id=0x15b3, options=0x30000002, comp_mask=0x0}
c5:57846:57861 [0] NCCL INFO NET/IB: IbDev 0 Port 1 qpn 15546 set_ece={supported=1, vendor_id=0x15b3, options=0x30000002, comp_mask=0x0}
c6:56722:56737 [0] NCCL INFO NET/IB: IbDev 0 Port 1 qpn 15464 set_ece={supported=1, vendor_id=0x15b3, options=0x30000002, comp_mask=0x0}
c2:54921:54936 [0] NCCL INFO NET/IB: IbDev 0 Port 1 qpn 15992 set_ece={supported=1, vendor_id=0x15b3, options=0x30000002, comp_mask=0x0}
c3:54816:54831 [0] NCCL INFO NET/IB: IbDev 0 Port 1 qpn 15855 set_ece={supported=1, vendor_id=0x15b3, options=0x30000002, comp_mask=0x0}
c7:56547:56562 [0] NCCL INFO NET/IB: IbDev 0 Port 1 qpn 15435 set_ece={supported=1, vendor_id=0x15b3, options=0x30000002, comp_mask=0x0}
c4:54528:54543 [0] NCCL INFO NET/IB: IbDev 0 Port 1 qpn 15954 set_ece={supported=1, vendor_id=0x15b3, options=0x30000002, comp_mask=0x0}
c1:68428:68467 [0] NCCL INFO NET/IB: IbDev 0 Port 1 qpn 15910 set_ece={supported=1, vendor_id=0x15b3, options=0x30000002, comp_mask=0x0}
c2:54921:54936 [0] NCCL INFO NET/IB: IbDev 0 Port 1 qpn 15989 set_ece={supported=1, vendor_id=0x15b3, options=0x30000002, comp_mask=0x0}
c3:54816:54831 [0] NCCL INFO NET/IB: NCCL Dev 0 IbDev 0 Port 1 qpn 15858 mtu 5 GID 3 (0/301000AFFFF0000) ctsFifoRkey=0x1800bd ctsFifoLkey=0x1800bd
c3:54816:54831 [0] NCCL INFO NET/IB: IbDev 0 Port 1 qpn 15858 query_ece={supported=1, vendor_id=0x15b3, options=0x30000002, comp_mask=0x0}
c6:56722:56737 [0] NCCL INFO NET/IB: NCCL Dev 0 IbDev 0 Port 1 qpn 15469 mtu 5 GID 3 (0/602000AFFFF0000) ctsFifoRkey=0x17ce8b ctsFifoLkey=0x17ce8b
c6:56722:56737 [0] NCCL INFO NET/IB: IbDev 0 Port 1 qpn 15469 query_ece={supported=1, vendor_id=0x15b3, options=0x30000002, comp_mask=0x0}
c7:56547:56562 [0] NCCL INFO NET/IB: NCCL Dev 0 IbDev 0 Port 1 qpn 15436 mtu 5 GID 3 (0/702000AFFFF0000) ctsFifoRkey=0x1809c6 ctsFifoLkey=0x1809c6
c7:56547:56562 [0] NCCL INFO NET/IB: IbDev 0 Port 1 qpn 15436 query_ece={supported=1, vendor_id=0x15b3, options=0x30000002, comp_mask=0x0}
c7:56547:56562 [0] NCCL INFO NET/IB: IbDev 0 Port 1 qpn 15431 set_ece={supported=1, vendor_id=0x15b3, options=0x30000002, comp_mask=0x0}
c5:57846:57861 [0] NCCL INFO NET/IB: NCCL Dev 0 IbDev 0 Port 1 qpn 15549 mtu 5 GID 3 (0/502000AFFFF0000) ctsFifoRkey=0x1806c4 ctsFifoLkey=0x1806c4
c5:57846:57861 [0] NCCL INFO NET/IB: IbDev 0 Port 1 qpn 15549 query_ece={supported=1, vendor_id=0x15b3, options=0x30000002, comp_mask=0x0}
c5:57846:57861 [0] NCCL INFO NET/IB: IbDev 0 Port 1 qpn 15549 set_ece={supported=1, vendor_id=0x15b3, options=0x30000002, comp_mask=0x0}
c6:56722:56737 [0] NCCL INFO NET/IB: IbDev 0 Port 1 qpn 15469 set_ece={supported=1, vendor_id=0x15b3, options=0x30000002, comp_mask=0x0}
c7:56547:56562 [0] NCCL INFO NET/IB: IbDev 0 Port 1 qpn 15434 set_ece={supported=1, vendor_id=0x15b3, options=0x30000002, comp_mask=0x0}
c3:54816:54831 [0] NCCL INFO NET/IB: IbDev 0 Port 1 qpn 15858 set_ece={supported=1, vendor_id=0x15b3, options=0x30000002, comp_mask=0x0}
c7:56547:56562 [0] NCCL INFO NET/IB: IbDev 0 Port 1 qpn 15436 set_ece={supported=1, vendor_id=0x15b3, options=0x30000002, comp_mask=0x0}
c1:68428:68428 [0] NCCL INFO Connected all trees
c4:54528:54528 [0] NCCL INFO Connected all trees
c2:54921:54921 [0] NCCL INFO Connected all trees
c3:54816:54816 [0] NCCL INFO Connected all trees
c5:57846:57846 [0] NCCL INFO Connected all trees
c8:56316:56316 [0] NCCL INFO Connected all trees
c6:56722:56722 [0] NCCL INFO Connected all trees
c7:56547:56547 [0] NCCL INFO Connected all trees
c1:68428:68428 [0] NCCL INFO GPU Direct RDMA Enabled for GPU/0-884736 (rank 0) - NET/0-0 (distance 4 <= 9, read 0, mode Default)
c4:54528:54528 [0] NCCL INFO GPU Direct RDMA Enabled for GPU/0-1769472 (rank 3) - NET/0-0 (distance 4 <= 9, read 0, mode Default)
c2:54921:54921 [0] NCCL INFO GPU Direct RDMA Enabled for GPU/0-720896 (rank 1) - NET/0-0 (distance 4 <= 9, read 0, mode Default)
c5:57846:57846 [0] NCCL INFO GPU Direct RDMA Enabled for GPU/0-729088 (rank 4) - NET/0-0 (distance 4 <= 9, read 0, mode Default)
c6:56722:56722 [0] NCCL INFO GPU Direct RDMA Enabled for GPU/0-888832 (rank 5) - NET/0-0 (distance 4 <= 9, read 0, mode Default)
c8:56316:56316 [0] NCCL INFO GPU Direct RDMA Enabled for GPU/0-1937408 (rank 7) - NET/0-0 (distance 4 <= 9, read 0, mode Default)
c3:54816:54831 [0] NCCL INFO New proxy send connection 8 from local rank 0, transport 2
c3:54816:54816 [0] NCCL INFO Connected to proxy localRank 0 -> connection 0x74f2d80010e0
c3:54816:54816 [0] NCCL INFO Channel 01/0 : 2[0] -> 3[0] [send] via NET/IB/0
c5:57846:57861 [0] NCCL INFO New proxy recv connection 8 from local rank 0, transport 2
c5:57846:57846 [0] NCCL INFO Connected to proxy localRank 0 -> connection 0x7acedc0010e0
c1:68428:68467 [0] NCCL INFO New proxy recv connection 4 from local rank 0, transport 2
c1:68428:68428 [0] NCCL INFO Connected to proxy localRank 0 -> connection 0x785ce0000f00
c4:54528:54543 [0] NCCL INFO New proxy recv connection 8 from local rank 0, transport 2
c4:54528:54528 [0] NCCL INFO Connected to proxy localRank 0 -> connection 0x76de900010e0
c2:54921:54936 [0] NCCL INFO New proxy recv connection 8 from local rank 0, transport 2
c2:54921:54921 [0] NCCL INFO Connected to proxy localRank 0 -> connection 0x7d42fc0010e0
c7:56547:56562 [0] NCCL INFO New proxy send connection 8 from local rank 0, transport 2
c7:56547:56547 [0] NCCL INFO Connected to proxy localRank 0 -> connection 0x75d88c0010e0
c6:56722:56737 [0] NCCL INFO New proxy recv connection 8 from local rank 0, transport 2
c6:56722:56722 [0] NCCL INFO Connected to proxy localRank 0 -> connection 0x710a2c0010e0
c4:54528:54528 [0] NCCL INFO Channel 01/0 : 2[0] -> 3[0] [receive] via NET/IB/0/GDRDMA
c8:56316:56331 [0] NCCL INFO New proxy recv connection 4 from local rank 0, transport 2
c8:56316:56316 [0] NCCL INFO Connected to proxy localRank 0 -> connection 0x7c8210000f00
c8:56316:56316 [0] NCCL INFO Channel 01/0 : 6[0] -> 7[0] [receive] via NET/IB/0/GDRDMA
c8:56316:56331 [0] NCCL INFO New proxy send connection 5 from local rank 0, transport 2
c8:56316:56316 [0] NCCL INFO Connected to proxy localRank 0 -> connection 0x7c8210000f78
c8:56316:56316 [0] NCCL INFO Channel 00/0 : 7[0] -> 0[0] [send] via NET/IB/0
c8:56316:56331 [0] NCCL INFO New proxy send connection 6 from local rank 0, transport 2
c8:56316:56316 [0] NCCL INFO Connected to proxy localRank 0 -> connection 0x7c8210000ff0
c8:56316:56316 [0] NCCL INFO Channel 01/0 : 7[0] -> 0[0] [send] via NET/IB/0
c2:54921:54921 [0] NCCL INFO Channel 00/0 : 0[0] -> 1[0] [receive] via NET/IB/0/GDRDMA
c1:68428:68428 [0] NCCL INFO Channel 00/0 : 7[0] -> 0[0] [receive] via NET/IB/0/GDRDMA
c1:68428:68428 [0] NCCL INFO GPU Direct RDMA Enabled for GPU/0-884736 (rank 0) - NET/0-0 (distance 4 <= 9, read 0, mode Default)
c7:56547:56547 [0] NCCL INFO Channel 01/0 : 6[0] -> 7[0] [send] via NET/IB/0
c1:68428:68467 [0] NCCL INFO New proxy recv connection 5 from local rank 0, transport 2
c1:68428:68428 [0] NCCL INFO Connected to proxy localRank 0 -> connection 0x785ce0000f78
c5:57846:57846 [0] NCCL INFO Channel 00/0 : 3[0] -> 4[0] [receive] via NET/IB/0/GDRDMA
c5:57846:57846 [0] NCCL INFO GPU Direct RDMA Enabled for GPU/0-729088 (rank 4) - NET/0-0 (distance 4 <= 9, read 0, mode Default)
c5:57846:57861 [0] NCCL INFO New proxy recv connection 9 from local rank 0, transport 2
c5:57846:57846 [0] NCCL INFO Connected to proxy localRank 0 -> connection 0x7acedc001158
c4:54528:54543 [0] NCCL INFO New proxy send connection 9 from local rank 0, transport 2
c4:54528:54528 [0] NCCL INFO Connected to proxy localRank 0 -> connection 0x76de90001158
c4:54528:54528 [0] NCCL INFO Channel 00/0 : 3[0] -> 4[0] [send] via NET/IB/0
c4:54528:54543 [0] NCCL INFO New proxy send connection 10 from local rank 0, transport 2
c4:54528:54528 [0] NCCL INFO Connected to proxy localRank 0 -> connection 0x76de900011d0
c6:56722:56722 [0] NCCL INFO Channel 00/0 : 4[0] -> 5[0] [receive] via NET/IB/0/GDRDMA
c4:54528:54528 [0] NCCL INFO Channel 01/0 : 3[0] -> 4[0] [send] via NET/IB/0
c5:57846:57846 [0] NCCL INFO Channel 01/0 : 3[0] -> 4[0] [receive] via NET/IB/0/GDRDMA
c5:57846:57861 [0] NCCL INFO New proxy send connection 10 from local rank 0, transport 2
c5:57846:57846 [0] NCCL INFO Connected to proxy localRank 0 -> connection 0x7acedc0011d0
c5:57846:57846 [0] NCCL INFO Channel 00/0 : 4[0] -> 5[0] [send] via NET/IB/0
c4:54528:54543 [0] NCCL INFO NET/IB: NCCL Dev 0 IbDev 0 Port 1 qpn 15957 mtu 5 GID 3 (0/401000AFFFF0000) ctsFifoRkey=0x17b471 ctsFifoLkey=0x17b471
c4:54528:54543 [0] NCCL INFO NET/IB: IbDev 0 Port 1 qpn 15957 query_ece={supported=1, vendor_id=0x15b3, options=0x30000002, comp_mask=0x0}
c4:54528:54543 [0] NCCL INFO NET/IB: NCCL Dev 0 IbDev 0 Port 1 qpn 15958 mtu 5 GID 3 (0/401000AFFFF0000) ctsFifoRkey=0x17a864 ctsFifoLkey=0x17a864
c4:54528:54543 [0] NCCL INFO NET/IB: IbDev 0 Port 1 qpn 15958 query_ece={supported=1, vendor_id=0x15b3, options=0x30000002, comp_mask=0x0}
c3:54816:54831 [0] NCCL INFO NET/IB: NCCL Dev 0 IbDev 0 Port 1 qpn 15861 mtu 5 GID 3 (0/301000AFFFF0000) ctsFifoRkey=0x17fdba ctsFifoLkey=0x17fdba
c3:54816:54831 [0] NCCL INFO NET/IB: IbDev 0 Port 1 qpn 15861 query_ece={supported=1, vendor_id=0x15b3, options=0x30000002, comp_mask=0x0}
c5:57846:57861 [0] NCCL INFO NET/IB: NCCL Dev 0 IbDev 0 Port 1 qpn 15556 mtu 5 GID 3 (0/502000AFFFF0000) ctsFifoRkey=0x17fcb9 ctsFifoLkey=0x17fcb9
c5:57846:57861 [0] NCCL INFO NET/IB: IbDev 0 Port 1 qpn 15556 query_ece={supported=1, vendor_id=0x15b3, options=0x30000002, comp_mask=0x0}
c4:54528:54543 [0] NCCL INFO NET/IB: IbDev 0 Port 1 qpn 15958 set_ece={supported=1, vendor_id=0x15b3, options=0x30000002, comp_mask=0x0}
c3:54816:54831 [0] NCCL INFO NET/IB: IbDev 0 Port 1 qpn 15861 set_ece={supported=1, vendor_id=0x15b3, options=0x30000002, comp_mask=0x0}
c5:57846:57861 [0] NCCL INFO NET/IB: IbDev 0 Port 1 qpn 15556 set_ece={supported=1, vendor_id=0x15b3, options=0x30000002, comp_mask=0x0}
c4:54528:54543 [0] NCCL INFO NET/IB: IbDev 0 Port 1 qpn 15957 set_ece={supported=1, vendor_id=0x15b3, options=0x30000002, comp_mask=0x0}
c1:68428:68428 [0] NCCL INFO Channel 01/0 : 7[0] -> 0[0] [receive] via NET/IB/0/GDRDMA
c1:68428:68467 [0] NCCL INFO New proxy send connection 6 from local rank 0, transport 2
c1:68428:68428 [0] NCCL INFO Connected to proxy localRank 0 -> connection 0x785ce0000ff0
c1:68428:68428 [0] NCCL INFO Channel 00/0 : 0[0] -> 1[0] [send] via NET/IB/0
c7:56547:56562 [0] NCCL INFO NET/IB: NCCL Dev 0 IbDev 0 Port 1 qpn 15437 mtu 5 GID 3 (0/702000AFFFF0000) ctsFifoRkey=0x1829e6 ctsFifoLkey=0x1829e6
c7:56547:56562 [0] NCCL INFO NET/IB: IbDev 0 Port 1 qpn 15437 query_ece={supported=1, vendor_id=0x15b3, options=0x30000002, comp_mask=0x0}
c1:68428:68467 [0] NCCL INFO NET/IB: NCCL Dev 0 IbDev 0 Port 1 qpn 15915 mtu 5 GID 3 (0/101000AFFFF0000) ctsFifoRkey=0x17d895 ctsFifoLkey=0x17d895
c1:68428:68467 [0] NCCL INFO NET/IB: IbDev 0 Port 1 qpn 15915 query_ece={supported=1, vendor_id=0x15b3, options=0x30000002, comp_mask=0x0}
c8:56316:56331 [0] NCCL INFO NET/IB: NCCL Dev 0 IbDev 0 Port 1 qpn 15339 mtu 5 GID 3 (0/802000AFFFF0000) ctsFifoRkey=0x17d18f ctsFifoLkey=0x17d18f
c8:56316:56331 [0] NCCL INFO NET/IB: IbDev 0 Port 1 qpn 15339 query_ece={supported=1, vendor_id=0x15b3, options=0x30000002, comp_mask=0x0}
c8:56316:56331 [0] NCCL INFO NET/IB: NCCL Dev 0 IbDev 0 Port 1 qpn 15340 mtu 5 GID 3 (0/802000AFFFF0000) ctsFifoRkey=0x17ae6b ctsFifoLkey=0x17ae6b
c8:56316:56331 [0] NCCL INFO NET/IB: IbDev 0 Port 1 qpn 15340 query_ece={supported=1, vendor_id=0x15b3, options=0x30000002, comp_mask=0x0}
c8:56316:56331 [0] NCCL INFO NET/IB: IbDev 0 Port 1 qpn 15339 set_ece={supported=1, vendor_id=0x15b3, options=0x30000002, comp_mask=0x0}
c7:56547:56562 [0] NCCL INFO NET/IB: IbDev 0 Port 1 qpn 15437 set_ece={supported=1, vendor_id=0x15b3, options=0x30000002, comp_mask=0x0}
c1:68428:68467 [0] NCCL INFO NET/IB: IbDev 0 Port 1 qpn 15915 set_ece={supported=1, vendor_id=0x15b3, options=0x30000002, comp_mask=0x0}
c8:56316:56331 [0] NCCL INFO NET/IB: IbDev 0 Port 1 qpn 15340 set_ece={supported=1, vendor_id=0x15b3, options=0x30000002, comp_mask=0x0}
c1:68428:68428 [0] NCCL INFO Connected all rings, use ring PXN 0 GDR 0
c2:54921:54921 [0] NCCL INFO Connected all rings, use ring PXN 0 GDR 0
c4:54528:54528 [0] NCCL INFO Connected all rings, use ring PXN 0 GDR 0
c3:54816:54816 [0] NCCL INFO Connected all rings, use ring PXN 0 GDR 0
c6:56722:56722 [0] NCCL INFO Connected all rings, use ring PXN 0 GDR 0
c5:57846:57846 [0] NCCL INFO Connected all rings, use ring PXN 0 GDR 0
c7:56547:56547 [0] NCCL INFO Connected all rings, use ring PXN 0 GDR 0
c8:56316:56316 [0] NCCL INFO Connected all rings, use ring PXN 0 GDR 0
        8192          2048     float     sum      -1   156.76    0.05    0.09       0   155.79    0.05    0.09       0
       16384          4096     float     sum      -1   148.86    0.11    0.19       0   126.35    0.13    0.23       0
       32768          8192     float     sum      -1   135.19    0.24    0.42       0   139.12    0.24    0.41       0
       65536         16384     float     sum      -1   142.06    0.46    0.81       0   131.80    0.50    0.87       0
      131072         32768     float     sum      -1   139.63    0.94    1.64       0   145.96    0.90    1.57       0
      262144         65536     float     sum      -1   693.50    0.38    0.66       0   275.35    0.95    1.67       0
      524288        131072     float     sum      -1   498.36    1.05    1.84       0   435.54    1.20    2.11       0
     1048576        262144     float     sum      -1   415.43    2.52    4.42       0   428.80    2.45    4.28       0
     2097152        524288     float     sum      -1   760.43    2.76    4.83       0   738.37    2.84    4.97       0
     4194304       1048576     float     sum      -1  1145.52    3.66    6.41       0  1171.41    3.58    6.27       0
     8388608       2097152     float     sum      -1  2200.32    3.81    6.67       0  2195.24    3.82    6.69       0
    16777216       4194304     float     sum      -1  4495.10    3.73    6.53       0  4431.56    3.79    6.63       0
    33554432       8388608     float     sum      -1  7720.48    4.35    7.61       0  7485.88    4.48    7.84       0
    67108864      16777216     float     sum      -1  15286.7    4.39    7.68       0  14795.0    4.54    7.94       0
   134217728      33554432     float     sum      -1  30470.2    4.40    7.71       0  31302.5    4.29    7.50       0
   268435456      67108864     float     sum      -1  60468.7    4.44    7.77       0  59114.0    4.54    7.95       0
   536870912     134217728     float     sum      -1   122518    4.38    7.67       0   119441    4.49    7.87       0
  1073741824     268435456     float     sum      -1   237271    4.53    7.92       0   236999    4.53    7.93       0
c7:56547:56547 [0] NCCL INFO comm 0x639184e8dd90 rank 6 nranks 8 cudaDev 0 busId 1b2000 - Destroy COMPLETE
c6:56722:56722 [0] NCCL INFO comm 0x57b55c4302f0 rank 5 nranks 8 cudaDev 0 busId d9000 - Destroy COMPLETE
c8:56316:56316 [0] NCCL INFO comm 0x56923c6b9e80 rank 7 nranks 8 cudaDev 0 busId 1d9000 - Destroy COMPLETE
c5:57846:57846 [0] NCCL INFO comm 0x635c6b86e640 rank 4 nranks 8 cudaDev 0 busId b2000 - Destroy COMPLETE
c1:68428:68428 [0] NCCL INFO comm 0x5d9ec7b54800 rank 0 nranks 8 cudaDev 0 busId d8000 - Destroy COMPLETE
# Out of bounds values : 0 OK
# Avg bus bandwidth    : 4.54637 
#
# Collective test concluded: all_reduce_perf
#
c3:54816:54816 [0] NCCL INFO comm 0x5a4165ebbe40 rank 2 nranks 8 cudaDev 0 busId 1d8000 - Destroy COMPLETE
c2:54921:54921 [0] NCCL INFO comm 0x596da4f547f0 rank 1 nranks 8 cudaDev 0 busId b0000 - Destroy COMPLETE
c4:54528:54528 [0] NCCL INFO comm 0x62de719790c0 rank 3 nranks 8 cudaDev 0 busId 1b0000 - Destroy COMPLETE

c8:56316:56316 [0] NCCL INFO ENV/Plugin: Closing env plugin ncclEnvDefault
c2:54921:54921 [0] NCCL INFO ENV/Plugin: Closing env plugin ncclEnvDefault
c5:57846:57846 [0] NCCL INFO ENV/Plugin: Closing env plugin ncclEnvDefault
c7:56547:56547 [0] NCCL INFO ENV/Plugin: Closing env plugin ncclEnvDefault
c6:56722:56722 [0] NCCL INFO ENV/Plugin: Closing env plugin ncclEnvDefault
c4:54528:54528 [0] NCCL INFO ENV/Plugin: Closing env plugin ncclEnvDefault
c1:68428:68428 [0] NCCL INFO ENV/Plugin: Closing env plugin ncclEnvDefault
c3:54816:54816 [0] NCCL INFO ENV/Plugin: Closing env plugin ncclEnvDefault
